#
# There is insufficient memory for the Java Runtime Environment to continue.
# Native memory allocation (malloc) failed to allocate 1048576 bytes. Error detail: AllocateHeap
# Possible reasons:
#   The system is out of physical RAM or swap space
#   This process is running with CompressedOops enabled, and the Java Heap may be blocking the growth of the native heap
# Possible solutions:
#   Reduce memory load on the system
#   Increase physical memory or swap space
#   Check if swap backing store is full
#   Decrease Java heap size (-Xmx/-Xms)
#   Decrease number of Java threads
#   Decrease Java thread stack sizes (-Xss)
#   Set larger code cache with -XX:ReservedCodeCacheSize=
#   JVM is running with Unscaled Compressed Oops mode in which the Java heap is
#     placed in the first 4GB address space. The Java Heap base address is the
#     maximum limit for the native heap growth. Please use -XX:HeapBaseMinAddress
#     to set the Java Heap base and to place the Java Heap above 4GB virtual address.
# This output file may be truncated or incomplete.
#
#  Out of Memory Error (allocation.cpp:44), pid=4604, tid=22608
#
# JRE version: OpenJDK Runtime Environment Temurin-21.0.11+10 (21.0.11+10) (build 21.0.11+10-LTS)
# Java VM: OpenJDK 64-Bit Server VM Temurin-21.0.11+10 (21.0.11+10-LTS, mixed mode, sharing, tiered, compressed oops, compressed class ptrs, parallel gc, windows-amd64)
# No core dump will be written. Minidumps are not enabled by default on client versions of Windows
#

---------------  S U M M A R Y ------------

Command Line: --add-modules=ALL-SYSTEM --add-opens=java.base/java.util=ALL-UNNAMED --add-opens=java.base/java.lang=ALL-UNNAMED --add-opens=java.base/sun.nio.fs=ALL-UNNAMED -Declipse.application=org.eclipse.jdt.ls.core.id1 -Dosgi.bundles.defaultStartLevel=4 -Declipse.product=org.eclipse.jdt.ls.core.product -Djava.import.generatesMetadataFilesAtProjectRoot=false -DDetectVMInstallationsJob.disabled=true -Dfile.encoding=utf8 -XX:+UseParallelGC -XX:GCTimeRatio=4 -XX:AdaptiveSizePolicyWeight=90 -Dsun.zip.disableMemoryMapping=true -Xmx2G -Xms100m -Xlog:disable -javaagent:c:\Users\desau\.vscode\extensions\redhat.java-1.55.0-win32-x64\lombok\lombok-1.18.39-4050.jar -XX:+HeapDumpOnOutOfMemoryError -XX:HeapDumpPath=c:\Users\desau\AppData\Roaming\Code\User\workspaceStorage\4c52fdb731d906dfd86024159bd2e2e1\redhat.java -Daether.dependencyCollector.impl=bf c:\Users\desau\.vscode\extensions\redhat.java-1.55.0-win32-x64\server\plugins\org.eclipse.equinox.launcher_1.7.200.v20260619-2039.jar -configuration c:\Users\desau\AppData\Roaming\Code\User\globalStorage\redhat.java\1.55.0\config_win -data c:\Users\desau\AppData\Roaming\Code\User\workspaceStorage\4c52fdb731d906dfd86024159bd2e2e1\redhat.java\jdt_ws --pipe=\\.\pipe\lsp-cfef30fe1c5ab77e7c1c3db1d0a2054a-sock

Host: AMD Ryzen 3 3250U with Radeon Graphics         , 4 cores, 3G,  Windows 11 , 64 bit Build 26100 (10.0.26100.8737)
Time: Thu Jul 16 01:10:51 2026 Eastern Daylight Time elapsed time: 2061.793138 seconds (0d 0h 34m 21s)

---------------  T H R E A D  ---------------

Current thread (0x0000022d5d7b2b80):  JavaThread "Attach Listener" daemon [_thread_in_vm, id=22608, stack(0x000000777a700000,0x000000777a800000) (1024K)]

Stack: [0x000000777a700000,0x000000777a800000]
Native frames: (J=compiled Java code, j=interpreted, Vv=VM code, C=native code)
V  [jvm.dll+0x6d7e19]
V  [jvm.dll+0x8b5096]
V  [jvm.dll+0x8b764e]
V  [jvm.dll+0x8b7d33]
V  [jvm.dll+0x284596]
V  [jvm.dll+0xc13c7]
V  [jvm.dll+0x6d86c9]
V  [jvm.dll+0x133616]
V  [jvm.dll+0x3f868e]
V  [jvm.dll+0x85fb0d]
V  [jvm.dll+0x6d664d]
C  [ucrtbase.dll+0x2cd30]
C  [KERNEL32.DLL+0x2e957]
C  [ntdll.dll+0xaad6c]


---------------  P R O C E S S  ---------------

Threads class SMR info:
_java_thread_list=0x0000022d7a06ee60, length=40, elements={
0x0000022d5b444330, 0x0000022d5d94df60, 0x0000022d5d94e8b0, 0x0000022d5d7b1f20,
0x0000022d5d7b2b80, 0x0000022d5d7b37e0, 0x0000022d5d7b8260, 0x0000022d5d7b9d40,
0x0000022d5d82b610, 0x0000022d7993d160, 0x0000022d79a95240, 0x0000022d7a16b180,
0x0000022d7a292ec0, 0x0000022d79f10ac0, 0x0000022d7993b130, 0x0000022d7a68b590,
0x0000022d7a42d390, 0x0000022d79f0ee60, 0x0000022d7a15e4c0, 0x0000022d7a15ca80,
0x0000022d79f88280, 0x0000022d79f8b700, 0x0000022d79f8a350, 0x0000022d79f8a9e0,
0x0000022d79f88910, 0x0000022d79f89630, 0x0000022d79f89cc0, 0x0000022d79f88fa0,
0x0000022d7bed2140, 0x0000022d7bed2e60, 0x0000022d7bed3b80, 0x0000022d7d269b80,
0x0000022d7d26c970, 0x0000022d7d26a210, 0x0000022d7d26fdf0, 0x0000022d7a15d110,
0x0000022d7d2694f0, 0x0000022d7d861740, 0x0000022d7d26d690, 0x0000022d7d85e950
}

Java Threads: ( => current thread )
  0x0000022d5b444330 JavaThread "main"                              [_thread_blocked, id=14500, stack(0x0000007779f00000,0x000000777a000000) (1024K)]
  0x0000022d5d94df60 JavaThread "Reference Handler"          daemon [_thread_blocked, id=20500, stack(0x000000777a400000,0x000000777a500000) (1024K)]
  0x0000022d5d94e8b0 JavaThread "Finalizer"                  daemon [_thread_blocked, id=17568, stack(0x000000777a500000,0x000000777a600000) (1024K)]
  0x0000022d5d7b1f20 JavaThread "Signal Dispatcher"          daemon [_thread_blocked, id=16924, stack(0x000000777a600000,0x000000777a700000) (1024K)]
=>0x0000022d5d7b2b80 JavaThread "Attach Listener"            daemon [_thread_in_vm, id=22608, stack(0x000000777a700000,0x000000777a800000) (1024K)]
  0x0000022d5d7b37e0 JavaThread "Service Thread"             daemon [_thread_blocked, id=7752, stack(0x000000777a800000,0x000000777a900000) (1024K)]
  0x0000022d5d7b8260 JavaThread "Monitor Deflation Thread"   daemon [_thread_blocked, id=22940, stack(0x000000777a900000,0x000000777aa00000) (1024K)]
  0x0000022d5d7b9d40 JavaThread "C2 CompilerThread0"         daemon [_thread_blocked, id=21708, stack(0x000000777aa00000,0x000000777ab00000) (1024K)]
  0x0000022d5d82b610 JavaThread "C1 CompilerThread0"         daemon [_thread_blocked, id=6192, stack(0x000000777ab00000,0x000000777ac00000) (1024K)]
  0x0000022d7993d160 JavaThread "Common-Cleaner"             daemon [_thread_blocked, id=16792, stack(0x000000777ac00000,0x000000777ad00000) (1024K)]
  0x0000022d79a95240 JavaThread "Notification Thread"        daemon [_thread_blocked, id=16040, stack(0x000000777ad00000,0x000000777ae00000) (1024K)]
  0x0000022d7a16b180 JavaThread "Active Thread: Equinox Container: 0f5f2c0d-ce08-488a-ae60-49e960184d96"        [_thread_blocked, id=20976, stack(0x000000777b100000,0x000000777b200000) (1024K)]
  0x0000022d7a292ec0 JavaThread "Refresh Thread: Equinox Container: 0f5f2c0d-ce08-488a-ae60-49e960184d96" daemon [_thread_blocked, id=23836, stack(0x000000777b200000,0x000000777b300000) (1024K)]
  0x0000022d79f10ac0 JavaThread "Framework Event Dispatcher: Equinox Container: 0f5f2c0d-ce08-488a-ae60-49e960184d96" daemon [_thread_blocked, id=20808, stack(0x000000777b300000,0x000000777b400000) (1024K)]
  0x0000022d7993b130 JavaThread "Start Level: Equinox Container: 0f5f2c0d-ce08-488a-ae60-49e960184d96" daemon [_thread_blocked, id=22428, stack(0x000000777b400000,0x000000777b500000) (1024K)]
  0x0000022d7a68b590 JavaThread "Bundle File Closer"         daemon [_thread_blocked, id=15324, stack(0x000000777b500000,0x000000777b600000) (1024K)]
  0x0000022d7a42d390 JavaThread "SCR Component Actor"        daemon [_thread_blocked, id=12176, stack(0x000000777b600000,0x000000777b700000) (1024K)]
  0x0000022d79f0ee60 JavaThread "Worker-JM"                         [_thread_blocked, id=6364, stack(0x000000777b700000,0x000000777b800000) (1024K)]
  0x0000022d7a15e4c0 JavaThread "JNA Cleaner"                daemon [_thread_blocked, id=7424, stack(0x000000777b800000,0x000000777b900000) (1024K)]
  0x0000022d7a15ca80 JavaThread "Java indexing"              daemon [_thread_blocked, id=19800, stack(0x000000777bc00000,0x000000777bd00000) (1024K)]
  0x0000022d79f88280 JavaThread "Thread-1"                   daemon [_thread_in_native, id=22472, stack(0x000000777c100000,0x000000777c200000) (1024K)]
  0x0000022d79f8b700 JavaThread "Thread-2"                   daemon [_thread_in_native, id=17644, stack(0x000000777c200000,0x000000777c300000) (1024K)]
  0x0000022d79f8a350 JavaThread "Thread-3"                   daemon [_thread_in_native, id=22440, stack(0x000000777c300000,0x000000777c400000) (1024K)]
  0x0000022d79f8a9e0 JavaThread "Thread-4"                   daemon [_thread_in_native, id=7972, stack(0x000000777c400000,0x000000777c500000) (1024K)]
  0x0000022d79f88910 JavaThread "Thread-5"                   daemon [_thread_in_native, id=18564, stack(0x000000777c500000,0x000000777c600000) (1024K)]
  0x0000022d79f89630 JavaThread "pool-2-thread-1"                   [_thread_blocked, id=13292, stack(0x000000777c600000,0x000000777c700000) (1024K)]
  0x0000022d79f89cc0 JavaThread "WorkspaceEventsHandler"            [_thread_blocked, id=2728, stack(0x000000777c700000,0x000000777c800000) (1024K)]
  0x0000022d79f88fa0 JavaThread "pool-1-thread-1"                   [_thread_blocked, id=6756, stack(0x000000777c800000,0x000000777c900000) (1024K)]
  0x0000022d7bed2140 JavaThread "PatternSearchJob-worker-1"  daemon [_thread_blocked, id=5068, stack(0x000000777c900000,0x000000777ca00000) (1024K)]
  0x0000022d7bed2e60 JavaThread "PatternSearchJob-worker-2"  daemon [_thread_blocked, id=20312, stack(0x000000777ca00000,0x000000777cb00000) (1024K)]
  0x0000022d7bed3b80 JavaThread "PatternSearchJob-worker-3"  daemon [_thread_blocked, id=20372, stack(0x000000777cb00000,0x000000777cc00000) (1024K)]
  0x0000022d7d269b80 JavaThread "Cleaner-0"                  daemon [_thread_blocked, id=21776, stack(0x000000777c000000,0x000000777c100000) (1024K)]
  0x0000022d7d26c970 JavaThread "ForkJoinPool.commonPool-worker-4" daemon [_thread_blocked, id=12064, stack(0x000000777b900000,0x000000777ba00000) (1024K)]
  0x0000022d7d26a210 JavaThread "ForkJoinPool.commonPool-worker-6" daemon [_thread_blocked, id=14484, stack(0x000000777bb00000,0x000000777bc00000) (1024K)]
  0x0000022d7d26fdf0 JavaThread "Compiler Source File Reader" daemon [_thread_blocked, id=15384, stack(0x000000777bf00000,0x000000777c000000) (1024K)]
  0x0000022d7a15d110 JavaThread "Compiler Source File Reader" daemon [_thread_blocked, id=21188, stack(0x000000777ce00000,0x000000777cf00000) (1024K)]
  0x0000022d7d2694f0 JavaThread "ForkJoinPool.commonPool-worker-7" daemon [_thread_blocked, id=19712, stack(0x000000777ba00000,0x000000777bb00000) (1024K)]
  0x0000022d7d861740 JavaThread "Worker-15"                         [_thread_blocked, id=13556, stack(0x000000777bd00000,0x000000777be00000) (1024K)]
  0x0000022d7d26d690 JavaThread "Worker-16"                         [_thread_blocked, id=19088, stack(0x000000777cc00000,0x000000777cd00000) (1024K)]
  0x0000022d7d85e950 JavaThread "HttpClient-2-SelectorManager" daemon [_thread_in_native, id=19704, stack(0x000000777be00000,0x000000777bf00000) (1024K)]
Total: 40

Other Threads:
  0x0000022d5d79f180 VMThread "VM Thread"                           [id=19500, stack(0x000000777a300000,0x000000777a400000) (1024K)]
  0x0000022d5d71ca00 WatcherThread "VM Periodic Task Thread"        [id=11668, stack(0x000000777a200000,0x000000777a300000) (1024K)]
  0x0000022d5d8d6e30 WorkerThread "GC Thread#0"                     [id=21528, stack(0x000000777a100000,0x000000777a200000) (1024K)]
  0x0000022d79b248c0 WorkerThread "GC Thread#1"                     [id=16992, stack(0x000000777ae00000,0x000000777af00000) (1024K)]
  0x0000022d79b1b9b0 WorkerThread "GC Thread#2"                     [id=336, stack(0x000000777af00000,0x000000777b000000) (1024K)]
  0x0000022d79b1bd60 WorkerThread "GC Thread#3"                     [id=7680, stack(0x000000777b000000,0x000000777b100000) (1024K)]
Total: 6

Threads with active compile tasks:
Total: 0

VM state: not at safepoint (normal execution)

VM Mutex/Monitor currently owned by a thread: None

Heap address: 0x0000000080000000, size: 2048 MB, Compressed Oops mode: 32-bit

CDS archive(s) mapped at: [0x0000022d00000000-0x0000022d00ba0000-0x0000022d00ba0000), size 12189696, SharedBaseAddress: 0x0000022d00000000, ArchiveRelocationMode: 1.
Compressed class space mapped at: 0x0000022d01000000-0x0000022d41000000, reserved size: 1073741824
Narrow klass base: 0x0000022d00000000, Narrow klass shift: 0, Narrow klass range: 0x100000000

GC Precious Log:
 CardTable entry size: 512
 CPUs: 4 total, 4 available
 Memory: 3463M
 Large Page Support: Disabled
 NUMA Support: Disabled
 Compressed Oops: Enabled (32-bit)
 Alignments: Space 512K, Generation 512K, Heap 2M
 Heap Min Capacity: 100M
 Heap Initial Capacity: 100M
 Heap Max Capacity: 2G
 Pre-touch: Disabled
 Parallel Workers: 4

Heap:
 PSYoungGen      total 3072K, used 2076K [0x00000000d5580000, 0x00000000d5b80000, 0x0000000100000000)
  eden space 2560K, 66% used [0x00000000d5580000,0x00000000d5728790,0x00000000d5800000)
  from space 512K, 73% used [0x00000000d5b00000,0x00000000d5b5e900,0x00000000d5b80000)
  to   space 512K, 0% used [0x00000000d5a80000,0x00000000d5a80000,0x00000000d5b00000)
 ParOldGen       total 1049600K, used 1049371K [0x0000000080000000, 0x00000000c0100000, 0x00000000d5580000)
  object space 1049600K, 99% used [0x0000000080000000,0x00000000c00c6ed8,0x00000000c0100000)
 Metaspace       used 94622K, committed 96448K, reserved 1179648K
  class space    used 9741K, committed 10560K, reserved 1048576K

Card table byte_map: [0x0000022d5d230000,0x0000022d5d640000] _byte_map_base: 0x0000022d5ce30000

Marking Bits: (ParMarkBitMap*) 0x00007ff86e054460
 Begin Bits: [0x0000022d6fd40000, 0x0000022d71d40000)
 End Bits:   [0x0000022d71d40000, 0x0000022d73d40000)

Polling page: 0x0000022d5b690000

Metaspace:

Usage:
  Non-class:     82.89 MB used.
      Class:      9.51 MB used.
       Both:     92.40 MB used.

Virtual space:
  Non-class space:      128.00 MB reserved,      83.88 MB ( 66%) committed,  2 nodes.
      Class space:        1.00 GB reserved,      10.31 MB (  1%) committed,  1 nodes.
             Both:        1.12 GB reserved,      94.19 MB (  8%) committed. 

Chunk freelists:
   Non-Class:  11.90 MB
       Class:  5.57 MB
        Both:  17.48 MB

MaxMetaspaceSize: unlimited
CompressedClassSpaceSize: 1.00 GB
Initial GC threshold: 21.00 MB
Current GC threshold: 154.31 MB
CDS: on
 - commit_granule_bytes: 65536.
 - commit_granule_words: 8192.
 - virtual_space_node_default_size: 8388608.
 - enlarge_chunks_in_place: 1.
 - use_allocation_guard: 0.


Internal statistics:

num_allocs_failed_limit: 9.
num_arena_births: 1836.
num_arena_deaths: 24.
num_vsnodes_births: 3.
num_vsnodes_deaths: 0.
num_space_committed: 1507.
num_space_uncommitted: 0.
num_chunks_returned_to_freelist: 36.
num_chunks_taken_from_freelist: 6522.
num_chunk_merges: 13.
num_chunk_splits: 3895.
num_chunks_enlarged: 2063.
num_inconsistent_stats: 0.

CodeHeap 'non-profiled nmethods': size=120000Kb used=17873Kb max_used=18863Kb free=102126Kb
 bounds [0x0000022d68560000, 0x0000022d697e0000, 0x0000022d6fa90000]
CodeHeap 'profiled nmethods': size=120000Kb used=34359Kb max_used=40904Kb free=85640Kb
 bounds [0x0000022d60a90000, 0x0000022d632b0000, 0x0000022d67fc0000]
CodeHeap 'non-nmethods': size=5760Kb used=1532Kb max_used=1621Kb free=4227Kb
 bounds [0x0000022d67fc0000, 0x0000022d68230000, 0x0000022d68560000]
CodeCache: size=245760Kb, used=53764Kb, max_used=61388Kb, free=191993Kb
 total_blobs=15687, nmethods=14836, adapters=751, full_count=0
Compilation: enabled, stopped_count=0, restarted_count=0

Compilation events (20 events):
Event: 2052.497 Thread 0x0000022d5d7b9d40 24953       4       java.util.TreeMap::addEntryToEmptyMap (37 bytes)
Event: 2052.515 Thread 0x0000022d5d7b9d40 nmethod 24953 0x0000022d6928a210 code [0x0000022d6928a3c0, 0x0000022d6928a5f0]
Event: 2054.591 Thread 0x0000022d5d7b9d40 24954       4       java.util.stream.SortedOps$OfRef::opWrapSink (60 bytes)
Event: 2054.624 Thread 0x0000022d5d7b9d40 nmethod 24954 0x0000022d692c7f10 code [0x0000022d692c80c0, 0x0000022d692c8458]
Event: 2055.871 Thread 0x0000022d5d7b9d40 24955       4       java.util.stream.SortedOps$OfRef::<init> (32 bytes)
Event: 2055.889 Thread 0x0000022d5d7b9d40 nmethod 24955 0x0000022d68874e10 code [0x0000022d68874fa0, 0x0000022d68875190]
Event: 2057.406 Thread 0x0000022d5d7b9d40 24956   !   4       org.eclipse.jdt.ls.core.internal.ConnectionStreamFactory$NamedPipeOutputStream::write (130 bytes)
Event: 2057.544 Thread 0x0000022d5d7b9d40 nmethod 24956 0x0000022d69351e90 code [0x0000022d693520a0, 0x0000022d69352b18]
Event: 2057.623 Thread 0x0000022d5d82b610 24957       3       java.lang.invoke.LambdaForm$MH/0x0000022d019a0000::invoke (63 bytes)
Event: 2057.645 Thread 0x0000022d5d82b610 nmethod 24957 0x0000022d623ee310 code [0x0000022d623ee600, 0x0000022d623ef830]
Event: 2057.645 Thread 0x0000022d5d82b610 24958       3       java.lang.invoke.LambdaForm$MH/0x0000022d019a0400::invoke (63 bytes)
Event: 2057.648 Thread 0x0000022d5d82b610 nmethod 24958 0x0000022d62c72b10 code [0x0000022d62c72e00, 0x0000022d62c74030]
Event: 2060.038 Thread 0x0000022d5d7b9d40 24959  s!   4       org.eclipse.jdt.core.dom.DefaultBindingResolver::resolveName (1735 bytes)
Event: 2060.134 Thread 0x0000022d5d82b610 24960       3       org.eclipse.jdt.core.dom.ASTVisitor::endVisit (1 bytes)
Event: 2060.135 Thread 0x0000022d5d82b610 nmethod 24960 0x0000022d615b7e10 code [0x0000022d615b7fa0, 0x0000022d615b80a8]
Event: 2060.135 Thread 0x0000022d5d82b610 24961       3       org.eclipse.jdt.core.dom.ASTVisitor::endVisit (1 bytes)
Event: 2060.138 Thread 0x0000022d5d82b610 nmethod 24961 0x0000022d615d4790 code [0x0000022d615d4920, 0x0000022d615d4a28]
Event: 2060.502 Thread 0x0000022d5d7b9d40 nmethod 24959 0x0000022d68d2e010 code [0x0000022d68d2e520, 0x0000022d68d30ef8]
Event: 2061.037 Thread 0x0000022d5d82b610 24962   !   3       org.eclipse.lsp4j.jsonrpc.json.StreamMessageProducer::listen (304 bytes)
Event: 2061.054 Thread 0x0000022d5d82b610 nmethod 24962 0x0000022d61e3d410 code [0x0000022d61e3d7a0, 0x0000022d61e3ecb8]

GC Heap History (20 events):
Event: 2048.086 GC heap before
{Heap before GC invocations=2767 (full 8):
 PSYoungGen      total 4608K, used 4250K [0x00000000d5580000, 0x00000000d5d00000, 0x0000000100000000)
  eden space 4096K, 100% used [0x00000000d5580000,0x00000000d5980000,0x00000000d5980000)
  from space 512K, 30% used [0x00000000d5c80000,0x00000000d5ca6900,0x00000000d5d00000)
  to   space 512K, 0% used [0x00000000d5c00000,0x00000000d5c00000,0x00000000d5c80000)
 ParOldGen       total 1042944K, used 1042765K [0x0000000080000000, 0x00000000bfa80000, 0x00000000d5580000)
  object space 1042944K, 99% used [0x0000000080000000,0x00000000bfa534e8,0x00000000bfa80000)
 Metaspace       used 94613K, committed 96448K, reserved 1179648K
  class space    used 9741K, committed 10560K, reserved 1048576K
}
Event: 2048.101 GC heap after
{Heap after GC invocations=2767 (full 8):
 PSYoungGen      total 4608K, used 96K [0x00000000d5580000, 0x00000000d5d00000, 0x0000000100000000)
  eden space 4096K, 0% used [0x00000000d5580000,0x00000000d5580000,0x00000000d5980000)
  from space 512K, 18% used [0x00000000d5c00000,0x00000000d5c18000,0x00000000d5c80000)
  to   space 512K, 0% used [0x00000000d5c80000,0x00000000d5c80000,0x00000000d5d00000)
 ParOldGen       total 1042944K, used 1042773K [0x0000000080000000, 0x00000000bfa80000, 0x00000000d5580000)
  object space 1042944K, 99% used [0x0000000080000000,0x00000000bfa554e8,0x00000000bfa80000)
 Metaspace       used 94613K, committed 96448K, reserved 1179648K
  class space    used 9741K, committed 10560K, reserved 1048576K
}
Event: 2049.203 GC heap before
{Heap before GC invocations=2768 (full 8):
 PSYoungGen      total 4608K, used 4192K [0x00000000d5580000, 0x00000000d5d00000, 0x0000000100000000)
  eden space 4096K, 100% used [0x00000000d5580000,0x00000000d5980000,0x00000000d5980000)
  from space 512K, 18% used [0x00000000d5c00000,0x00000000d5c18000,0x00000000d5c80000)
  to   space 512K, 0% used [0x00000000d5c80000,0x00000000d5c80000,0x00000000d5d00000)
 ParOldGen       total 1042944K, used 1042773K [0x0000000080000000, 0x00000000bfa80000, 0x00000000d5580000)
  object space 1042944K, 99% used [0x0000000080000000,0x00000000bfa554e8,0x00000000bfa80000)
 Metaspace       used 94616K, committed 96448K, reserved 1179648K
  class space    used 9741K, committed 10560K, reserved 1048576K
}
Event: 2049.224 GC heap after
{Heap after GC invocations=2768 (full 8):
 PSYoungGen      total 4608K, used 154K [0x00000000d5580000, 0x00000000d5d00000, 0x0000000100000000)
  eden space 4096K, 0% used [0x00000000d5580000,0x00000000d5580000,0x00000000d5980000)
  from space 512K, 30% used [0x00000000d5c80000,0x00000000d5ca6900,0x00000000d5d00000)
  to   space 512K, 0% used [0x00000000d5c00000,0x00000000d5c00000,0x00000000d5c80000)
 ParOldGen       total 1042944K, used 1042781K [0x0000000080000000, 0x00000000bfa80000, 0x00000000d5580000)
  object space 1042944K, 99% used [0x0000000080000000,0x00000000bfa574e8,0x00000000bfa80000)
 Metaspace       used 94616K, committed 96448K, reserved 1179648K
  class space    used 9741K, committed 10560K, reserved 1048576K
}
Event: 2050.176 GC heap before
{Heap before GC invocations=2769 (full 8):
 PSYoungGen      total 4608K, used 4250K [0x00000000d5580000, 0x00000000d5d00000, 0x0000000100000000)
  eden space 4096K, 100% used [0x00000000d5580000,0x00000000d5980000,0x00000000d5980000)
  from space 512K, 30% used [0x00000000d5c80000,0x00000000d5ca6900,0x00000000d5d00000)
  to   space 512K, 0% used [0x00000000d5c00000,0x00000000d5c00000,0x00000000d5c80000)
 ParOldGen       total 1042944K, used 1042781K [0x0000000080000000, 0x00000000bfa80000, 0x00000000d5580000)
  object space 1042944K, 99% used [0x0000000080000000,0x00000000bfa574e8,0x00000000bfa80000)
 Metaspace       used 94616K, committed 96448K, reserved 1179648K
  class space    used 9741K, committed 10560K, reserved 1048576K
}
Event: 2050.183 GC heap after
{Heap after GC invocations=2769 (full 8):
 PSYoungGen      total 4608K, used 218K [0x00000000d5580000, 0x00000000d5d00000, 0x0000000100000000)
  eden space 4096K, 0% used [0x00000000d5580000,0x00000000d5580000,0x00000000d5980000)
  from space 512K, 42% used [0x00000000d5c00000,0x00000000d5c36900,0x00000000d5c80000)
  to   space 512K, 0% used [0x00000000d5c80000,0x00000000d5c80000,0x00000000d5d00000)
 ParOldGen       total 1042944K, used 1042813K [0x0000000080000000, 0x00000000bfa80000, 0x00000000d5580000)
  object space 1042944K, 99% used [0x0000000080000000,0x00000000bfa5f4e8,0x00000000bfa80000)
 Metaspace       used 94616K, committed 96448K, reserved 1179648K
  class space    used 9741K, committed 10560K, reserved 1048576K
}
Event: 2050.442 GC heap before
{Heap before GC invocations=2770 (full 8):
 PSYoungGen      total 4608K, used 4308K [0x00000000d5580000, 0x00000000d5d00000, 0x0000000100000000)
  eden space 4096K, 99% used [0x00000000d5580000,0x00000000d597e9d0,0x00000000d5980000)
  from space 512K, 42% used [0x00000000d5c00000,0x00000000d5c36900,0x00000000d5c80000)
  to   space 512K, 0% used [0x00000000d5c80000,0x00000000d5c80000,0x00000000d5d00000)
 ParOldGen       total 1042944K, used 1042813K [0x0000000080000000, 0x00000000bfa80000, 0x00000000d5580000)
  object space 1042944K, 99% used [0x0000000080000000,0x00000000bfa5f4e8,0x00000000bfa80000)
 Metaspace       used 94619K, committed 96448K, reserved 1179648K
  class space    used 9741K, committed 10560K, reserved 1048576K
}
Event: 2050.452 GC heap after
{Heap after GC invocations=2770 (full 8):
 PSYoungGen      total 4608K, used 128K [0x00000000d5580000, 0x00000000d5d00000, 0x0000000100000000)
  eden space 4096K, 0% used [0x00000000d5580000,0x00000000d5580000,0x00000000d5980000)
  from space 512K, 25% used [0x00000000d5c80000,0x00000000d5ca0000,0x00000000d5d00000)
  to   space 512K, 0% used [0x00000000d5c00000,0x00000000d5c00000,0x00000000d5c80000)
 ParOldGen       total 1042944K, used 1042821K [0x0000000080000000, 0x00000000bfa80000, 0x00000000d5580000)
  object space 1042944K, 99% used [0x0000000080000000,0x00000000bfa614e8,0x00000000bfa80000)
 Metaspace       used 94619K, committed 96448K, reserved 1179648K
  class space    used 9741K, committed 10560K, reserved 1048576K
}
Event: 2053.036 GC heap before
{Heap before GC invocations=2771 (full 8):
 PSYoungGen      total 4608K, used 4224K [0x00000000d5580000, 0x00000000d5d00000, 0x0000000100000000)
  eden space 4096K, 100% used [0x00000000d5580000,0x00000000d5980000,0x00000000d5980000)
  from space 512K, 25% used [0x00000000d5c80000,0x00000000d5ca0000,0x00000000d5d00000)
  to   space 512K, 0% used [0x00000000d5c00000,0x00000000d5c00000,0x00000000d5c80000)
 ParOldGen       total 1042944K, used 1042821K [0x0000000080000000, 0x00000000bfa80000, 0x00000000d5580000)
  object space 1042944K, 99% used [0x0000000080000000,0x00000000bfa614e8,0x00000000bfa80000)
 Metaspace       used 94619K, committed 96448K, reserved 1179648K
  class space    used 9741K, committed 10560K, reserved 1048576K
}
Event: 2053.049 GC heap after
{Heap after GC invocations=2771 (full 8):
 PSYoungGen      total 4608K, used 506K [0x00000000d5580000, 0x00000000d5e80000, 0x0000000100000000)
  eden space 4096K, 0% used [0x00000000d5580000,0x00000000d5580000,0x00000000d5980000)
  from space 512K, 99% used [0x00000000d5c00000,0x00000000d5c7ebb8,0x00000000d5c80000)
  to   space 2048K, 0% used [0x00000000d5c80000,0x00000000d5c80000,0x00000000d5e80000)
 ParOldGen       total 1044480K, used 1044430K [0x0000000080000000, 0x00000000bfc00000, 0x00000000d5580000)
  object space 1044480K, 99% used [0x0000000080000000,0x00000000bfbf3b60,0x00000000bfc00000)
 Metaspace       used 94619K, committed 96448K, reserved 1179648K
  class space    used 9741K, committed 10560K, reserved 1048576K
}
Event: 2053.744 GC heap before
{Heap before GC invocations=2772 (full 8):
 PSYoungGen      total 4608K, used 4537K [0x00000000d5580000, 0x00000000d5e80000, 0x0000000100000000)
  eden space 4096K, 98% used [0x00000000d5580000,0x00000000d596fbe0,0x00000000d5980000)
  from space 512K, 99% used [0x00000000d5c00000,0x00000000d5c7ebb8,0x00000000d5c80000)
  to   space 2048K, 0% used [0x00000000d5c80000,0x00000000d5c80000,0x00000000d5e80000)
 ParOldGen       total 1044480K, used 1044430K [0x0000000080000000, 0x00000000bfc00000, 0x00000000d5580000)
  object space 1044480K, 99% used [0x0000000080000000,0x00000000bfbf3b60,0x00000000bfc00000)
 Metaspace       used 94619K, committed 96448K, reserved 1179648K
  class space    used 9741K, committed 10560K, reserved 1048576K
}
Event: 2053.779 GC heap after
{Heap after GC invocations=2772 (full 8):
 PSYoungGen      total 4608K, used 2017K [0x00000000d5580000, 0x00000000d6280000, 0x0000000100000000)
  eden space 2560K, 0% used [0x00000000d5580000,0x00000000d5580000,0x00000000d5800000)
  from space 2048K, 98% used [0x00000000d5c80000,0x00000000d5e786d0,0x00000000d5e80000)
  to   space 4608K, 0% used [0x00000000d5800000,0x00000000d5800000,0x00000000d5c80000)
 ParOldGen       total 1046528K, used 1046324K [0x0000000080000000, 0x00000000bfe00000, 0x00000000d5580000)
  object space 1046528K, 99% used [0x0000000080000000,0x00000000bfdcd328,0x00000000bfe00000)
 Metaspace       used 94619K, committed 96448K, reserved 1179648K
  class space    used 9741K, committed 10560K, reserved 1048576K
}
Event: 2056.870 GC heap before
{Heap before GC invocations=2773 (full 8):
 PSYoungGen      total 4608K, used 4577K [0x00000000d5580000, 0x00000000d6280000, 0x0000000100000000)
  eden space 2560K, 100% used [0x00000000d5580000,0x00000000d5800000,0x00000000d5800000)
  from space 2048K, 98% used [0x00000000d5c80000,0x00000000d5e786d0,0x00000000d5e80000)
  to   space 4608K, 0% used [0x00000000d5800000,0x00000000d5800000,0x00000000d5c80000)
 ParOldGen       total 1046528K, used 1046324K [0x0000000080000000, 0x00000000bfe00000, 0x00000000d5580000)
  object space 1046528K, 99% used [0x0000000080000000,0x00000000bfdcd328,0x00000000bfe00000)
 Metaspace       used 94619K, committed 96448K, reserved 1179648K
  class space    used 9741K, committed 10560K, reserved 1048576K
}
Event: 2056.891 GC heap after
{Heap after GC invocations=2773 (full 8):
 PSYoungGen      total 3584K, used 815K [0x00000000d5580000, 0x00000000d5d00000, 0x0000000100000000)
  eden space 2560K, 0% used [0x00000000d5580000,0x00000000d5580000,0x00000000d5800000)
  from space 1024K, 79% used [0x00000000d5800000,0x00000000d58cbf60,0x00000000d5900000)
  to   space 2048K, 0% used [0x00000000d5b00000,0x00000000d5b00000,0x00000000d5d00000)
 ParOldGen       total 1048576K, used 1048318K [0x0000000080000000, 0x00000000c0000000, 0x00000000d5580000)
  object space 1048576K, 99% used [0x0000000080000000,0x00000000bffbfa60,0x00000000c0000000)
 Metaspace       used 94619K, committed 96448K, reserved 1179648K
  class space    used 9741K, committed 10560K, reserved 1048576K
}
Event: 2057.440 GC heap before
{Heap before GC invocations=2774 (full 8):
 PSYoungGen      total 3584K, used 3375K [0x00000000d5580000, 0x00000000d5d00000, 0x0000000100000000)
  eden space 2560K, 100% used [0x00000000d5580000,0x00000000d5800000,0x00000000d5800000)
  from space 1024K, 79% used [0x00000000d5800000,0x00000000d58cbf60,0x00000000d5900000)
  to   space 2048K, 0% used [0x00000000d5b00000,0x00000000d5b00000,0x00000000d5d00000)
 ParOldGen       total 1048576K, used 1048318K [0x0000000080000000, 0x00000000c0000000, 0x00000000d5580000)
  object space 1048576K, 99% used [0x0000000080000000,0x00000000bffbfa60,0x00000000c0000000)
 Metaspace       used 94619K, committed 96448K, reserved 1179648K
  class space    used 9741K, committed 10560K, reserved 1048576K
}
Event: 2057.464 GC heap after
{Heap after GC invocations=2774 (full 8):
 PSYoungGen      total 3584K, used 628K [0x00000000d5580000, 0x00000000d5c00000, 0x0000000100000000)
  eden space 2560K, 0% used [0x00000000d5580000,0x00000000d5580000,0x00000000d5800000)
  from space 1024K, 61% used [0x00000000d5b00000,0x00000000d5b9d200,0x00000000d5c00000)
  to   space 1024K, 0% used [0x00000000d5800000,0x00000000d5800000,0x00000000d5900000)
 ParOldGen       total 1049088K, used 1049037K [0x0000000080000000, 0x00000000c0080000, 0x00000000d5580000)
  object space 1049088K, 99% used [0x0000000080000000,0x00000000c0073688,0x00000000c0080000)
 Metaspace       used 94619K, committed 96448K, reserved 1179648K
  class space    used 9741K, committed 10560K, reserved 1048576K
}
Event: 2060.183 GC heap before
{Heap before GC invocations=2775 (full 8):
 PSYoungGen      total 3584K, used 3188K [0x00000000d5580000, 0x00000000d5c00000, 0x0000000100000000)
  eden space 2560K, 100% used [0x00000000d5580000,0x00000000d5800000,0x00000000d5800000)
  from space 1024K, 61% used [0x00000000d5b00000,0x00000000d5b9d200,0x00000000d5c00000)
  to   space 1024K, 0% used [0x00000000d5800000,0x00000000d5800000,0x00000000d5900000)
 ParOldGen       total 1049088K, used 1049037K [0x0000000080000000, 0x00000000c0080000, 0x00000000d5580000)
  object space 1049088K, 99% used [0x0000000080000000,0x00000000c0073688,0x00000000c0080000)
 Metaspace       used 94622K, committed 96448K, reserved 1179648K
  class space    used 9741K, committed 10560K, reserved 1048576K
}
Event: 2060.194 GC heap after
{Heap after GC invocations=2775 (full 8):
 PSYoungGen      total 3584K, used 378K [0x00000000d5580000, 0x00000000d5b80000, 0x0000000100000000)
  eden space 2560K, 0% used [0x00000000d5580000,0x00000000d5580000,0x00000000d5800000)
  from space 1024K, 36% used [0x00000000d5800000,0x00000000d585e900,0x00000000d5900000)
  to   space 512K, 0% used [0x00000000d5b00000,0x00000000d5b00000,0x00000000d5b80000)
 ParOldGen       total 1049600K, used 1049181K [0x0000000080000000, 0x00000000c0100000, 0x00000000d5580000)
  object space 1049600K, 99% used [0x0000000080000000,0x00000000c0097688,0x00000000c0100000)
 Metaspace       used 94622K, committed 96448K, reserved 1179648K
  class space    used 9741K, committed 10560K, reserved 1048576K
}
Event: 2060.421 GC heap before
{Heap before GC invocations=2776 (full 8):
 PSYoungGen      total 3584K, used 2938K [0x00000000d5580000, 0x00000000d5b80000, 0x0000000100000000)
  eden space 2560K, 100% used [0x00000000d5580000,0x00000000d5800000,0x00000000d5800000)
  from space 1024K, 36% used [0x00000000d5800000,0x00000000d585e900,0x00000000d5900000)
  to   space 512K, 0% used [0x00000000d5b00000,0x00000000d5b00000,0x00000000d5b80000)
 ParOldGen       total 1049600K, used 1049181K [0x0000000080000000, 0x00000000c0100000, 0x00000000d5580000)
  object space 1049600K, 99% used [0x0000000080000000,0x00000000c0097688,0x00000000c0100000)
 Metaspace       used 94622K, committed 96448K, reserved 1179648K
  class space    used 9741K, committed 10560K, reserved 1048576K
}
Event: 2060.432 GC heap after
{Heap after GC invocations=2776 (full 8):
 PSYoungGen      total 3072K, used 378K [0x00000000d5580000, 0x00000000d5b80000, 0x0000000100000000)
  eden space 2560K, 0% used [0x00000000d5580000,0x00000000d5580000,0x00000000d5800000)
  from space 512K, 73% used [0x00000000d5b00000,0x00000000d5b5e900,0x00000000d5b80000)
  to   space 512K, 0% used [0x00000000d5a80000,0x00000000d5a80000,0x00000000d5b00000)
 ParOldGen       total 1049600K, used 1049371K [0x0000000080000000, 0x00000000c0100000, 0x00000000d5580000)
  object space 1049600K, 99% used [0x0000000080000000,0x00000000c00c6ed8,0x00000000c0100000)
 Metaspace       used 94622K, committed 96448K, reserved 1179648K
  class space    used 9741K, committed 10560K, reserved 1048576K
}

Dll operation events (12 events):
Event: 0.040 Loaded shared library c:\Users\desau\.vscode\extensions\redhat.java-1.55.0-win32-x64\jre\21.0.11-win32-x86_64\bin\java.dll
Event: 0.866 Loaded shared library c:\Users\desau\.vscode\extensions\redhat.java-1.55.0-win32-x64\jre\21.0.11-win32-x86_64\bin\zip.dll
Event: 1.068 Loaded shared library C:\Users\desau\.vscode\extensions\redhat.java-1.55.0-win32-x64\jre\21.0.11-win32-x86_64\bin\instrument.dll
Event: 1.106 Loaded shared library C:\Users\desau\.vscode\extensions\redhat.java-1.55.0-win32-x64\jre\21.0.11-win32-x86_64\bin\net.dll
Event: 1.116 Loaded shared library C:\Users\desau\.vscode\extensions\redhat.java-1.55.0-win32-x64\jre\21.0.11-win32-x86_64\bin\nio.dll
Event: 1.172 Loaded shared library C:\Users\desau\.vscode\extensions\redhat.java-1.55.0-win32-x64\jre\21.0.11-win32-x86_64\bin\zip.dll
Event: 1.299 Loaded shared library C:\Users\desau\.vscode\extensions\redhat.java-1.55.0-win32-x64\jre\21.0.11-win32-x86_64\bin\jimage.dll
Event: 1.861 Loaded shared library c:\Users\desau\.vscode\extensions\redhat.java-1.55.0-win32-x64\jre\21.0.11-win32-x86_64\bin\verify.dll
Event: 8.051 Loaded shared library C:\Users\desau\AppData\Roaming\Code\User\globalStorage\redhat.java\1.55.0\config_win\org.eclipse.equinox.launcher\org.eclipse.equinox.launcher.win32.win32.x86_64_1.3.100.v20260613-0559\eclipse_11924.dll
Event: 17.598 Loaded shared library C:\Users\desau\AppData\Local\Temp\jna-95474630\jna9449751854118378671.dll
Event: 597.576 Loaded shared library C:\Users\desau\.vscode\extensions\redhat.java-1.55.0-win32-x64\jre\21.0.11-win32-x86_64\bin\sunmscapi.dll
Event: 599.941 Loaded shared library C:\Users\desau\.vscode\extensions\redhat.java-1.55.0-win32-x64\jre\21.0.11-win32-x86_64\bin\extnet.dll

Deoptimization events (20 events):
Event: 1986.573 Thread 0x0000022d7d861740 Uncommon trap: trap_request=0xffffff6e fr.pc=0x0000022d69345284 relative=0x0000000000000f64
Event: 1986.573 Thread 0x0000022d7d861740 Uncommon trap: reason=loop_limit_check action=maybe_recompile pc=0x0000022d69345284 method=org.eclipse.jdt.internal.compiler.lookup.SourceTypeBinding.getExactMethod([C[Lorg/eclipse/jdt/internal/compiler/lookup/TypeBinding;Lorg/eclipse/jdt/internal/compile
Event: 1986.573 Thread 0x0000022d7d861740 DEOPT PACKING pc=0x0000022d69345284 sp=0x000000777bdfe410
Event: 1986.573 Thread 0x0000022d7d861740 DEOPT UNPACKING pc=0x0000022d68013aa2 sp=0x000000777bdfe380 mode 2
Event: 1986.746 Thread 0x0000022d7d26c970 Uncommon trap: trap_request=0xffffffde fr.pc=0x0000022d68e85834 relative=0x00000000000040b4
Event: 1986.746 Thread 0x0000022d7d26c970 Uncommon trap: reason=class_check action=maybe_recompile pc=0x0000022d68e85834 method=org.eclipse.jdt.core.dom.TypeBinding.getTypeDeclaration()Lorg/eclipse/jdt/core/dom/ITypeBinding; @ 18 c2
Event: 1986.747 Thread 0x0000022d7d26c970 DEOPT PACKING pc=0x0000022d68e85834 sp=0x000000777b9fe290
Event: 1986.748 Thread 0x0000022d7d26c970 DEOPT UNPACKING pc=0x0000022d68013aa2 sp=0x000000777b9fe168 mode 2
Event: 1986.752 Thread 0x0000022d7d26c970 Uncommon trap: trap_request=0xffffffde fr.pc=0x0000022d68ca09ac relative=0x00000000000007ec
Event: 1986.752 Thread 0x0000022d7d26c970 Uncommon trap: reason=class_check action=maybe_recompile pc=0x0000022d68ca09ac method=org.eclipse.jdt.core.dom.TypeBinding.getTypeDeclaration()Lorg/eclipse/jdt/core/dom/ITypeBinding; @ 18 c2
Event: 1986.752 Thread 0x0000022d7d26c970 DEOPT PACKING pc=0x0000022d68ca09ac sp=0x000000777b9fe1f0
Event: 1986.752 Thread 0x0000022d7d26c970 DEOPT UNPACKING pc=0x0000022d68013aa2 sp=0x000000777b9fe168 mode 2
Event: 1990.577 Thread 0x0000022d7d2694f0 Uncommon trap: trap_request=0xffffff45 fr.pc=0x0000022d68c194c4 relative=0x0000000000000264
Event: 1990.577 Thread 0x0000022d7d2694f0 Uncommon trap: reason=unstable_if action=reinterpret pc=0x0000022d68c194c4 method=org.eclipse.jdt.internal.corext.refactoring.code.flow.FlowInfo.mergeAccessModeSequential(Lorg/eclipse/jdt/internal/corext/refactoring/code/flow/FlowInfo;Lorg/eclipse/jdt/int
Event: 1990.577 Thread 0x0000022d7d2694f0 DEOPT PACKING pc=0x0000022d68c194c4 sp=0x000000777bafeb90
Event: 1990.577 Thread 0x0000022d7d2694f0 DEOPT UNPACKING pc=0x0000022d68013aa2 sp=0x000000777bafeb18 mode 2
Event: 2043.825 Thread 0x0000022d7d26a210 Uncommon trap: trap_request=0xffffff45 fr.pc=0x0000022d686db354 relative=0x0000000000000a34
Event: 2043.828 Thread 0x0000022d7d26a210 Uncommon trap: reason=unstable_if action=reinterpret pc=0x0000022d686db354 method=org.eclipse.jdt.internal.codeassist.impl.AssistParser.constructTypeReference(I)Lorg/eclipse/jdt/internal/compiler/ast/TypeReference; @ 59 c2
Event: 2043.828 Thread 0x0000022d7d26a210 DEOPT PACKING pc=0x0000022d686db354 sp=0x000000777bbfe6f0
Event: 2043.834 Thread 0x0000022d7d26a210 DEOPT UNPACKING pc=0x0000022d68013aa2 sp=0x000000777bbfe690 mode 2

Classes loaded (20 events):
Event: 907.369 Loading class com/sun/org/apache/xerces/internal/util/URI
Event: 907.380 Loading class com/sun/org/apache/xerces/internal/util/URI done
Event: 907.745 Loading class org/xml/sax/SAXNotRecognizedException
Event: 907.755 Loading class org/xml/sax/SAXNotRecognizedException done
Event: 907.756 Loading class org/xml/sax/SAXNotSupportedException
Event: 907.771 Loading class org/xml/sax/SAXNotSupportedException done
Event: 907.809 Loading class com/sun/org/apache/xerces/internal/xni/XNIException
Event: 907.822 Loading class com/sun/org/apache/xerces/internal/xni/XNIException done
Event: 907.853 Loading class com/sun/org/apache/xerces/internal/xni/parser/XMLParseException
Event: 907.856 Loading class com/sun/org/apache/xerces/internal/xni/parser/XMLParseException done
Event: 908.086 Loading class java/util/concurrent/LinkedBlockingQueue$Itr
Event: 908.096 Loading class java/util/concurrent/LinkedBlockingQueue$Itr done
Event: 1425.690 Loading class java/util/stream/ReferencePipeline$15
Event: 1425.725 Loading class java/util/stream/ReferencePipeline$15 done
Event: 1425.793 Loading class java/util/stream/ReferencePipeline$15$1
Event: 1425.810 Loading class java/util/stream/ReferencePipeline$15$1 done
Event: 1435.305 Loading class java/util/ArrayDeque$DeqSpliterator
Event: 1435.317 Loading class java/util/ArrayDeque$DeqSpliterator done
Event: 1691.240 Loading class java/nio/channels/CompletionHandler
Event: 1691.305 Loading class java/nio/channels/CompletionHandler done

Classes unloaded (12 events):
Event: 21.523 Thread 0x0000022d5d79f180 Unloading class 0x0000022d011a9400 'java/lang/invoke/LambdaForm$MH+0x0000022d011a9400'
Event: 21.523 Thread 0x0000022d5d79f180 Unloading class 0x0000022d011a9000 'java/lang/invoke/LambdaForm$MH+0x0000022d011a9000'
Event: 21.523 Thread 0x0000022d5d79f180 Unloading class 0x0000022d011a8c00 'java/lang/invoke/LambdaForm$MH+0x0000022d011a8c00'
Event: 21.523 Thread 0x0000022d5d79f180 Unloading class 0x0000022d011a8800 'java/lang/invoke/LambdaForm$MH+0x0000022d011a8800'
Event: 21.523 Thread 0x0000022d5d79f180 Unloading class 0x0000022d011a8400 'java/lang/invoke/LambdaForm$BMH+0x0000022d011a8400'
Event: 21.523 Thread 0x0000022d5d79f180 Unloading class 0x0000022d011a8000 'java/lang/invoke/LambdaForm$DMH+0x0000022d011a8000'
Event: 21.523 Thread 0x0000022d5d79f180 Unloading class 0x0000022d011a6c00 'java/lang/invoke/LambdaForm$DMH+0x0000022d011a6c00'
Event: 175.861 Thread 0x0000022d5d79f180 Unloading class 0x0000022d01724400 'java/lang/invoke/LambdaForm$DMH+0x0000022d01724400'
Event: 175.862 Thread 0x0000022d5d79f180 Unloading class 0x0000022d01724800 'java/lang/invoke/LambdaForm$DMH+0x0000022d01724800'
Event: 175.863 Thread 0x0000022d5d79f180 Unloading class 0x0000022d01710c00 'java/lang/invoke/LambdaForm$MH+0x0000022d01710c00'
Event: 175.863 Thread 0x0000022d5d79f180 Unloading class 0x0000022d016e0800 'java/lang/invoke/LambdaForm$DMH+0x0000022d016e0800'
Event: 175.863 Thread 0x0000022d5d79f180 Unloading class 0x0000022d016e0000 'java/lang/invoke/LambdaForm$DMH+0x0000022d016e0000'

Classes redefined (0 events):
No events

Internal exceptions (20 events):
Event: 1435.270 Thread 0x0000022d7d2694f0 Implicit null exception at 0x0000022d68d7bf45 to 0x0000022d68d7da64
Event: 1436.101 Thread 0x0000022d7a15ca80 Exception <a 'sun/nio/fs/WindowsException'{0x00000000d584bdf0}> (0x00000000d584bdf0) 
thrown [s\src\hotspot\share\prims\jni.cpp, line 520]
Event: 1579.524 Thread 0x0000022d7a15ca80 Exception <a 'sun/nio/fs/WindowsException'{0x00000000d56a3538}> (0x00000000d56a3538) 
thrown [s\src\hotspot\share\prims\jni.cpp, line 520]
Event: 1587.324 Thread 0x0000022d7a15ca80 Exception <a 'sun/nio/fs/WindowsException'{0x00000000d5587400}> (0x00000000d5587400) 
thrown [s\src\hotspot\share\prims\jni.cpp, line 520]
Event: 1686.270 Thread 0x0000022d7a15eb50 Exception <a 'sun/nio/fs/WindowsException'{0x00000000d55a2c20}> (0x00000000d55a2c20) 
thrown [s\src\hotspot\share\prims\jni.cpp, line 520]
Event: 1686.590 Thread 0x0000022d7a15eb50 Exception <a 'sun/nio/fs/WindowsException'{0x00000000d55a3710}> (0x00000000d55a3710) 
thrown [s\src\hotspot\share\prims\jni.cpp, line 520]
Event: 1723.435 Thread 0x0000022d7a15ca80 Exception <a 'sun/nio/fs/WindowsException'{0x00000000d55e0a00}> (0x00000000d55e0a00) 
thrown [s\src\hotspot\share\prims\jni.cpp, line 520]
Event: 1733.864 Thread 0x0000022d7a15ca80 Exception <a 'sun/nio/fs/WindowsException'{0x00000000d56e8778}> (0x00000000d56e8778) 
thrown [s\src\hotspot\share\prims\jni.cpp, line 520]
Event: 1796.064 Thread 0x0000022d7a15ca80 Exception <a 'sun/nio/fs/WindowsException'{0x00000000d55c09f0}> (0x00000000d55c09f0) 
thrown [s\src\hotspot\share\prims\jni.cpp, line 520]
Event: 1823.183 Thread 0x0000022d7a15ca80 Exception <a 'sun/nio/fs/WindowsException'{0x00000000d55826d0}> (0x00000000d55826d0) 
thrown [s\src\hotspot\share\prims\jni.cpp, line 520]
Event: 1998.457 Thread 0x0000022d7d2694f0 Exception <a 'sun/nio/fs/WindowsException'{0x00000000d563cbb8}> (0x00000000d563cbb8) 
thrown [s\src\hotspot\share\prims\jni.cpp, line 520]
Event: 1998.461 Thread 0x0000022d7d2694f0 Exception <a 'sun/nio/fs/WindowsException'{0x00000000d563d3f8}> (0x00000000d563d3f8) 
thrown [s\src\hotspot\share\prims\jni.cpp, line 520]
Event: 1998.471 Thread 0x0000022d7d2694f0 Exception <a 'sun/nio/fs/WindowsException'{0x00000000d563e450}> (0x00000000d563e450) 
thrown [s\src\hotspot\share\prims\jni.cpp, line 520]
Event: 1998.472 Thread 0x0000022d7d2694f0 Exception <a 'sun/nio/fs/WindowsException'{0x00000000d563ea68}> (0x00000000d563ea68) 
thrown [s\src\hotspot\share\prims\jni.cpp, line 520]
Event: 1998.474 Thread 0x0000022d7d2694f0 Exception <a 'sun/nio/fs/WindowsException'{0x00000000d563f948}> (0x00000000d563f948) 
thrown [s\src\hotspot\share\prims\jni.cpp, line 520]
Event: 1998.475 Thread 0x0000022d7d2694f0 Exception <a 'sun/nio/fs/WindowsException'{0x00000000d5640290}> (0x00000000d5640290) 
thrown [s\src\hotspot\share\prims\jni.cpp, line 520]
Event: 1998.476 Thread 0x0000022d7d2694f0 Exception <a 'sun/nio/fs/WindowsException'{0x00000000d56413f8}> (0x00000000d56413f8) 
thrown [s\src\hotspot\share\prims\jni.cpp, line 520]
Event: 1998.476 Thread 0x0000022d7d2694f0 Exception <a 'sun/nio/fs/WindowsException'{0x00000000d5641c38}> (0x00000000d5641c38) 
thrown [s\src\hotspot\share\prims\jni.cpp, line 520]
Event: 2024.212 Thread 0x0000022d7d26d690 Exception <a 'sun/nio/fs/WindowsException'{0x00000000d57a7410}> (0x00000000d57a7410) 
thrown [s\src\hotspot\share\prims\jni.cpp, line 520]
Event: 2024.217 Thread 0x0000022d7d26d690 Exception <a 'sun/nio/fs/WindowsException'{0x00000000d57a8160}> (0x00000000d57a8160) 
thrown [s\src\hotspot\share\prims\jni.cpp, line 520]

ZGC Phase Switch (0 events):
No events

VM Operations (20 events):
Event: 2050.159 Executing safepoint VM operation: ParallelGCFailedAllocation (Allocation Failure)
Event: 2050.184 Executing safepoint VM operation: ParallelGCFailedAllocation (Allocation Failure) done
Event: 2050.420 Executing safepoint VM operation: ParallelGCFailedAllocation (Allocation Failure)
Event: 2050.452 Executing safepoint VM operation: ParallelGCFailedAllocation (Allocation Failure) done
Event: 2053.036 Executing safepoint VM operation: ParallelGCFailedAllocation (Allocation Failure)
Event: 2053.049 Executing safepoint VM operation: ParallelGCFailedAllocation (Allocation Failure) done
Event: 2053.744 Executing safepoint VM operation: ParallelGCFailedAllocation (Allocation Failure)
Event: 2053.779 Executing safepoint VM operation: ParallelGCFailedAllocation (Allocation Failure) done
Event: 2056.870 Executing safepoint VM operation: ParallelGCFailedAllocation (Allocation Failure)
Event: 2056.891 Executing safepoint VM operation: ParallelGCFailedAllocation (Allocation Failure) done
Event: 2057.438 Executing safepoint VM operation: ParallelGCFailedAllocation (Allocation Failure)
Event: 2057.465 Executing safepoint VM operation: ParallelGCFailedAllocation (Allocation Failure) done
Event: 2058.465 Executing safepoint VM operation: Cleanup
Event: 2058.478 Executing safepoint VM operation: Cleanup done
Event: 2060.183 Executing safepoint VM operation: ParallelGCFailedAllocation (Allocation Failure)
Event: 2060.194 Executing safepoint VM operation: ParallelGCFailedAllocation (Allocation Failure) done
Event: 2060.421 Executing safepoint VM operation: ParallelGCFailedAllocation (Allocation Failure)
Event: 2060.432 Executing safepoint VM operation: ParallelGCFailedAllocation (Allocation Failure) done
Event: 2061.437 Executing safepoint VM operation: Cleanup
Event: 2061.437 Executing safepoint VM operation: Cleanup done

Memory protections (0 events):
No events

Nmethod flushes (20 events):
Event: 928.576 Thread 0x0000022d5d79f180 flushing  nmethod 0x0000022d6313d210
Event: 928.576 Thread 0x0000022d5d79f180 flushing  nmethod 0x0000022d6313de10
Event: 928.576 Thread 0x0000022d5d79f180 flushing  nmethod 0x0000022d6313ef90
Event: 928.576 Thread 0x0000022d5d79f180 flushing  nmethod 0x0000022d6314a990
Event: 928.576 Thread 0x0000022d5d79f180 flushing  nmethod 0x0000022d6314fe10
Event: 928.576 Thread 0x0000022d5d79f180 flushing  nmethod 0x0000022d63152b10
Event: 928.576 Thread 0x0000022d5d79f180 flushing  nmethod 0x0000022d63169210
Event: 928.576 Thread 0x0000022d5d79f180 flushing  nmethod 0x0000022d6316be10
Event: 928.576 Thread 0x0000022d5d79f180 flushing  nmethod 0x0000022d6316d110
Event: 928.576 Thread 0x0000022d5d79f180 flushing  nmethod 0x0000022d6316d590
Event: 928.577 Thread 0x0000022d5d79f180 flushing  nmethod 0x0000022d6316f310
Event: 928.577 Thread 0x0000022d5d79f180 flushing  nmethod 0x0000022d6317f510
Event: 928.577 Thread 0x0000022d5d79f180 flushing  nmethod 0x0000022d63185310
Event: 928.577 Thread 0x0000022d5d79f180 flushing  nmethod 0x0000022d63185910
Event: 928.577 Thread 0x0000022d5d79f180 flushing  nmethod 0x0000022d63186790
Event: 928.577 Thread 0x0000022d5d79f180 flushing  nmethod 0x0000022d6318d410
Event: 928.577 Thread 0x0000022d5d79f180 flushing  nmethod 0x0000022d631b0390
Event: 928.577 Thread 0x0000022d5d79f180 flushing  nmethod 0x0000022d631b1b10
Event: 928.577 Thread 0x0000022d5d79f180 flushing  nmethod 0x0000022d631b4990
Event: 928.577 Thread 0x0000022d5d79f180 flushing  nmethod 0x0000022d631ced90

Events (20 events):
Event: 1687.286 Thread 0x0000022d7d85e950 Thread exited: 0x0000022d7d85e950
Event: 1687.290 Thread 0x0000022d7d26d690 Thread exited: 0x0000022d7d26d690
Event: 1687.322 Thread 0x0000022d7d861740 Thread exited: 0x0000022d7d861740
Event: 1723.522 Thread 0x0000022d7a15eb50 Thread added: 0x0000022d7d861740
Event: 1724.887 Thread 0x0000022d7d270480 Thread added: 0x0000022d7d85e950
Event: 1787.465 Thread 0x0000022d7d85e950 Thread exited: 0x0000022d7d85e950
Event: 1791.947 Thread 0x0000022d7a15eb50 Thread added: 0x0000022d7d85e950
Event: 1797.164 Thread 0x0000022d7d270480 Thread added: 0x0000022d7d26d690
Event: 1854.411 Thread 0x0000022d7d85e950 Thread exited: 0x0000022d7d85e950
Event: 1859.297 Thread 0x0000022d7a15eb50 Thread exited: 0x0000022d7a15eb50
Event: 1867.157 Thread 0x0000022d7d270480 Thread exited: 0x0000022d7d270480
Event: 2024.097 Thread 0x0000022d7d26d690 Thread added: 0x0000022d7a15eb50
Event: 2024.133 Thread 0x0000022d7a15eb50 Thread exited: 0x0000022d7a15eb50
Event: 2024.250 Thread 0x0000022d7d26d690 Thread added: 0x0000022d7a15eb50
Event: 2024.265 Thread 0x0000022d7a15eb50 Thread added: 0x0000022d7a15f870
Event: 2024.269 Thread 0x0000022d7a15eb50 Thread added: 0x0000022d7d85e950
Event: 2024.282 Thread 0x0000022d7a15eb50 Thread exited: 0x0000022d7a15eb50
Event: 2024.283 Thread 0x0000022d7a15f870 Thread exited: 0x0000022d7a15f870
Event: 2024.284 Thread 0x0000022d7d85e950 Thread exited: 0x0000022d7d85e950
Event: 2050.153 Thread 0x0000022d7d26c970 Thread added: 0x0000022d7d85e950


Dynamic libraries:
0x00007ff7b7140000 - 0x00007ff7b714e000 	c:\Users\desau\.vscode\extensions\redhat.java-1.55.0-win32-x64\jre\21.0.11-win32-x86_64\bin\java.exe
0x00007ff908fa0000 - 0x00007ff909206000 	C:\WINDOWS\SYSTEM32\ntdll.dll
0x00007ff906e00000 - 0x00007ff906ec9000 	C:\WINDOWS\System32\KERNEL32.DLL
0x00007ff906590000 - 0x00007ff906990000 	C:\WINDOWS\System32\KERNELBASE.dll
0x00007ff9062f0000 - 0x00007ff90643c000 	C:\WINDOWS\System32\ucrtbase.dll
0x00007ff8f4700000 - 0x00007ff8f4718000 	c:\Users\desau\.vscode\extensions\redhat.java-1.55.0-win32-x64\jre\21.0.11-win32-x86_64\bin\jli.dll
0x00007ff9080e0000 - 0x00007ff9082a7000 	C:\WINDOWS\System32\USER32.dll
0x00007ff906b20000 - 0x00007ff906b47000 	C:\WINDOWS\System32\win32u.dll
0x00007ff906f60000 - 0x00007ff906f8b000 	C:\WINDOWS\System32\GDI32.dll
0x00007ff9061c0000 - 0x00007ff9062e9000 	C:\WINDOWS\System32\gdi32full.dll
0x00007ff9064e0000 - 0x00007ff906583000 	C:\WINDOWS\System32\msvcp_win.dll
0x00007ff8f2080000 - 0x00007ff8f209e000 	c:\Users\desau\.vscode\extensions\redhat.java-1.55.0-win32-x64\jre\21.0.11-win32-x86_64\bin\VCRUNTIME140.dll
0x00007ff8f55a0000 - 0x00007ff8f5832000 	C:\WINDOWS\WinSxS\amd64_microsoft.windows.common-controls_6595b64144ccf1df_6.0.26100.8737_none_3e092eaee333b772\COMCTL32.dll
0x00007ff908b00000 - 0x00007ff908ba9000 	C:\WINDOWS\System32\msvcrt.dll
0x00007ff907670000 - 0x00007ff9076a2000 	C:\WINDOWS\System32\IMM32.DLL
0x00007ff8c2f80000 - 0x00007ff8c311d000 	C:\Program Files (x86)\Citrix\ICA Client\ctxapclient64.dll
0x00007ff907c00000 - 0x00007ff907f83000 	C:\WINDOWS\System32\combase.dll
0x00007ff908bb0000 - 0x00007ff908cc8000 	C:\WINDOWS\System32\RPCRT4.dll
0x00007ff9060b0000 - 0x00007ff9060da000 	C:\WINDOWS\SYSTEM32\bcrypt.dll
0x00007ff908a50000 - 0x00007ff908afa000 	C:\WINDOWS\System32\sechost.dll
0x00007ff8fe4f0000 - 0x00007ff8fe4fb000 	C:\WINDOWS\SYSTEM32\VERSION.dll
0x00007ff9075b0000 - 0x00007ff907667000 	C:\WINDOWS\System32\ADVAPI32.dll
0x00007ff904fd0000 - 0x00007ff905006000 	C:\WINDOWS\SYSTEM32\ntmarta.dll
0x00007ff906a60000 - 0x00007ff906b0c000 	C:\WINDOWS\System32\bcryptprimitives.dll
0x00007ff902ff0000 - 0x00007ff902ffc000 	c:\Users\desau\.vscode\extensions\redhat.java-1.55.0-win32-x64\jre\21.0.11-win32-x86_64\bin\vcruntime140_1.dll
0x00007ff8d6a70000 - 0x00007ff8d6afd000 	c:\Users\desau\.vscode\extensions\redhat.java-1.55.0-win32-x64\jre\21.0.11-win32-x86_64\bin\msvcp140.dll
0x00007ff86d390000 - 0x00007ff86e132000 	c:\Users\desau\.vscode\extensions\redhat.java-1.55.0-win32-x64\jre\21.0.11-win32-x86_64\bin\server\jvm.dll
0x00007ff907f90000 - 0x00007ff908010000 	C:\WINDOWS\System32\WS2_32.dll
0x00007ff906040000 - 0x00007ff90609e000 	C:\WINDOWS\SYSTEM32\POWRPROF.dll
0x00007ff8fe4b0000 - 0x00007ff8fe4e6000 	C:\WINDOWS\SYSTEM32\WINMM.dll
0x00007ff906020000 - 0x00007ff906034000 	C:\WINDOWS\SYSTEM32\UMPDC.dll
0x00007ff904ea0000 - 0x00007ff904ebb000 	C:\WINDOWS\SYSTEM32\kernel.appcore.dll
0x00007ff902de0000 - 0x00007ff902dea000 	c:\Users\desau\.vscode\extensions\redhat.java-1.55.0-win32-x64\jre\21.0.11-win32-x86_64\bin\jimage.dll
0x00007ff8f8b30000 - 0x00007ff8f8d72000 	C:\WINDOWS\SYSTEM32\DBGHELP.DLL
0x00007ff907830000 - 0x00007ff907909000 	C:\WINDOWS\System32\OLEAUT32.dll
0x00007ff8e98c0000 - 0x00007ff8e98fb000 	C:\WINDOWS\SYSTEM32\dbgcore.DLL
0x00007ff8fa540000 - 0x00007ff8fa54f000 	c:\Users\desau\.vscode\extensions\redhat.java-1.55.0-win32-x64\jre\21.0.11-win32-x86_64\bin\instrument.dll
0x00007ff8f2060000 - 0x00007ff8f2080000 	c:\Users\desau\.vscode\extensions\redhat.java-1.55.0-win32-x64\jre\21.0.11-win32-x86_64\bin\java.dll
0x0000022d79000000 - 0x0000022d79792000 	C:\WINDOWS\System32\SHELL32.dll
0x00007ff903ca0000 - 0x00007ff904532000 	C:\WINDOWS\SYSTEM32\windows.storage.dll
0x00007ff907430000 - 0x00007ff907527000 	C:\WINDOWS\System32\SHCORE.dll
0x00007ff908cd0000 - 0x00007ff908d37000 	C:\WINDOWS\System32\shlwapi.dll
0x00007ff9060e0000 - 0x00007ff906109000 	C:\WINDOWS\SYSTEM32\profapi.dll
0x00007ff8eb2c0000 - 0x00007ff8eb2d8000 	c:\Users\desau\.vscode\extensions\redhat.java-1.55.0-win32-x64\jre\21.0.11-win32-x86_64\bin\zip.dll
0x00007ff8f9c60000 - 0x00007ff8f9c70000 	C:\Users\desau\.vscode\extensions\redhat.java-1.55.0-win32-x64\jre\21.0.11-win32-x86_64\bin\net.dll
0x00007ff8fc0a0000 - 0x00007ff8fc1c9000 	C:\WINDOWS\SYSTEM32\WINHTTP.dll
0x00007ff905450000 - 0x00007ff9054bc000 	C:\WINDOWS\system32\mswsock.dll
0x00007ff8eb2a0000 - 0x00007ff8eb2b6000 	C:\Users\desau\.vscode\extensions\redhat.java-1.55.0-win32-x64\jre\21.0.11-win32-x86_64\bin\nio.dll
0x00007ff8f9b30000 - 0x00007ff8f9b40000 	c:\Users\desau\.vscode\extensions\redhat.java-1.55.0-win32-x64\jre\21.0.11-win32-x86_64\bin\verify.dll
0x00007ff8ddb90000 - 0x00007ff8ddbd5000 	C:\Users\desau\AppData\Roaming\Code\User\globalStorage\redhat.java\1.55.0\config_win\org.eclipse.equinox.launcher\org.eclipse.equinox.launcher.win32.win32.x86_64_1.3.100.v20260613-0559\eclipse_11924.dll
0x00007ff908dc0000 - 0x00007ff908f59000 	C:\WINDOWS\System32\ole32.dll
0x00007ff905750000 - 0x00007ff90576b000 	C:\WINDOWS\SYSTEM32\CRYPTSP.dll
0x00007ff904e00000 - 0x00007ff904e39000 	C:\WINDOWS\system32\rsaenh.dll
0x00007ff905510000 - 0x00007ff905542000 	C:\WINDOWS\SYSTEM32\USERENV.dll
0x00007ff905770000 - 0x00007ff90577c000 	C:\WINDOWS\SYSTEM32\CRYPTBASE.dll
0x00007ff904870000 - 0x00007ff9048a3000 	C:\WINDOWS\SYSTEM32\IPHLPAPI.DLL
0x00007ff907420000 - 0x00007ff90742a000 	C:\WINDOWS\System32\NSI.dll
0x00007ff8da6f0000 - 0x00007ff8da739000 	C:\Users\desau\AppData\Local\Temp\jna-95474630\jna9449751854118378671.dll
0x00007ff9076b0000 - 0x00007ff9076b8000 	C:\WINDOWS\System32\PSAPI.DLL
0x00007ff8fbe30000 - 0x00007ff8fbe4d000 	C:\WINDOWS\SYSTEM32\dhcpcsvc6.DLL
0x00007ff8fbc80000 - 0x00007ff8fbca5000 	C:\WINDOWS\SYSTEM32\dhcpcsvc.DLL
0x00007ff903090000 - 0x00007ff90309e000 	C:\Users\desau\.vscode\extensions\redhat.java-1.55.0-win32-x64\jre\21.0.11-win32-x86_64\bin\sunmscapi.dll
0x0000022d4cb80000 - 0x0000022d4ccf8000 	C:\WINDOWS\System32\CRYPT32.dll
0x00007ff905990000 - 0x00007ff9059c0000 	C:\WINDOWS\SYSTEM32\ncrypt.dll
0x00007ff905940000 - 0x00007ff90597f000 	C:\WINDOWS\SYSTEM32\NTASN1.dll
0x00007ff904900000 - 0x00007ff904a55000 	C:\WINDOWS\SYSTEM32\DNSAPI.dll
0x00007ff905250000 - 0x00007ff90525d000 	C:\WINDOWS\SYSTEM32\DSPARSE.dll
0x00007ff8fa620000 - 0x00007ff8fa62b000 	C:\Windows\System32\rasadhlp.dll
0x00007ff902dc0000 - 0x00007ff902dc8000 	C:\WINDOWS\system32\wshunix.dll
0x00007ff903080000 - 0x00007ff903089000 	C:\Users\desau\.vscode\extensions\redhat.java-1.55.0-win32-x64\jre\21.0.11-win32-x86_64\bin\extnet.dll
0x00007ff8fa590000 - 0x00007ff8fa616000 	C:\WINDOWS\System32\fwpuclnt.dll

JVMTI agents:
c:\Users\desau\.vscode\extensions\redhat.java-1.55.0-win32-x64\lombok\lombok-1.18.39-4050.jar path:c:\Users\desau\.vscode\extensions\redhat.java-1.55.0-win32-x64\jre\21.0.11-win32-x86_64\bin\instrument.dll, loaded, initialized, instrumentlib options:none

dbghelp: loaded successfully - version: 4.0.5 - missing functions: none
symbol engine: initialized successfully - sym options: 0x614 - pdb path: .;c:\Users\desau\.vscode\extensions\redhat.java-1.55.0-win32-x64\jre\21.0.11-win32-x86_64\bin;C:\WINDOWS\SYSTEM32;C:\WINDOWS\WinSxS\amd64_microsoft.windows.common-controls_6595b64144ccf1df_6.0.26100.8737_none_3e092eaee333b772;C:\Program Files (x86)\Citrix\ICA Client;c:\Users\desau\.vscode\extensions\redhat.java-1.55.0-win32-x64\jre\21.0.11-win32-x86_64\bin\server;C:\Users\desau\AppData\Roaming\Code\User\globalStorage\redhat.java\1.55.0\config_win\org.eclipse.equinox.launcher\org.eclipse.equinox.launcher.win32.win32.x86_64_1.3.100.v20260613-0559;C:\Users\desau\AppData\Local\Temp\jna-95474630

VM Arguments:
jvm_args: --add-modules=ALL-SYSTEM --add-opens=java.base/java.util=ALL-UNNAMED --add-opens=java.base/java.lang=ALL-UNNAMED --add-opens=java.base/sun.nio.fs=ALL-UNNAMED -Declipse.application=org.eclipse.jdt.ls.core.id1 -Dosgi.bundles.defaultStartLevel=4 -Declipse.product=org.eclipse.jdt.ls.core.product -Djava.import.generatesMetadataFilesAtProjectRoot=false -DDetectVMInstallationsJob.disabled=true -Dfile.encoding=utf8 -XX:+UseParallelGC -XX:GCTimeRatio=4 -XX:AdaptiveSizePolicyWeight=90 -Dsun.zip.disableMemoryMapping=true -Xmx2G -Xms100m -Xlog:disable -javaagent:c:\Users\desau\.vscode\extensions\redhat.java-1.55.0-win32-x64\lombok\lombok-1.18.39-4050.jar -XX:+HeapDumpOnOutOfMemoryError -XX:HeapDumpPath=c:\Users\desau\AppData\Roaming\Code\User\workspaceStorage\4c52fdb731d906dfd86024159bd2e2e1\redhat.java -Daether.dependencyCollector.impl=bf 
java_command: c:\Users\desau\.vscode\extensions\redhat.java-1.55.0-win32-x64\server\plugins\org.eclipse.equinox.launcher_1.7.200.v20260619-2039.jar -configuration c:\Users\desau\AppData\Roaming\Code\User\globalStorage\redhat.java\1.55.0\config_win -data c:\Users\desau\AppData\Roaming\Code\User\workspaceStorage\4c52fdb731d906dfd86024159bd2e2e1\redhat.java\jdt_ws --pipe=\\.\pipe\lsp-cfef30fe1c5ab77e7c1c3db1d0a2054a-sock
java_class_path (initial): c:\Users\desau\.vscode\extensions\redhat.java-1.55.0-win32-x64\server\plugins\org.eclipse.equinox.launcher_1.7.200.v20260619-2039.jar
Launcher Type: SUN_STANDARD

[Global flags]
    uintx AdaptiveSizePolicyWeight                 = 90                                        {product} {command line}
     intx CICompilerCount                          = 3                                         {product} {ergonomic}
    uintx GCTimeRatio                              = 4                                         {product} {command line}
     bool HeapDumpOnOutOfMemoryError               = true                                   {manageable} {command line}
    ccstr HeapDumpPath                             = c:\Users\desau\AppData\Roaming\Code\User\workspaceStorage\4c52fdb731d906dfd86024159bd2e2e1\redhat.java         {manageable} {command line}
   size_t InitialHeapSize                          = 104857600                                 {product} {command line}
   size_t MaxHeapSize                              = 2147483648                                {product} {command line}
   size_t MaxNewSize                               = 715653120                                 {product} {ergonomic}
   size_t MinHeapDeltaBytes                        = 524288                                    {product} {ergonomic}
   size_t MinHeapSize                              = 104857600                                 {product} {command line}
   size_t NewSize                                  = 34603008                                  {product} {ergonomic}
    uintx NonNMethodCodeHeapSize                   = 5832780                                {pd product} {ergonomic}
    uintx NonProfiledCodeHeapSize                  = 122912730                              {pd product} {ergonomic}
   size_t OldSize                                  = 70254592                                  {product} {ergonomic}
    uintx ProfiledCodeHeapSize                     = 122912730                              {pd product} {ergonomic}
    uintx ReservedCodeCacheSize                    = 251658240                              {pd product} {ergonomic}
     bool SegmentedCodeCache                       = true                                      {product} {ergonomic}
   size_t SoftMaxHeapSize                          = 2147483648                             {manageable} {ergonomic}
     bool UseCompressedOops                        = true                           {product lp64_product} {ergonomic}
     bool UseLargePagesIndividualAllocation        = false                                  {pd product} {ergonomic}
     bool UseParallelGC                            = true                                      {product} {command line}

Logging:
Log output configuration:
 #0: stdout all=off uptime,level,tags foldmultilines=false
 #1: stderr all=off uptime,level,tags foldmultilines=false

Release file:
JAVA_VERSION="21.0.11" 
MODULES="java.base java.compiler java.datatransfer java.xml java.prefs java.desktop java.instrument java.logging java.management java.security.sasl java.naming java.rmi java.management.rmi java.net.http java.scripting java.security.jgss java.transaction.xa java.sql java.sql.rowset java.xml.crypto java.se java.smartcardio jdk.accessibility jdk.internal.jvmstat jdk.attach jdk.charsets jdk.internal.opt jdk.zipfs jdk.compiler jdk.crypto.ec jdk.crypto.cryptoki jdk.crypto.mscapi jdk.dynalink jdk.internal.ed jdk.editpad jdk.hotspot.agent jdk.httpserver jdk.internal.le jdk.internal.vm.ci jdk.internal.vm.compiler jdk.internal.vm.compiler.management jdk.jartool jdk.javadoc jdk.jcmd jdk.management jdk.management.agent jdk.jconsole jdk.jdeps jdk.jdwp.agent jdk.jdi jdk.jfr jdk.jshell jdk.jsobject jdk.jstatd jdk.localedata jdk.management.jfr jdk.naming.dns jdk.naming.rmi jdk.net jdk.nio.mapmode jdk.random jdk.sctp jdk.security.auth jdk.security.jgss jdk.unsupported jdk.unsupported.desktop jdk.xml.dom" 

Environment Variables:
PATH=C:\Program Files\Microsoft\jdk-25.0.3.9-hotspot\bin;C:\Program Files\Common Files\Oracle\Java\javapath;C:\WINDOWS\system32;C:\WINDOWS;C:\WINDOWS\System32\Wbem;C:\WINDOWS\System32\WindowsPowerShell\v1.0\;C:\WINDOWS\System32\OpenSSH\;C:\WINDOWS\system32;C:\WINDOWS;C:\WINDOWS\System32\Wbem;C:\WINDOWS\System32\WindowsPowerShell\v1.0\;C:\WINDOWS\System32\OpenSSH\;C:\Program Files\Microsoft SQL Server\150\Tools\Binn\;C:\Program Files (x86)\Windows Kits\10\Windows Performance Toolkit\;C:\Program Files\Microsoft SQL Server\170\Tools\Binn\;C:\Program Files\Git\cmd;C:\Users\desau\AppData\Local\Microsoft\WindowsApps;C:\Users\desau\AppData\Local\Programs\Microsoft VS Code\bin
USERNAME=desau
OS=Windows_NT
PROCESSOR_IDENTIFIER=AMD64 Family 23 Model 24 Stepping 1, AuthenticAMD
TMP=C:\Users\desau\AppData\Local\Temp
TEMP=C:\Users\desau\AppData\Local\Temp




Periodic native trim disabled

---------------  S Y S T E M  ---------------

OS:
 Windows 11 , 64 bit Build 26100 (10.0.26100.8737)
OS uptime: 8 days 15:08 hours

CPU: total 4 (initial active 4) (4 cores per cpu, 2 threads per core) family 23 model 24 stepping 1 microcode 0x8108109, cx8, cmov, fxsr, ht, mmx, 3dnowpref, sse, sse2, sse3, ssse3, sse4a, sse4.1, sse4.2, popcnt, lzcnt, tsc, tscinvbit, avx, avx2, aes, clmul, bmi1, bmi2, adx, sha, fma, vzeroupper, clflush, clflushopt, rdtscp, f16c
Processor Information for the first 4 processors :
  Max Mhz: 2600, Current Mhz: 2600, Mhz Limit: 2600

Memory: 4k page, system-wide physical 3463M (332M free)
TotalPageFile size 14215M (AvailPageFile size 7M)
current process WorkingSet (physical memory assigned to process): 171M, peak: 418M
current process commit charge ("private bytes"): 1379M, peak: 1385M

vm_info: OpenJDK 64-Bit Server VM (21.0.11+10-LTS) for windows-amd64 JRE (21.0.11+10-LTS), built on 2026-04-21T00:00:00Z by "admin" with MS VC++ 17.12 (VS2022)

END.
