#
# There is insufficient memory for the Java Runtime Environment to continue.
# Native memory allocation (malloc) failed to allocate 1048576 bytes. Error detail: AllocateHeap
# Possible reasons:
#   The system is out of physical RAM or swap space
#   This process is running with CompressedOops enabled, and the Java Heap may be blocking the growth of the native heap
# Possible solutions:
#   Reduce memory load on the system
#   Increase physical memory or swap space
#   Check if swap backing store is full
#   Decrease Java heap size (-Xmx/-Xms)
#   Decrease number of Java threads
#   Decrease Java thread stack sizes (-Xss)
#   Set larger code cache with -XX:ReservedCodeCacheSize=
#   JVM is running with Unscaled Compressed Oops mode in which the Java heap is
#     placed in the first 4GB address space. The Java Heap base address is the
#     maximum limit for the native heap growth. Please use -XX:HeapBaseMinAddress
#     to set the Java Heap base and to place the Java Heap above 4GB virtual address.
# This output file may be truncated or incomplete.
#
#  Out of Memory Error (allocation.cpp:44), pid=6384, tid=11488
#
# JRE version: OpenJDK Runtime Environment Temurin-21.0.11+10 (21.0.11+10) (build 21.0.11+10-LTS)
# Java VM: OpenJDK 64-Bit Server VM Temurin-21.0.11+10 (21.0.11+10-LTS, mixed mode, sharing, tiered, compressed oops, compressed class ptrs, parallel gc, windows-amd64)
# No core dump will be written. Minidumps are not enabled by default on client versions of Windows
#

---------------  S U M M A R Y ------------

Command Line: --add-modules=ALL-SYSTEM --add-opens=java.base/java.util=ALL-UNNAMED --add-opens=java.base/java.lang=ALL-UNNAMED --add-opens=java.base/sun.nio.fs=ALL-UNNAMED -Declipse.application=org.eclipse.jdt.ls.core.id1 -Dosgi.bundles.defaultStartLevel=4 -Declipse.product=org.eclipse.jdt.ls.core.product -Djava.import.generatesMetadataFilesAtProjectRoot=false -DDetectVMInstallationsJob.disabled=true -Dfile.encoding=utf8 -XX:+UseParallelGC -XX:GCTimeRatio=4 -XX:AdaptiveSizePolicyWeight=90 -Dsun.zip.disableMemoryMapping=true -Xmx2G -Xms100m -Xlog:disable -javaagent:c:\Users\desau\.vscode\extensions\redhat.java-1.55.0-win32-x64\lombok\lombok-1.18.39-4050.jar -XX:+HeapDumpOnOutOfMemoryError -XX:HeapDumpPath=c:\Users\desau\AppData\Roaming\Code\User\workspaceStorage\4c52fdb731d906dfd86024159bd2e2e1\redhat.java -Daether.dependencyCollector.impl=bf c:\Users\desau\.vscode\extensions\redhat.java-1.55.0-win32-x64\server\plugins\org.eclipse.equinox.launcher_1.7.200.v20260619-2039.jar -configuration c:\Users\desau\AppData\Roaming\Code\User\globalStorage\redhat.java\1.55.0\config_win -data c:\Users\desau\AppData\Roaming\Code\User\workspaceStorage\4c52fdb731d906dfd86024159bd2e2e1\redhat.java\jdt_ws --pipe=\\.\pipe\lsp-9a76a936a1f8d68add1ca629356b7e9b-sock

Host: AMD Ryzen 3 3250U with Radeon Graphics         , 4 cores, 3G,  Windows 11 , 64 bit Build 26100 (10.0.26100.8737)
Time: Tue Jul 14 11:28:27 2026 Eastern Daylight Time elapsed time: 1757.632657 seconds (0d 0h 29m 17s)

---------------  T H R E A D  ---------------

Current thread (0x000002a86ddc0a60):  JavaThread "Attach Listener" daemon [_thread_in_vm, id=11488, stack(0x000000d06e400000,0x000000d06e500000) (1024K)]

Stack: [0x000000d06e400000,0x000000d06e500000]
Native frames: (J=compiled Java code, j=interpreted, Vv=VM code, C=native code)
V  [jvm.dll+0x6d7e19]
V  [jvm.dll+0x8b5096]
V  [jvm.dll+0x8b764e]
V  [jvm.dll+0x8b7d33]
V  [jvm.dll+0x284596]
V  [jvm.dll+0xc13c7]
V  [jvm.dll+0x6d86c9]
V  [jvm.dll+0x133616]
V  [jvm.dll+0x3f868e]
V  [jvm.dll+0x85fb0d]
V  [jvm.dll+0x6d664d]
C  [ucrtbase.dll+0x2cd30]
C  [KERNEL32.DLL+0x2e957]
C  [ntdll.dll+0xaad6c]


---------------  P R O C E S S  ---------------

Threads class SMR info:
_java_thread_list=0x000002a87bc73e20, length=37, elements={
0x000002a86bbc5540, 0x000002a86df5c1f0, 0x000002a86df5e600, 0x000002a86ddbfe00,
0x000002a86ddc0a60, 0x000002a86ddc16c0, 0x000002a86ddc4330, 0x000002a86ddc70d0,
0x000002a86ddf9390, 0x000002a876d3ab30, 0x000002a876dc2d20, 0x000002a87b453060,
0x000002a87b5e0b20, 0x000002a87b3cec20, 0x000002a87b1a1410, 0x000002a87b3cbe70,
0x000002a87ba2d3d0, 0x000002a87b971710, 0x000002a87bb0aa20, 0x000002a87bb082c0,
0x000002a87bb09670, 0x000002a87b38d420, 0x000002a87b38cd90, 0x000002a87b390210,
0x000002a87b38e140, 0x000002a87b38f4f0, 0x000002a87b390f30, 0x000002a87b38e7d0,
0x000002a87e360800, 0x000002a87e362f60, 0x000002a87e35e0a0, 0x000002a87e35e730,
0x000002a87e362240, 0x000002a87dbc8fc0, 0x000002a87dbc6ef0, 0x000002a87dbc7580,
0x000002a87dbc9650
}

Java Threads: ( => current thread )
  0x000002a86bbc5540 JavaThread "main"                              [_thread_blocked, id=13500, stack(0x000000d06dc00000,0x000000d06dd00000) (1024K)]
  0x000002a86df5c1f0 JavaThread "Reference Handler"          daemon [_thread_blocked, id=15128, stack(0x000000d06e100000,0x000000d06e200000) (1024K)]
  0x000002a86df5e600 JavaThread "Finalizer"                  daemon [_thread_blocked, id=19672, stack(0x000000d06e200000,0x000000d06e300000) (1024K)]
  0x000002a86ddbfe00 JavaThread "Signal Dispatcher"          daemon [_thread_blocked, id=23872, stack(0x000000d06e300000,0x000000d06e400000) (1024K)]
=>0x000002a86ddc0a60 JavaThread "Attach Listener"            daemon [_thread_in_vm, id=11488, stack(0x000000d06e400000,0x000000d06e500000) (1024K)]
  0x000002a86ddc16c0 JavaThread "Service Thread"             daemon [_thread_blocked, id=24092, stack(0x000000d06e500000,0x000000d06e600000) (1024K)]
  0x000002a86ddc4330 JavaThread "Monitor Deflation Thread"   daemon [_thread_blocked, id=20308, stack(0x000000d06e600000,0x000000d06e700000) (1024K)]
  0x000002a86ddc70d0 JavaThread "C2 CompilerThread0"         daemon [_thread_blocked, id=6452, stack(0x000000d06e700000,0x000000d06e800000) (1024K)]
  0x000002a86ddf9390 JavaThread "C1 CompilerThread0"         daemon [_thread_blocked, id=17768, stack(0x000000d06e800000,0x000000d06e900000) (1024K)]
  0x000002a876d3ab30 JavaThread "Common-Cleaner"             daemon [_thread_blocked, id=9280, stack(0x000000d06e900000,0x000000d06ea00000) (1024K)]
  0x000002a876dc2d20 JavaThread "Notification Thread"        daemon [_thread_blocked, id=232, stack(0x000000d06ea00000,0x000000d06eb00000) (1024K)]
  0x000002a87b453060 JavaThread "Active Thread: Equinox Container: d5c4c265-26dc-4327-991e-7dba90e6abd2"        [_thread_blocked, id=16964, stack(0x000000d06ee00000,0x000000d06ef00000) (1024K)]
  0x000002a87b5e0b20 JavaThread "Refresh Thread: Equinox Container: d5c4c265-26dc-4327-991e-7dba90e6abd2" daemon [_thread_blocked, id=14900, stack(0x000000d06ef00000,0x000000d06f000000) (1024K)]
  0x000002a87b3cec20 JavaThread "Framework Event Dispatcher: Equinox Container: d5c4c265-26dc-4327-991e-7dba90e6abd2" daemon [_thread_blocked, id=22752, stack(0x000000d06f000000,0x000000d06f100000) (1024K)]
  0x000002a87b1a1410 JavaThread "Start Level: Equinox Container: d5c4c265-26dc-4327-991e-7dba90e6abd2" daemon [_thread_blocked, id=23568, stack(0x000000d06f100000,0x000000d06f200000) (1024K)]
  0x000002a87b3cbe70 JavaThread "Bundle File Closer"         daemon [_thread_blocked, id=21028, stack(0x000000d06f200000,0x000000d06f300000) (1024K)]
  0x000002a87ba2d3d0 JavaThread "SCR Component Actor"        daemon [_thread_blocked, id=16308, stack(0x000000d06f300000,0x000000d06f400000) (1024K)]
  0x000002a87b971710 JavaThread "Worker-JM"                         [_thread_blocked, id=21492, stack(0x000000d06f400000,0x000000d06f500000) (1024K)]
  0x000002a87bb0aa20 JavaThread "JNA Cleaner"                daemon [_thread_blocked, id=18264, stack(0x000000d06f500000,0x000000d06f600000) (1024K)]
  0x000002a87bb082c0 JavaThread "Java indexing"              daemon [_thread_blocked, id=6064, stack(0x000000d06f900000,0x000000d06fa00000) (1024K)]
  0x000002a87bb09670 JavaThread "Thread-1"                   daemon [_thread_in_native, id=12260, stack(0x000000d06fe00000,0x000000d06ff00000) (1024K)]
  0x000002a87b38d420 JavaThread "Thread-2"                   daemon [_thread_in_native, id=21508, stack(0x000000d06ff00000,0x000000d070000000) (1024K)]
  0x000002a87b38cd90 JavaThread "Thread-3"                   daemon [_thread_in_native, id=15744, stack(0x000000d070000000,0x000000d070100000) (1024K)]
  0x000002a87b390210 JavaThread "Thread-4"                   daemon [_thread_in_native, id=9388, stack(0x000000d070100000,0x000000d070200000) (1024K)]
  0x000002a87b38e140 JavaThread "Thread-5"                   daemon [_thread_in_native, id=16220, stack(0x000000d070200000,0x000000d070300000) (1024K)]
  0x000002a87b38f4f0 JavaThread "pool-2-thread-1"                   [_thread_blocked, id=17688, stack(0x000000d070300000,0x000000d070400000) (1024K)]
  0x000002a87b390f30 JavaThread "WorkspaceEventsHandler"            [_thread_blocked, id=2104, stack(0x000000d070400000,0x000000d070500000) (1024K)]
  0x000002a87b38e7d0 JavaThread "pool-1-thread-1"                   [_thread_blocked, id=21404, stack(0x000000d070500000,0x000000d070600000) (1024K)]
  0x000002a87e360800 JavaThread "Cleaner-0"                  daemon [_thread_blocked, id=15092, stack(0x000000d070a00000,0x000000d070b00000) (1024K)]
  0x000002a87e362f60 JavaThread "Worker-6"                          [_thread_blocked, id=6160, stack(0x000000d070600000,0x000000d070700000) (1024K)]
  0x000002a87e35e0a0 JavaThread "ForkJoinPool.commonPool-worker-6" daemon [_thread_blocked, id=15752, stack(0x000000d06f700000,0x000000d06f800000) (1024K)]
  0x000002a87e35e730 JavaThread "ForkJoinPool.commonPool-worker-9" daemon [_thread_blocked, id=22248, stack(0x000000d06fa00000,0x000000d06fb00000) (1024K)]
  0x000002a87e362240 JavaThread "Worker-7"                          [_thread_blocked, id=18784, stack(0x000000d06f800000,0x000000d06f900000) (1024K)]
  0x000002a87dbc8fc0 JavaThread "PatternSearchJob-worker-4"  daemon [_thread_blocked, id=6808, stack(0x000000d070900000,0x000000d070a00000) (1024K)]
  0x000002a87dbc6ef0 JavaThread "PatternSearchJob-worker-5"  daemon [_thread_blocked, id=6704, stack(0x000000d070b00000,0x000000d070c00000) (1024K)]
  0x000002a87dbc7580 JavaThread "PatternSearchJob-worker-6"  daemon [_thread_blocked, id=20316, stack(0x000000d070c00000,0x000000d070d00000) (1024K)]
  0x000002a87dbc9650 JavaThread "ForkJoinPool.commonPool-worker-10" daemon [_thread_blocked, id=23556, stack(0x000000d070d00000,0x000000d070e00000) (1024K)]
Total: 37

Other Threads:
  0x000002a86df499f0 VMThread "VM Thread"                           [id=19236, stack(0x000000d06e000000,0x000000d06e100000) (1024K)]
  0x000002a86dd2ca00 WatcherThread "VM Periodic Task Thread"        [id=8228, stack(0x000000d06df00000,0x000000d06e000000) (1024K)]
  0x000002a86deebe10 WorkerThread "GC Thread#0"                     [id=17544, stack(0x000000d06de00000,0x000000d06df00000) (1024K)]
  0x000002a87b48b750 WorkerThread "GC Thread#1"                     [id=5880, stack(0x000000d06eb00000,0x000000d06ec00000) (1024K)]
  0x000002a87b3f2a10 WorkerThread "GC Thread#2"                     [id=15384, stack(0x000000d06ec00000,0x000000d06ed00000) (1024K)]
  0x000002a87b3f2dc0 WorkerThread "GC Thread#3"                     [id=2840, stack(0x000000d06ed00000,0x000000d06ee00000) (1024K)]
Total: 6

Threads with active compile tasks:
Total: 0

VM state: not at safepoint (normal execution)

VM Mutex/Monitor currently owned by a thread: None

Heap address: 0x0000000080000000, size: 2048 MB, Compressed Oops mode: 32-bit

CDS archive(s) mapped at: [0x000002a80f000000-0x000002a80fba0000-0x000002a80fba0000), size 12189696, SharedBaseAddress: 0x000002a80f000000, ArchiveRelocationMode: 1.
Compressed class space mapped at: 0x000002a810000000-0x000002a850000000, reserved size: 1073741824
Narrow klass base: 0x000002a80f000000, Narrow klass shift: 0, Narrow klass range: 0x100000000

GC Precious Log:
 CardTable entry size: 512
 CPUs: 4 total, 4 available
 Memory: 3463M
 Large Page Support: Disabled
 NUMA Support: Disabled
 Compressed Oops: Enabled (32-bit)
 Alignments: Space 512K, Generation 512K, Heap 2M
 Heap Min Capacity: 100M
 Heap Initial Capacity: 100M
 Heap Max Capacity: 2G
 Pre-touch: Disabled
 Parallel Workers: 4

Heap:
 PSYoungGen      total 4096K, used 1223K [0x00000000d5580000, 0x00000000d5c00000, 0x0000000100000000)
  eden space 3584K, 30% used [0x00000000d5580000,0x00000000d5691c18,0x00000000d5900000)
  from space 512K, 25% used [0x00000000d5b00000,0x00000000d5b20000,0x00000000d5b80000)
  to   space 512K, 0% used [0x00000000d5b80000,0x00000000d5b80000,0x00000000d5c00000)
 ParOldGen       total 665600K, used 665276K [0x0000000080000000, 0x00000000a8a00000, 0x00000000d5580000)
  object space 665600K, 99% used [0x0000000080000000,0x00000000a89af320,0x00000000a8a00000)
 Metaspace       used 80542K, committed 82368K, reserved 1179648K
  class space    used 8634K, committed 9472K, reserved 1048576K

Card table byte_map: [0x000002a86d840000,0x000002a86dc50000] _byte_map_base: 0x000002a86d440000

Marking Bits: (ParMarkBitMap*) 0x00007ff865764460
 Begin Bits: [0x000002a871350000, 0x000002a873350000)
 End Bits:   [0x000002a873350000, 0x000002a875350000)

Polling page: 0x000002a86c1d0000

Metaspace:

Usage:
  Non-class:     70.22 MB used.
      Class:      8.43 MB used.
       Both:     78.65 MB used.

Virtual space:
  Non-class space:      128.00 MB reserved,      71.19 MB ( 56%) committed,  2 nodes.
      Class space:        1.00 GB reserved,       9.25 MB ( <1%) committed,  1 nodes.
             Both:        1.12 GB reserved,      80.44 MB (  7%) committed. 

Chunk freelists:
   Non-Class:  8.51 MB
       Class:  6.80 MB
        Both:  15.31 MB

MaxMetaspaceSize: unlimited
CompressedClassSpaceSize: 1.00 GB
Initial GC threshold: 21.00 MB
Current GC threshold: 97.31 MB
CDS: on
 - commit_granule_bytes: 65536.
 - commit_granule_words: 8192.
 - virtual_space_node_default_size: 8388608.
 - enlarge_chunks_in_place: 1.
 - use_allocation_guard: 0.


Internal statistics:

num_allocs_failed_limit: 9.
num_arena_births: 1534.
num_arena_deaths: 14.
num_vsnodes_births: 3.
num_vsnodes_deaths: 0.
num_space_committed: 1287.
num_space_uncommitted: 0.
num_chunks_returned_to_freelist: 23.
num_chunks_taken_from_freelist: 5379.
num_chunk_merges: 11.
num_chunk_splits: 3232.
num_chunks_enlarged: 1702.
num_inconsistent_stats: 0.

CodeHeap 'non-profiled nmethods': size=120000Kb used=10482Kb max_used=10482Kb free=109517Kb
 bounds [0x000002a807ad0000, 0x000002a808510000, 0x000002a80f000000]
CodeHeap 'profiled nmethods': size=120000Kb used=32579Kb max_used=32579Kb free=87420Kb
 bounds [0x000002a800000000, 0x000002a801fe0000, 0x000002a807530000]
CodeHeap 'non-nmethods': size=5760Kb used=1515Kb max_used=1564Kb free=4244Kb
 bounds [0x000002a807530000, 0x000002a8077a0000, 0x000002a807ad0000]
CodeCache: size=245760Kb, used=44576Kb, max_used=44625Kb, free=201181Kb
 total_blobs=15038, nmethods=14200, adapters=743, full_count=0
Compilation: enabled, stopped_count=0, restarted_count=0

Compilation events (20 events):
Event: 1747.420 Thread 0x000002a86ddc70d0 15001       4       com.google.gson.internal.GsonTypes::getRawType (172 bytes)
Event: 1747.446 Thread 0x000002a86ddc70d0 nmethod 15001 0x000002a808508e10 code [0x000002a808508fe0, 0x000002a808509270]
Event: 1748.087 Thread 0x000002a86ddc70d0 15002       4       com.google.gson.reflect.TypeToken::<init> (41 bytes)
Event: 1748.158 Thread 0x000002a86ddc70d0 nmethod 15002 0x000002a808509490 code [0x000002a808509780, 0x000002a80850a590]
Event: 1748.433 Thread 0x000002a86ddf9390 15003       3       org.eclipse.core.internal.jobs.JobManager::select (60 bytes)
Event: 1748.441 Thread 0x000002a86ddf9390 nmethod 15003 0x000002a801fcd890 code [0x000002a801fcda80, 0x000002a801fcdff8]
Event: 1748.634 Thread 0x000002a86ddc70d0 15004       4       java.time.ZoneRegion::getRules (23 bytes)
Event: 1748.636 Thread 0x000002a86ddc70d0 nmethod 15004 0x000002a80850af90 code [0x000002a80850b120, 0x000002a80850b1d0]
Event: 1748.638 Thread 0x000002a86ddf9390 15005       3       java.time.LocalDate::get0 (261 bytes)
Event: 1748.653 Thread 0x000002a86ddf9390 nmethod 15005 0x000002a801fce190 code [0x000002a801fce540, 0x000002a801fcf928]
Event: 1748.654 Thread 0x000002a86ddf9390 15006       3       java.io.PrintStream::ensureOpen (18 bytes)
Event: 1748.655 Thread 0x000002a86ddf9390 nmethod 15006 0x000002a801fd0090 code [0x000002a801fd0240, 0x000002a801fd0448]
Event: 1748.814 Thread 0x000002a86ddc70d0 15007       4       jdk.internal.org.objectweb.asm.Frame::pop (53 bytes)
Event: 1748.848 Thread 0x000002a86ddc70d0 nmethod 15007 0x000002a80850b290 code [0x000002a80850b500, 0x000002a80850bf60]
Event: 1748.922 Thread 0x000002a86ddf9390 15008       1       org.eclipse.lsp4j.InlayHintParams::getTextDocument (5 bytes)
Event: 1748.933 Thread 0x000002a86ddf9390 nmethod 15008 0x000002a80850c810 code [0x000002a80850c9a0, 0x000002a80850ca68]
Event: 1751.533 Thread 0x000002a86ddf9390 15009       3       com.google.gson.stream.JsonWriter::endObject (9 bytes)
Event: 1751.535 Thread 0x000002a86ddf9390 nmethod 15009 0x000002a801fd0510 code [0x000002a801fd06c0, 0x000002a801fd0810]
Event: 1752.370 Thread 0x000002a86ddf9390 15010       3       com.google.gson.internal.LazilyParsedNumber::<init> (10 bytes)
Event: 1752.465 Thread 0x000002a86ddf9390 nmethod 15010 0x000002a801fd0890 code [0x000002a801fd0a40, 0x000002a801fd0c28]

GC Heap History (20 events):
Event: 1565.839 GC heap before
{Heap before GC invocations=655 (full 3):
 PSYoungGen      total 1536K, used 1119K [0x00000000d5580000, 0x00000000d5b80000, 0x0000000100000000)
  eden space 1024K, 99% used [0x00000000d5580000,0x00000000d567ffd8,0x00000000d5680000)
  from space 512K, 18% used [0x00000000d5680000,0x00000000d5698000,0x00000000d5700000)
  to   space 1536K, 0% used [0x00000000d5a00000,0x00000000d5a00000,0x00000000d5b80000)
 ParOldGen       total 657408K, used 657210K [0x0000000080000000, 0x00000000a8200000, 0x00000000d5580000)
  object space 657408K, 99% used [0x0000000080000000,0x00000000a81ceb90,0x00000000a8200000)
 Metaspace       used 79631K, committed 81408K, reserved 1179648K
  class space    used 8522K, committed 9280K, reserved 1048576K
}
Event: 1565.845 GC heap after
{Heap after GC invocations=655 (full 3):
 PSYoungGen      total 3072K, used 1045K [0x00000000d5580000, 0x00000000d5b80000, 0x0000000100000000)
  eden space 1536K, 0% used [0x00000000d5580000,0x00000000d5580000,0x00000000d5700000)
  from space 1536K, 68% used [0x00000000d5a00000,0x00000000d5b054b8,0x00000000d5b80000)
  to   space 1536K, 0% used [0x00000000d5880000,0x00000000d5880000,0x00000000d5a00000)
 ParOldGen       total 657408K, used 657250K [0x0000000080000000, 0x00000000a8200000, 0x00000000d5580000)
  object space 657408K, 99% used [0x0000000080000000,0x00000000a81d8b90,0x00000000a8200000)
 Metaspace       used 79631K, committed 81408K, reserved 1179648K
  class space    used 8522K, committed 9280K, reserved 1048576K
}
Event: 1565.856 GC heap before
{Heap before GC invocations=656 (full 3):
 PSYoungGen      total 3072K, used 2581K [0x00000000d5580000, 0x00000000d5b80000, 0x0000000100000000)
  eden space 1536K, 100% used [0x00000000d5580000,0x00000000d5700000,0x00000000d5700000)
  from space 1536K, 68% used [0x00000000d5a00000,0x00000000d5b054b8,0x00000000d5b80000)
  to   space 1536K, 0% used [0x00000000d5880000,0x00000000d5880000,0x00000000d5a00000)
 ParOldGen       total 657408K, used 657250K [0x0000000080000000, 0x00000000a8200000, 0x00000000d5580000)
  object space 657408K, 99% used [0x0000000080000000,0x00000000a81d8b90,0x00000000a8200000)
 Metaspace       used 79631K, committed 81408K, reserved 1179648K
  class space    used 8522K, committed 9280K, reserved 1048576K
}
Event: 1565.865 GC heap after
{Heap after GC invocations=656 (full 3):
 PSYoungGen      total 3584K, used 1510K [0x00000000d5580000, 0x00000000d5d80000, 0x0000000100000000)
  eden space 2048K, 0% used [0x00000000d5580000,0x00000000d5580000,0x00000000d5780000)
  from space 1536K, 98% used [0x00000000d5880000,0x00000000d59f9888,0x00000000d5a00000)
  to   space 3072K, 0% used [0x00000000d5a80000,0x00000000d5a80000,0x00000000d5d80000)
 ParOldGen       total 658432K, used 658296K [0x0000000080000000, 0x00000000a8300000, 0x00000000d5580000)
  object space 658432K, 99% used [0x0000000080000000,0x00000000a82de048,0x00000000a8300000)
 Metaspace       used 79631K, committed 81408K, reserved 1179648K
  class space    used 8522K, committed 9280K, reserved 1048576K
}
Event: 1565.911 GC heap before
{Heap before GC invocations=657 (full 3):
 PSYoungGen      total 3584K, used 3558K [0x00000000d5580000, 0x00000000d5d80000, 0x0000000100000000)
  eden space 2048K, 100% used [0x00000000d5580000,0x00000000d5780000,0x00000000d5780000)
  from space 1536K, 98% used [0x00000000d5880000,0x00000000d59f9888,0x00000000d5a00000)
  to   space 3072K, 0% used [0x00000000d5a80000,0x00000000d5a80000,0x00000000d5d80000)
 ParOldGen       total 658432K, used 658296K [0x0000000080000000, 0x00000000a8300000, 0x00000000d5580000)
  object space 658432K, 99% used [0x0000000080000000,0x00000000a82de048,0x00000000a8300000)
 Metaspace       used 79631K, committed 81408K, reserved 1179648K
  class space    used 8522K, committed 9280K, reserved 1048576K
}
Event: 1565.928 GC heap after
{Heap after GC invocations=657 (full 3):
 PSYoungGen      total 5120K, used 2048K [0x00000000d5580000, 0x00000000d5d00000, 0x0000000100000000)
  eden space 2560K, 0% used [0x00000000d5580000,0x00000000d5580000,0x00000000d5800000)
  from space 2560K, 80% used [0x00000000d5a80000,0x00000000d5c80000,0x00000000d5d00000)
  to   space 2560K, 0% used [0x00000000d5800000,0x00000000d5800000,0x00000000d5a80000)
 ParOldGen       total 659968K, used 659790K [0x0000000080000000, 0x00000000a8480000, 0x00000000d5580000)
  object space 659968K, 99% used [0x0000000080000000,0x00000000a84538d0,0x00000000a8480000)
 Metaspace       used 79631K, committed 81408K, reserved 1179648K
  class space    used 8522K, committed 9280K, reserved 1048576K
}
Event: 1565.962 GC heap before
{Heap before GC invocations=658 (full 3):
 PSYoungGen      total 5120K, used 4608K [0x00000000d5580000, 0x00000000d5d00000, 0x0000000100000000)
  eden space 2560K, 100% used [0x00000000d5580000,0x00000000d5800000,0x00000000d5800000)
  from space 2560K, 80% used [0x00000000d5a80000,0x00000000d5c80000,0x00000000d5d00000)
  to   space 2560K, 0% used [0x00000000d5800000,0x00000000d5800000,0x00000000d5a80000)
 ParOldGen       total 659968K, used 659790K [0x0000000080000000, 0x00000000a8480000, 0x00000000d5580000)
  object space 659968K, 99% used [0x0000000080000000,0x00000000a84538d0,0x00000000a8480000)
 Metaspace       used 79633K, committed 81408K, reserved 1179648K
  class space    used 8522K, committed 9280K, reserved 1048576K
}
Event: 1565.994 GC heap after
{Heap after GC invocations=658 (full 3):
 PSYoungGen      total 5120K, used 2560K [0x00000000d5580000, 0x00000000d5e80000, 0x0000000100000000)
  eden space 2560K, 0% used [0x00000000d5580000,0x00000000d5580000,0x00000000d5800000)
  from space 2560K, 100% used [0x00000000d5800000,0x00000000d5a80000,0x00000000d5a80000)
  to   space 3072K, 0% used [0x00000000d5b80000,0x00000000d5b80000,0x00000000d5e80000)
 ParOldGen       total 662016K, used 661814K [0x0000000080000000, 0x00000000a8680000, 0x00000000d5580000)
  object space 662016K, 99% used [0x0000000080000000,0x00000000a864d8d0,0x00000000a8680000)
 Metaspace       used 79633K, committed 81408K, reserved 1179648K
  class space    used 8522K, committed 9280K, reserved 1048576K
}
Event: 1566.561 GC heap before
{Heap before GC invocations=659 (full 3):
 PSYoungGen      total 5120K, used 5119K [0x00000000d5580000, 0x00000000d5e80000, 0x0000000100000000)
  eden space 2560K, 99% used [0x00000000d5580000,0x00000000d57fffe8,0x00000000d5800000)
  from space 2560K, 100% used [0x00000000d5800000,0x00000000d5a80000,0x00000000d5a80000)
  to   space 3072K, 0% used [0x00000000d5b80000,0x00000000d5b80000,0x00000000d5e80000)
 ParOldGen       total 662016K, used 661814K [0x0000000080000000, 0x00000000a8680000, 0x00000000d5580000)
  object space 662016K, 99% used [0x0000000080000000,0x00000000a864d8d0,0x00000000a8680000)
 Metaspace       used 79751K, committed 81536K, reserved 1179648K
  class space    used 8535K, committed 9344K, reserved 1048576K
}
Event: 1566.575 GC heap after
{Heap after GC invocations=659 (full 3):
 PSYoungGen      total 3584K, used 448K [0x00000000d5580000, 0x00000000d5c00000, 0x0000000100000000)
  eden space 3072K, 0% used [0x00000000d5580000,0x00000000d5580000,0x00000000d5880000)
  from space 512K, 87% used [0x00000000d5b80000,0x00000000d5bf0000,0x00000000d5c00000)
  to   space 1536K, 0% used [0x00000000d5900000,0x00000000d5900000,0x00000000d5a80000)
 ParOldGen       total 664576K, used 664334K [0x0000000080000000, 0x00000000a8900000, 0x00000000d5580000)
  object space 664576K, 99% used [0x0000000080000000,0x00000000a88c38d0,0x00000000a8900000)
 Metaspace       used 79751K, committed 81536K, reserved 1179648K
  class space    used 8535K, committed 9344K, reserved 1048576K
}
Event: 1567.157 GC heap before
{Heap before GC invocations=660 (full 3):
 PSYoungGen      total 3584K, used 3519K [0x00000000d5580000, 0x00000000d5c00000, 0x0000000100000000)
  eden space 3072K, 99% used [0x00000000d5580000,0x00000000d587fff8,0x00000000d5880000)
  from space 512K, 87% used [0x00000000d5b80000,0x00000000d5bf0000,0x00000000d5c00000)
  to   space 1536K, 0% used [0x00000000d5900000,0x00000000d5900000,0x00000000d5a80000)
 ParOldGen       total 664576K, used 664334K [0x0000000080000000, 0x00000000a8900000, 0x00000000d5580000)
  object space 664576K, 99% used [0x0000000080000000,0x00000000a88c38d0,0x00000000a8900000)
 Metaspace       used 80057K, committed 81856K, reserved 1179648K
  class space    used 8583K, committed 9408K, reserved 1048576K
}
Event: 1567.172 GC heap after
{Heap after GC invocations=660 (full 3):
 PSYoungGen      total 5120K, used 224K [0x00000000d5580000, 0x00000000d5c00000, 0x0000000100000000)
  eden space 3584K, 0% used [0x00000000d5580000,0x00000000d5580000,0x00000000d5900000)
  from space 1536K, 14% used [0x00000000d5900000,0x00000000d5938000,0x00000000d5a80000)
  to   space 512K, 0% used [0x00000000d5b80000,0x00000000d5b80000,0x00000000d5c00000)
 ParOldGen       total 665088K, used 664662K [0x0000000080000000, 0x00000000a8980000, 0x00000000d5580000)
  object space 665088K, 99% used [0x0000000080000000,0x00000000a89158d0,0x00000000a8980000)
 Metaspace       used 80057K, committed 81856K, reserved 1179648K
  class space    used 8583K, committed 9408K, reserved 1048576K
}
Event: 1567.713 GC heap before
{Heap before GC invocations=661 (full 3):
 PSYoungGen      total 5120K, used 3804K [0x00000000d5580000, 0x00000000d5c00000, 0x0000000100000000)
  eden space 3584K, 99% used [0x00000000d5580000,0x00000000d58ff1b8,0x00000000d5900000)
  from space 1536K, 14% used [0x00000000d5900000,0x00000000d5938000,0x00000000d5a80000)
  to   space 512K, 0% used [0x00000000d5b80000,0x00000000d5b80000,0x00000000d5c00000)
 ParOldGen       total 665088K, used 664662K [0x0000000080000000, 0x00000000a8980000, 0x00000000d5580000)
  object space 665088K, 99% used [0x0000000080000000,0x00000000a89158d0,0x00000000a8980000)
 Metaspace       used 80327K, committed 82176K, reserved 1179648K
  class space    used 8618K, committed 9408K, reserved 1048576K
}
Event: 1567.720 GC heap after
{Heap after GC invocations=661 (full 3):
 PSYoungGen      total 4096K, used 160K [0x00000000d5580000, 0x00000000d5c00000, 0x0000000100000000)
  eden space 3584K, 0% used [0x00000000d5580000,0x00000000d5580000,0x00000000d5900000)
  from space 512K, 31% used [0x00000000d5b80000,0x00000000d5ba8000,0x00000000d5c00000)
  to   space 512K, 0% used [0x00000000d5b00000,0x00000000d5b00000,0x00000000d5b80000)
 ParOldGen       total 665088K, used 664806K [0x0000000080000000, 0x00000000a8980000, 0x00000000d5580000)
  object space 665088K, 99% used [0x0000000080000000,0x00000000a89398d0,0x00000000a8980000)
 Metaspace       used 80327K, committed 82176K, reserved 1179648K
  class space    used 8618K, committed 9408K, reserved 1048576K
}
Event: 1570.477 GC heap before
{Heap before GC invocations=662 (full 3):
 PSYoungGen      total 4096K, used 3744K [0x00000000d5580000, 0x00000000d5c00000, 0x0000000100000000)
  eden space 3584K, 100% used [0x00000000d5580000,0x00000000d5900000,0x00000000d5900000)
  from space 512K, 31% used [0x00000000d5b80000,0x00000000d5ba8000,0x00000000d5c00000)
  to   space 512K, 0% used [0x00000000d5b00000,0x00000000d5b00000,0x00000000d5b80000)
 ParOldGen       total 665088K, used 664806K [0x0000000080000000, 0x00000000a8980000, 0x00000000d5580000)
  object space 665088K, 99% used [0x0000000080000000,0x00000000a89398d0,0x00000000a8980000)
 Metaspace       used 80371K, committed 82176K, reserved 1179648K
  class space    used 8618K, committed 9408K, reserved 1048576K
}
Event: 1570.506 GC heap after
{Heap after GC invocations=662 (full 3):
 PSYoungGen      total 4096K, used 304K [0x00000000d5580000, 0x00000000d5c00000, 0x0000000100000000)
  eden space 3584K, 0% used [0x00000000d5580000,0x00000000d5580000,0x00000000d5900000)
  from space 512K, 59% used [0x00000000d5b00000,0x00000000d5b4c010,0x00000000d5b80000)
  to   space 512K, 0% used [0x00000000d5b80000,0x00000000d5b80000,0x00000000d5c00000)
 ParOldGen       total 665088K, used 664862K [0x0000000080000000, 0x00000000a8980000, 0x00000000d5580000)
  object space 665088K, 99% used [0x0000000080000000,0x00000000a89478d0,0x00000000a8980000)
 Metaspace       used 80371K, committed 82176K, reserved 1179648K
  class space    used 8618K, committed 9408K, reserved 1048576K
}
Event: 1571.544 GC heap before
{Heap before GC invocations=663 (full 3):
 PSYoungGen      total 4096K, used 3888K [0x00000000d5580000, 0x00000000d5c00000, 0x0000000100000000)
  eden space 3584K, 100% used [0x00000000d5580000,0x00000000d5900000,0x00000000d5900000)
  from space 512K, 59% used [0x00000000d5b00000,0x00000000d5b4c010,0x00000000d5b80000)
  to   space 512K, 0% used [0x00000000d5b80000,0x00000000d5b80000,0x00000000d5c00000)
 ParOldGen       total 665088K, used 664862K [0x0000000080000000, 0x00000000a8980000, 0x00000000d5580000)
  object space 665088K, 99% used [0x0000000080000000,0x00000000a89478d0,0x00000000a8980000)
 Metaspace       used 80444K, committed 82240K, reserved 1179648K
  class space    used 8623K, committed 9408K, reserved 1048576K
}
Event: 1571.548 GC heap after
{Heap after GC invocations=663 (full 3):
 PSYoungGen      total 4096K, used 352K [0x00000000d5580000, 0x00000000d5c00000, 0x0000000100000000)
  eden space 3584K, 0% used [0x00000000d5580000,0x00000000d5580000,0x00000000d5900000)
  from space 512K, 68% used [0x00000000d5b80000,0x00000000d5bd8000,0x00000000d5c00000)
  to   space 512K, 0% used [0x00000000d5b00000,0x00000000d5b00000,0x00000000d5b80000)
 ParOldGen       total 665088K, used 665068K [0x0000000080000000, 0x00000000a8980000, 0x00000000d5580000)
  object space 665088K, 99% used [0x0000000080000000,0x00000000a897b320,0x00000000a8980000)
 Metaspace       used 80444K, committed 82240K, reserved 1179648K
  class space    used 8623K, committed 9408K, reserved 1048576K
}
Event: 1747.543 GC heap before
{Heap before GC invocations=664 (full 3):
 PSYoungGen      total 4096K, used 3936K [0x00000000d5580000, 0x00000000d5c00000, 0x0000000100000000)
  eden space 3584K, 100% used [0x00000000d5580000,0x00000000d5900000,0x00000000d5900000)
  from space 512K, 68% used [0x00000000d5b80000,0x00000000d5bd8000,0x00000000d5c00000)
  to   space 512K, 0% used [0x00000000d5b00000,0x00000000d5b00000,0x00000000d5b80000)
 ParOldGen       total 665088K, used 665068K [0x0000000080000000, 0x00000000a8980000, 0x00000000d5580000)
  object space 665088K, 99% used [0x0000000080000000,0x00000000a897b320,0x00000000a8980000)
 Metaspace       used 80522K, committed 82368K, reserved 1179648K
  class space    used 8630K, committed 9472K, reserved 1048576K
}
Event: 1748.071 GC heap after
{Heap after GC invocations=664 (full 3):
 PSYoungGen      total 4096K, used 128K [0x00000000d5580000, 0x00000000d5c00000, 0x0000000100000000)
  eden space 3584K, 0% used [0x00000000d5580000,0x00000000d5580000,0x00000000d5900000)
  from space 512K, 25% used [0x00000000d5b00000,0x00000000d5b20000,0x00000000d5b80000)
  to   space 512K, 0% used [0x00000000d5b80000,0x00000000d5b80000,0x00000000d5c00000)
 ParOldGen       total 665600K, used 665276K [0x0000000080000000, 0x00000000a8a00000, 0x00000000d5580000)
  object space 665600K, 99% used [0x0000000080000000,0x00000000a89af320,0x00000000a8a00000)
 Metaspace       used 80522K, committed 82368K, reserved 1179648K
  class space    used 8630K, committed 9472K, reserved 1048576K
}

Dll operation events (12 events):
Event: 0.031 Loaded shared library c:\Users\desau\.vscode\extensions\redhat.java-1.55.0-win32-x64\jre\21.0.11-win32-x86_64\bin\java.dll
Event: 0.265 Loaded shared library c:\Users\desau\.vscode\extensions\redhat.java-1.55.0-win32-x64\jre\21.0.11-win32-x86_64\bin\zip.dll
Event: 0.458 Loaded shared library C:\Users\desau\.vscode\extensions\redhat.java-1.55.0-win32-x64\jre\21.0.11-win32-x86_64\bin\instrument.dll
Event: 0.477 Loaded shared library C:\Users\desau\.vscode\extensions\redhat.java-1.55.0-win32-x64\jre\21.0.11-win32-x86_64\bin\net.dll
Event: 0.498 Loaded shared library C:\Users\desau\.vscode\extensions\redhat.java-1.55.0-win32-x64\jre\21.0.11-win32-x86_64\bin\nio.dll
Event: 0.519 Loaded shared library C:\Users\desau\.vscode\extensions\redhat.java-1.55.0-win32-x64\jre\21.0.11-win32-x86_64\bin\zip.dll
Event: 0.611 Loaded shared library C:\Users\desau\.vscode\extensions\redhat.java-1.55.0-win32-x64\jre\21.0.11-win32-x86_64\bin\jimage.dll
Event: 1.060 Loaded shared library c:\Users\desau\.vscode\extensions\redhat.java-1.55.0-win32-x64\jre\21.0.11-win32-x86_64\bin\verify.dll
Event: 11.836 Loaded shared library C:\Users\desau\AppData\Roaming\Code\User\globalStorage\redhat.java\1.55.0\config_win\org.eclipse.equinox.launcher\org.eclipse.equinox.launcher.win32.win32.x86_64_1.3.100.v20260613-0559\eclipse_11924.dll
Event: 39.767 Loaded shared library C:\Users\desau\AppData\Local\Temp\jna-95474630\jna13118686890962023274.dll
Event: 47.393 Loaded shared library C:\Users\desau\.vscode\extensions\redhat.java-1.55.0-win32-x64\jre\21.0.11-win32-x86_64\bin\sunmscapi.dll
Event: 49.174 Loaded shared library C:\Users\desau\.vscode\extensions\redhat.java-1.55.0-win32-x64\jre\21.0.11-win32-x86_64\bin\extnet.dll

Deoptimization events (20 events):
Event: 1552.738 Thread 0x000002a87dbc9650 Uncommon trap: trap_request=0xffffffd6 fr.pc=0x000002a8084a7f38 relative=0x00000000000007f8
Event: 1552.738 Thread 0x000002a87dbc9650 Uncommon trap: reason=array_check action=maybe_recompile pc=0x000002a8084a7f38 method=com.google.gson.internal.GsonTypes$ParameterizedTypeImpl.<init>(Ljava/lang/reflect/Type;Ljava/lang/Class;[Ljava/lang/reflect/Type;)V @ 136 c2
Event: 1552.738 Thread 0x000002a87dbc9650 DEOPT PACKING pc=0x000002a8084a7f38 sp=0x000000d070dfe420
Event: 1552.747 Thread 0x000002a87dbc9650 DEOPT UNPACKING pc=0x000002a807583aa2 sp=0x000000d070dfe350 mode 2
Event: 1561.351 Thread 0x000002a87dbc9650 Uncommon trap: trap_request=0xffffffc6 fr.pc=0x000002a807d6c2a8 relative=0x0000000000000208
Event: 1561.352 Thread 0x000002a87dbc9650 Uncommon trap: reason=bimorphic_or_optimized_type_check action=maybe_recompile pc=0x000002a807d6c2a8 method=com.google.gson.internal.bind.TypeAdapterRuntimeTypeWrapper.read(Lcom/google/gson/stream/JsonReader;)Ljava/lang/Object; @ 5 c2
Event: 1561.352 Thread 0x000002a87dbc9650 DEOPT PACKING pc=0x000002a807d6c2a8 sp=0x000000d070dfea50
Event: 1561.353 Thread 0x000002a87dbc9650 DEOPT UNPACKING pc=0x000002a807583aa2 sp=0x000000d070dfe9d8 mode 2
Event: 1561.354 Thread 0x000002a87dbc9650 Uncommon trap: trap_request=0xffffffc6 fr.pc=0x000002a807d6c2a8 relative=0x0000000000000208
Event: 1561.354 Thread 0x000002a87dbc9650 Uncommon trap: reason=bimorphic_or_optimized_type_check action=maybe_recompile pc=0x000002a807d6c2a8 method=com.google.gson.internal.bind.TypeAdapterRuntimeTypeWrapper.read(Lcom/google/gson/stream/JsonReader;)Ljava/lang/Object; @ 5 c2
Event: 1561.354 Thread 0x000002a87dbc9650 DEOPT PACKING pc=0x000002a807d6c2a8 sp=0x000000d070dfea50
Event: 1561.355 Thread 0x000002a87dbc9650 DEOPT UNPACKING pc=0x000002a807583aa2 sp=0x000000d070dfe9d8 mode 2
Event: 1563.099 Thread 0x000002a87e35e730 DEOPT PACKING pc=0x000002a80165807e sp=0x000000d06fafd340
Event: 1563.099 Thread 0x000002a87e35e730 DEOPT UNPACKING pc=0x000002a807584242 sp=0x000000d06fafc7e0 mode 0
Event: 1563.892 Thread 0x000002a87e360e90 Uncommon trap: trap_request=0xffffffcc fr.pc=0x000002a8084bf15c relative=0x000000000000183c
Event: 1563.892 Thread 0x000002a87e360e90 Uncommon trap: reason=intrinsic_or_type_checked_inlining action=make_not_entrant pc=0x000002a8084bf15c method=java.util.ArrayList$SubList.toArray([Ljava/lang/Object;)[Ljava/lang/Object; @ 58 c2
Event: 1563.892 Thread 0x000002a87e360e90 DEOPT PACKING pc=0x000002a8084bf15c sp=0x000000d06f6fe9e0
Event: 1563.892 Thread 0x000002a87e360e90 DEOPT UNPACKING pc=0x000002a807583aa2 sp=0x000000d06f6fe908 mode 2
Event: 1569.346 Thread 0x000002a87dbc9650 DEOPT PACKING pc=0x000002a801bb2d71 sp=0x000000d070dfda50
Event: 1569.347 Thread 0x000002a87dbc9650 DEOPT UNPACKING pc=0x000002a807584242 sp=0x000000d070dfcf90 mode 0

Classes loaded (20 events):
Event: 397.680 Loading class java/io/CharArrayWriter
Event: 397.681 Loading class java/io/CharArrayWriter done
Event: 1421.291 Loading class java/util/stream/Nodes$ToArrayTask$OfRef
Event: 1421.306 Loading class java/util/stream/Nodes$ToArrayTask
Event: 1421.311 Loading class java/util/stream/Nodes$ToArrayTask done
Event: 1421.315 Loading class java/util/stream/Nodes$ToArrayTask$OfRef done
Event: 1424.765 Loading class java/util/ArrayDeque$DeqSpliterator
Event: 1424.772 Loading class java/util/ArrayDeque$DeqSpliterator done
Event: 1425.530 Loading class java/util/concurrent/ConcurrentHashMap$KeySpliterator
Event: 1425.539 Loading class java/util/concurrent/ConcurrentHashMap$KeySpliterator done
Event: 1438.536 Loading class java/util/function/IntPredicate
Event: 1438.537 Loading class java/util/function/IntPredicate done
Event: 1438.674 Loading class java/util/regex/Pattern$Bound
Event: 1438.675 Loading class java/util/regex/Pattern$Bound done
Event: 1449.035 Loading class sun/nio/fs/WindowsFileCopy
Event: 1449.052 Loading class sun/nio/fs/WindowsFileCopy done
Event: 1566.988 Loading class java/util/regex/Pattern$Behind
Event: 1566.990 Loading class java/util/regex/Pattern$Behind done
Event: 1566.996 Loading class java/util/regex/Pattern$Neg
Event: 1566.997 Loading class java/util/regex/Pattern$Neg done

Classes unloaded (7 events):
Event: 41.821 Thread 0x000002a86df499f0 Unloading class 0x000002a8101a5000 'java/lang/invoke/LambdaForm$MH+0x000002a8101a5000'
Event: 41.821 Thread 0x000002a86df499f0 Unloading class 0x000002a8101a4c00 'java/lang/invoke/LambdaForm$MH+0x000002a8101a4c00'
Event: 41.821 Thread 0x000002a86df499f0 Unloading class 0x000002a8101a4800 'java/lang/invoke/LambdaForm$MH+0x000002a8101a4800'
Event: 41.821 Thread 0x000002a86df499f0 Unloading class 0x000002a8101a4400 'java/lang/invoke/LambdaForm$MH+0x000002a8101a4400'
Event: 41.821 Thread 0x000002a86df499f0 Unloading class 0x000002a8101a4000 'java/lang/invoke/LambdaForm$BMH+0x000002a8101a4000'
Event: 41.821 Thread 0x000002a86df499f0 Unloading class 0x000002a8101a3c00 'java/lang/invoke/LambdaForm$DMH+0x000002a8101a3c00'
Event: 41.821 Thread 0x000002a86df499f0 Unloading class 0x000002a8101a2800 'java/lang/invoke/LambdaForm$DMH+0x000002a8101a2800'

Classes redefined (0 events):
No events

Internal exceptions (20 events):
Event: 1565.374 Thread 0x000002a87e35e730 Exception <a 'java/lang/ArrayIndexOutOfBoundsException'{0x00000000d5705878}> (0x00000000d5705878) 
thrown [s\src\hotspot\share\runtime\sharedRuntime.cpp, line 625]
Event: 1565.374 Thread 0x000002a87e35e730 Exception <a 'java/lang/ArrayIndexOutOfBoundsException'{0x00000000d5706140}> (0x00000000d5706140) 
thrown [s\src\hotspot\share\runtime\sharedRuntime.cpp, line 625]
Event: 1565.374 Thread 0x000002a87e35e730 Exception <a 'java/lang/ArrayIndexOutOfBoundsException'{0x00000000d5706510}> (0x00000000d5706510) 
thrown [s\src\hotspot\share\runtime\sharedRuntime.cpp, line 625]
Event: 1566.473 Thread 0x000002a87e360e90 Exception <a 'java/lang/ArrayIndexOutOfBoundsException'{0x00000000d57b1210}> (0x00000000d57b1210) 
thrown [s\src\hotspot\share\runtime\sharedRuntime.cpp, line 625]
Event: 1566.473 Thread 0x000002a87e360e90 Exception <a 'java/lang/ArrayIndexOutOfBoundsException'{0x00000000d57b1890}> (0x00000000d57b1890) 
thrown [s\src\hotspot\share\runtime\sharedRuntime.cpp, line 625]
Event: 1566.474 Thread 0x000002a87e360e90 Exception <a 'java/lang/ArrayIndexOutOfBoundsException'{0x00000000d57b1eb8}> (0x00000000d57b1eb8) 
thrown [s\src\hotspot\share\runtime\sharedRuntime.cpp, line 625]
Event: 1570.532 Thread 0x000002a87e360e90 Exception <a 'java/lang/ArrayIndexOutOfBoundsException'{0x00000000d5601558}> (0x00000000d5601558) 
thrown [s\src\hotspot\share\runtime\sharedRuntime.cpp, line 625]
Event: 1570.532 Thread 0x000002a87e360e90 Exception <a 'java/lang/ArrayIndexOutOfBoundsException'{0x00000000d5601e28}> (0x00000000d5601e28) 
thrown [s\src\hotspot\share\runtime\sharedRuntime.cpp, line 625]
Event: 1570.532 Thread 0x000002a87e360e90 Exception <a 'java/lang/ArrayIndexOutOfBoundsException'{0x00000000d56021f8}> (0x00000000d56021f8) 
thrown [s\src\hotspot\share\runtime\sharedRuntime.cpp, line 625]
Event: 1570.793 Thread 0x000002a87e360e90 Exception <a 'java/lang/ArrayIndexOutOfBoundsException'{0x00000000d5733128}> (0x00000000d5733128) 
thrown [s\src\hotspot\share\runtime\sharedRuntime.cpp, line 625]
Event: 1570.793 Thread 0x000002a87e360e90 Exception <a 'java/lang/ArrayIndexOutOfBoundsException'{0x00000000d57337a8}> (0x00000000d57337a8) 
thrown [s\src\hotspot\share\runtime\sharedRuntime.cpp, line 625]
Event: 1570.793 Thread 0x000002a87e360e90 Exception <a 'java/lang/ArrayIndexOutOfBoundsException'{0x00000000d5733e00}> (0x00000000d5733e00) 
thrown [s\src\hotspot\share\runtime\sharedRuntime.cpp, line 625]
Event: 1571.552 Thread 0x000002a87e360e90 Exception <a 'java/lang/ArrayIndexOutOfBoundsException'{0x00000000d55b8318}> (0x00000000d55b8318) 
thrown [s\src\hotspot\share\runtime\sharedRuntime.cpp, line 625]
Event: 1571.553 Thread 0x000002a87e360e90 Exception <a 'java/lang/ArrayIndexOutOfBoundsException'{0x00000000d55b8998}> (0x00000000d55b8998) 
thrown [s\src\hotspot\share\runtime\sharedRuntime.cpp, line 625]
Event: 1571.553 Thread 0x000002a87e360e90 Exception <a 'java/lang/ArrayIndexOutOfBoundsException'{0x00000000d55b8d68}> (0x00000000d55b8d68) 
thrown [s\src\hotspot\share\runtime\sharedRuntime.cpp, line 625]
Event: 1646.008 Thread 0x000002a87dbc9650 Exception <a 'java/lang/ArrayIndexOutOfBoundsException'{0x00000000d56b8f70}> (0x00000000d56b8f70) 
thrown [s\src\hotspot\share\runtime\sharedRuntime.cpp, line 625]
Event: 1646.008 Thread 0x000002a87dbc9650 Exception <a 'java/lang/ArrayIndexOutOfBoundsException'{0x00000000d56b95f0}> (0x00000000d56b95f0) 
thrown [s\src\hotspot\share\runtime\sharedRuntime.cpp, line 625]
Event: 1646.009 Thread 0x000002a87dbc9650 Exception <a 'java/lang/ArrayIndexOutOfBoundsException'{0x00000000d56b99c0}> (0x00000000d56b99c0) 
thrown [s\src\hotspot\share\runtime\sharedRuntime.cpp, line 625]
Event: 1727.942 Thread 0x000002a87e362f60 Exception <a 'sun/nio/fs/WindowsException'{0x00000000d575f4f8}> (0x00000000d575f4f8) 
thrown [s\src\hotspot\share\prims\jni.cpp, line 520]
Event: 1727.970 Thread 0x000002a87e362f60 Exception <a 'sun/nio/fs/WindowsException'{0x00000000d5760288}> (0x00000000d5760288) 
thrown [s\src\hotspot\share\prims\jni.cpp, line 520]

ZGC Phase Switch (0 events):
No events

VM Operations (20 events):
Event: 1681.999 Executing non-safepoint VM operation: HandshakeAllThreads (HandshakeForDeflation)
Event: 1681.999 Executing non-safepoint VM operation: HandshakeAllThreads (HandshakeForDeflation) done
Event: 1681.999 Executing non-safepoint VM operation: RendezvousGCThreads
Event: 1681.999 Executing non-safepoint VM operation: RendezvousGCThreads done
Event: 1726.360 Executing safepoint VM operation: Cleanup
Event: 1726.377 Executing safepoint VM operation: Cleanup done
Event: 1727.390 Executing safepoint VM operation: Cleanup
Event: 1727.426 Executing safepoint VM operation: Cleanup done
Event: 1728.427 Executing safepoint VM operation: Cleanup
Event: 1728.539 Executing safepoint VM operation: Cleanup done
Event: 1730.544 Executing safepoint VM operation: Cleanup
Event: 1730.590 Executing safepoint VM operation: Cleanup done
Event: 1742.224 Executing non-safepoint VM operation: HandshakeAllThreads (HandshakeForDeflation)
Event: 1742.224 Executing non-safepoint VM operation: HandshakeAllThreads (HandshakeForDeflation) done
Event: 1742.224 Executing non-safepoint VM operation: RendezvousGCThreads
Event: 1742.224 Executing non-safepoint VM operation: RendezvousGCThreads done
Event: 1747.542 Executing safepoint VM operation: ParallelGCFailedAllocation (Allocation Failure)
Event: 1748.071 Executing safepoint VM operation: ParallelGCFailedAllocation (Allocation Failure) done
Event: 1749.079 Executing safepoint VM operation: Cleanup
Event: 1749.079 Executing safepoint VM operation: Cleanup done

Memory protections (0 events):
No events

Nmethod flushes (20 events):
Event: 60.024 Thread 0x000002a86df499f0 flushing  nmethod 0x000002a800994990
Event: 60.024 Thread 0x000002a86df499f0 flushing  nmethod 0x000002a800998390
Event: 60.024 Thread 0x000002a86df499f0 flushing  nmethod 0x000002a800998710
Event: 60.024 Thread 0x000002a86df499f0 flushing osr nmethod 0x000002a80099b410
Event: 60.024 Thread 0x000002a86df499f0 flushing  nmethod 0x000002a8009a3c10
Event: 60.024 Thread 0x000002a86df499f0 flushing  nmethod 0x000002a8009a8090
Event: 60.024 Thread 0x000002a86df499f0 flushing  nmethod 0x000002a8009cb310
Event: 60.024 Thread 0x000002a86df499f0 flushing  nmethod 0x000002a8009cb890
Event: 60.024 Thread 0x000002a86df499f0 flushing  nmethod 0x000002a8009cbd10
Event: 60.024 Thread 0x000002a86df499f0 flushing  nmethod 0x000002a8009cc810
Event: 60.024 Thread 0x000002a86df499f0 flushing  nmethod 0x000002a8009cd190
Event: 60.024 Thread 0x000002a86df499f0 flushing  nmethod 0x000002a8009cd690
Event: 60.024 Thread 0x000002a86df499f0 flushing  nmethod 0x000002a8009ce610
Event: 60.024 Thread 0x000002a86df499f0 flushing  nmethod 0x000002a8009cec10
Event: 60.024 Thread 0x000002a86df499f0 flushing  nmethod 0x000002a8009cf490
Event: 60.024 Thread 0x000002a86df499f0 flushing  nmethod 0x000002a8009d1410
Event: 60.024 Thread 0x000002a86df499f0 flushing  nmethod 0x000002a8009d1c10
Event: 60.024 Thread 0x000002a86df499f0 flushing  nmethod 0x000002a8009d9990
Event: 60.024 Thread 0x000002a86df499f0 flushing  nmethod 0x000002a8009dbf90
Event: 60.024 Thread 0x000002a86df499f0 flushing  nmethod 0x000002a8009f1e90

Events (20 events):
Event: 1425.375 Thread 0x000002a87bb09d00 Thread added: 0x000002a87bb07c30
Event: 1425.566 Thread 0x000002a87bb09d00 Thread added: 0x000002a87bb08fe0
Event: 1451.833 Thread 0x000002a87e35e730 Thread added: 0x000002a87dbc8fc0
Event: 1451.874 Thread 0x000002a87dbc8fc0 Thread added: 0x000002a87dbc6ef0
Event: 1451.891 Thread 0x000002a87e35e0a0 Thread added: 0x000002a87dbc7580
Event: 1451.892 Thread 0x000002a87e35e0a0 Thread added: 0x000002a87dbc9650
Event: 1485.468 Thread 0x000002a87bb07c30 Thread exited: 0x000002a87bb07c30
Event: 1510.913 Thread 0x000002a87e363c80 Thread exited: 0x000002a87e363c80
Event: 1510.962 Thread 0x000002a87bb09d00 Thread exited: 0x000002a87bb09d00
Event: 1637.775 Thread 0x000002a87e360e90 Thread exited: 0x000002a87e360e90
Event: 1725.656 Thread 0x000002a87b3943b0 Thread exited: 0x000002a87b3943b0
Event: 1725.808 Thread 0x000002a87bb08fe0 Thread exited: 0x000002a87bb08fe0
Event: 1726.972 Thread 0x000002a87e362f60 Thread added: 0x000002a87dbcb090
Event: 1727.193 Thread 0x000002a87dbcb090 Thread exited: 0x000002a87dbcb090
Event: 1728.056 Thread 0x000002a87e362f60 Thread added: 0x000002a87dbca370
Event: 1728.071 Thread 0x000002a87dbca370 Thread added: 0x000002a87dbcaa00
Event: 1728.084 Thread 0x000002a87dbca370 Thread added: 0x000002a87dbcb090
Event: 1728.095 Thread 0x000002a87dbcaa00 Thread exited: 0x000002a87dbcaa00
Event: 1728.096 Thread 0x000002a87dbca370 Thread exited: 0x000002a87dbca370
Event: 1728.098 Thread 0x000002a87dbcb090 Thread exited: 0x000002a87dbcb090


Dynamic libraries:
0x00007ff63bb50000 - 0x00007ff63bb5e000 	c:\Users\desau\.vscode\extensions\redhat.java-1.55.0-win32-x64\jre\21.0.11-win32-x86_64\bin\java.exe
0x00007ff908fa0000 - 0x00007ff909206000 	C:\WINDOWS\SYSTEM32\ntdll.dll
0x00007ff906e00000 - 0x00007ff906ec9000 	C:\WINDOWS\System32\KERNEL32.DLL
0x00007ff906590000 - 0x00007ff906990000 	C:\WINDOWS\System32\KERNELBASE.dll
0x00007ff9062f0000 - 0x00007ff90643c000 	C:\WINDOWS\System32\ucrtbase.dll
0x00007ff8f9cb0000 - 0x00007ff8f9cc8000 	c:\Users\desau\.vscode\extensions\redhat.java-1.55.0-win32-x64\jre\21.0.11-win32-x86_64\bin\jli.dll
0x00007ff9080e0000 - 0x00007ff9082a7000 	C:\WINDOWS\System32\USER32.dll
0x00007ff906b20000 - 0x00007ff906b47000 	C:\WINDOWS\System32\win32u.dll
0x00007ff906f60000 - 0x00007ff906f8b000 	C:\WINDOWS\System32\GDI32.dll
0x00007ff9061c0000 - 0x00007ff9062e9000 	C:\WINDOWS\System32\gdi32full.dll
0x00007ff9064e0000 - 0x00007ff906583000 	C:\WINDOWS\System32\msvcp_win.dll
0x00007ff8e8910000 - 0x00007ff8e892e000 	c:\Users\desau\.vscode\extensions\redhat.java-1.55.0-win32-x64\jre\21.0.11-win32-x86_64\bin\VCRUNTIME140.dll
0x00007ff8f55a0000 - 0x00007ff8f5832000 	C:\WINDOWS\WinSxS\amd64_microsoft.windows.common-controls_6595b64144ccf1df_6.0.26100.8737_none_3e092eaee333b772\COMCTL32.dll
0x00007ff908b00000 - 0x00007ff908ba9000 	C:\WINDOWS\System32\msvcrt.dll
0x00007ff907670000 - 0x00007ff9076a2000 	C:\WINDOWS\System32\IMM32.DLL
0x00007ff8c2f80000 - 0x00007ff8c311d000 	C:\Program Files (x86)\Citrix\ICA Client\ctxapclient64.dll
0x00007ff907c00000 - 0x00007ff907f83000 	C:\WINDOWS\System32\combase.dll
0x00007ff908bb0000 - 0x00007ff908cc8000 	C:\WINDOWS\System32\RPCRT4.dll
0x00007ff9060b0000 - 0x00007ff9060da000 	C:\WINDOWS\SYSTEM32\bcrypt.dll
0x00007ff908a50000 - 0x00007ff908afa000 	C:\WINDOWS\System32\sechost.dll
0x00007ff8fe4f0000 - 0x00007ff8fe4fb000 	C:\WINDOWS\SYSTEM32\VERSION.dll
0x00007ff9075b0000 - 0x00007ff907667000 	C:\WINDOWS\System32\ADVAPI32.dll
0x00007ff904fd0000 - 0x00007ff905006000 	C:\WINDOWS\SYSTEM32\ntmarta.dll
0x00007ff906a60000 - 0x00007ff906b0c000 	C:\WINDOWS\System32\bcryptprimitives.dll
0x00007ff902ff0000 - 0x00007ff902ffc000 	c:\Users\desau\.vscode\extensions\redhat.java-1.55.0-win32-x64\jre\21.0.11-win32-x86_64\bin\vcruntime140_1.dll
0x00007ff8e8880000 - 0x00007ff8e890d000 	c:\Users\desau\.vscode\extensions\redhat.java-1.55.0-win32-x64\jre\21.0.11-win32-x86_64\bin\msvcp140.dll
0x00007ff864aa0000 - 0x00007ff865842000 	c:\Users\desau\.vscode\extensions\redhat.java-1.55.0-win32-x64\jre\21.0.11-win32-x86_64\bin\server\jvm.dll
0x00007ff907f90000 - 0x00007ff908010000 	C:\WINDOWS\System32\WS2_32.dll
0x00007ff906040000 - 0x00007ff90609e000 	C:\WINDOWS\SYSTEM32\POWRPROF.dll
0x00007ff8fe4b0000 - 0x00007ff8fe4e6000 	C:\WINDOWS\SYSTEM32\WINMM.dll
0x00007ff906020000 - 0x00007ff906034000 	C:\WINDOWS\SYSTEM32\UMPDC.dll
0x00007ff904ea0000 - 0x00007ff904ebb000 	C:\WINDOWS\SYSTEM32\kernel.appcore.dll
0x00007ff902de0000 - 0x00007ff902dea000 	c:\Users\desau\.vscode\extensions\redhat.java-1.55.0-win32-x64\jre\21.0.11-win32-x86_64\bin\jimage.dll
0x00007ff8f8b30000 - 0x00007ff8f8d72000 	C:\WINDOWS\SYSTEM32\DBGHELP.DLL
0x00007ff907830000 - 0x00007ff907909000 	C:\WINDOWS\System32\OLEAUT32.dll
0x00007ff8e98c0000 - 0x00007ff8e98fb000 	C:\WINDOWS\SYSTEM32\dbgcore.DLL
0x00007ff8f9c50000 - 0x00007ff8f9c5f000 	c:\Users\desau\.vscode\extensions\redhat.java-1.55.0-win32-x64\jre\21.0.11-win32-x86_64\bin\instrument.dll
0x00007ff8de720000 - 0x00007ff8de740000 	c:\Users\desau\.vscode\extensions\redhat.java-1.55.0-win32-x64\jre\21.0.11-win32-x86_64\bin\java.dll
0x000002a876420000 - 0x000002a876bb2000 	C:\WINDOWS\System32\SHELL32.dll
0x00007ff903ca0000 - 0x00007ff904532000 	C:\WINDOWS\SYSTEM32\windows.storage.dll
0x00007ff907430000 - 0x00007ff907527000 	C:\WINDOWS\System32\SHCORE.dll
0x00007ff908cd0000 - 0x00007ff908d37000 	C:\WINDOWS\System32\shlwapi.dll
0x00007ff9060e0000 - 0x00007ff906109000 	C:\WINDOWS\SYSTEM32\profapi.dll
0x00007ff8ddd40000 - 0x00007ff8ddd58000 	c:\Users\desau\.vscode\extensions\redhat.java-1.55.0-win32-x64\jre\21.0.11-win32-x86_64\bin\zip.dll
0x00007ff8f6da0000 - 0x00007ff8f6db0000 	C:\Users\desau\.vscode\extensions\redhat.java-1.55.0-win32-x64\jre\21.0.11-win32-x86_64\bin\net.dll
0x00007ff8fc0a0000 - 0x00007ff8fc1c9000 	C:\WINDOWS\SYSTEM32\WINHTTP.dll
0x00007ff905450000 - 0x00007ff9054bc000 	C:\WINDOWS\system32\mswsock.dll
0x00007ff8ddc00000 - 0x00007ff8ddc16000 	C:\Users\desau\.vscode\extensions\redhat.java-1.55.0-win32-x64\jre\21.0.11-win32-x86_64\bin\nio.dll
0x00007ff8f2900000 - 0x00007ff8f2910000 	c:\Users\desau\.vscode\extensions\redhat.java-1.55.0-win32-x64\jre\21.0.11-win32-x86_64\bin\verify.dll
0x00007ff8dc240000 - 0x00007ff8dc285000 	C:\Users\desau\AppData\Roaming\Code\User\globalStorage\redhat.java\1.55.0\config_win\org.eclipse.equinox.launcher\org.eclipse.equinox.launcher.win32.win32.x86_64_1.3.100.v20260613-0559\eclipse_11924.dll
0x00007ff908dc0000 - 0x00007ff908f59000 	C:\WINDOWS\System32\ole32.dll
0x00007ff905750000 - 0x00007ff90576b000 	C:\WINDOWS\SYSTEM32\CRYPTSP.dll
0x00007ff904e00000 - 0x00007ff904e39000 	C:\WINDOWS\system32\rsaenh.dll
0x00007ff905510000 - 0x00007ff905542000 	C:\WINDOWS\SYSTEM32\USERENV.dll
0x00007ff905770000 - 0x00007ff90577c000 	C:\WINDOWS\SYSTEM32\CRYPTBASE.dll
0x00007ff904870000 - 0x00007ff9048a3000 	C:\WINDOWS\SYSTEM32\IPHLPAPI.DLL
0x00007ff907420000 - 0x00007ff90742a000 	C:\WINDOWS\System32\NSI.dll
0x00007ff8c4410000 - 0x00007ff8c4459000 	C:\Users\desau\AppData\Local\Temp\jna-95474630\jna13118686890962023274.dll
0x00007ff9076b0000 - 0x00007ff9076b8000 	C:\WINDOWS\System32\PSAPI.DLL
0x00007ff8fbe30000 - 0x00007ff8fbe4d000 	C:\WINDOWS\SYSTEM32\dhcpcsvc6.DLL
0x00007ff8fbc80000 - 0x00007ff8fbca5000 	C:\WINDOWS\SYSTEM32\dhcpcsvc.DLL
0x00007ff8f2770000 - 0x00007ff8f277e000 	C:\Users\desau\.vscode\extensions\redhat.java-1.55.0-win32-x64\jre\21.0.11-win32-x86_64\bin\sunmscapi.dll
0x000002a87dc40000 - 0x000002a87ddb8000 	C:\WINDOWS\System32\CRYPT32.dll
0x00007ff905990000 - 0x00007ff9059c0000 	C:\WINDOWS\SYSTEM32\ncrypt.dll
0x00007ff905940000 - 0x00007ff90597f000 	C:\WINDOWS\SYSTEM32\NTASN1.dll
0x00007ff904900000 - 0x00007ff904a55000 	C:\WINDOWS\SYSTEM32\DNSAPI.dll
0x00007ff905250000 - 0x00007ff90525d000 	C:\WINDOWS\SYSTEM32\DSPARSE.dll
0x00007ff8fa620000 - 0x00007ff8fa62b000 	C:\Windows\System32\rasadhlp.dll
0x00007ff8fa590000 - 0x00007ff8fa616000 	C:\WINDOWS\System32\fwpuclnt.dll
0x00007ff8f1db0000 - 0x00007ff8f1db9000 	C:\Users\desau\.vscode\extensions\redhat.java-1.55.0-win32-x64\jre\21.0.11-win32-x86_64\bin\extnet.dll

JVMTI agents:
c:\Users\desau\.vscode\extensions\redhat.java-1.55.0-win32-x64\lombok\lombok-1.18.39-4050.jar path:c:\Users\desau\.vscode\extensions\redhat.java-1.55.0-win32-x64\jre\21.0.11-win32-x86_64\bin\instrument.dll, loaded, initialized, instrumentlib options:none

dbghelp: loaded successfully - version: 4.0.5 - missing functions: none
symbol engine: initialized successfully - sym options: 0x614 - pdb path: .;c:\Users\desau\.vscode\extensions\redhat.java-1.55.0-win32-x64\jre\21.0.11-win32-x86_64\bin;C:\WINDOWS\SYSTEM32;C:\WINDOWS\WinSxS\amd64_microsoft.windows.common-controls_6595b64144ccf1df_6.0.26100.8737_none_3e092eaee333b772;C:\Program Files (x86)\Citrix\ICA Client;c:\Users\desau\.vscode\extensions\redhat.java-1.55.0-win32-x64\jre\21.0.11-win32-x86_64\bin\server;C:\Users\desau\AppData\Roaming\Code\User\globalStorage\redhat.java\1.55.0\config_win\org.eclipse.equinox.launcher\org.eclipse.equinox.launcher.win32.win32.x86_64_1.3.100.v20260613-0559;C:\Users\desau\AppData\Local\Temp\jna-95474630

VM Arguments:
jvm_args: --add-modules=ALL-SYSTEM --add-opens=java.base/java.util=ALL-UNNAMED --add-opens=java.base/java.lang=ALL-UNNAMED --add-opens=java.base/sun.nio.fs=ALL-UNNAMED -Declipse.application=org.eclipse.jdt.ls.core.id1 -Dosgi.bundles.defaultStartLevel=4 -Declipse.product=org.eclipse.jdt.ls.core.product -Djava.import.generatesMetadataFilesAtProjectRoot=false -DDetectVMInstallationsJob.disabled=true -Dfile.encoding=utf8 -XX:+UseParallelGC -XX:GCTimeRatio=4 -XX:AdaptiveSizePolicyWeight=90 -Dsun.zip.disableMemoryMapping=true -Xmx2G -Xms100m -Xlog:disable -javaagent:c:\Users\desau\.vscode\extensions\redhat.java-1.55.0-win32-x64\lombok\lombok-1.18.39-4050.jar -XX:+HeapDumpOnOutOfMemoryError -XX:HeapDumpPath=c:\Users\desau\AppData\Roaming\Code\User\workspaceStorage\4c52fdb731d906dfd86024159bd2e2e1\redhat.java -Daether.dependencyCollector.impl=bf 
java_command: c:\Users\desau\.vscode\extensions\redhat.java-1.55.0-win32-x64\server\plugins\org.eclipse.equinox.launcher_1.7.200.v20260619-2039.jar -configuration c:\Users\desau\AppData\Roaming\Code\User\globalStorage\redhat.java\1.55.0\config_win -data c:\Users\desau\AppData\Roaming\Code\User\workspaceStorage\4c52fdb731d906dfd86024159bd2e2e1\redhat.java\jdt_ws --pipe=\\.\pipe\lsp-9a76a936a1f8d68add1ca629356b7e9b-sock
java_class_path (initial): c:\Users\desau\.vscode\extensions\redhat.java-1.55.0-win32-x64\server\plugins\org.eclipse.equinox.launcher_1.7.200.v20260619-2039.jar
Launcher Type: SUN_STANDARD

[Global flags]
    uintx AdaptiveSizePolicyWeight                 = 90                                        {product} {command line}
     intx CICompilerCount                          = 3                                         {product} {ergonomic}
    uintx GCTimeRatio                              = 4                                         {product} {command line}
     bool HeapDumpOnOutOfMemoryError               = true                                   {manageable} {command line}
    ccstr HeapDumpPath                             = c:\Users\desau\AppData\Roaming\Code\User\workspaceStorage\4c52fdb731d906dfd86024159bd2e2e1\redhat.java         {manageable} {command line}
   size_t InitialHeapSize                          = 104857600                                 {product} {command line}
   size_t MaxHeapSize                              = 2147483648                                {product} {command line}
   size_t MaxNewSize                               = 715653120                                 {product} {ergonomic}
   size_t MinHeapDeltaBytes                        = 524288                                    {product} {ergonomic}
   size_t MinHeapSize                              = 104857600                                 {product} {command line}
   size_t NewSize                                  = 34603008                                  {product} {ergonomic}
    uintx NonNMethodCodeHeapSize                   = 5832780                                {pd product} {ergonomic}
    uintx NonProfiledCodeHeapSize                  = 122912730                              {pd product} {ergonomic}
   size_t OldSize                                  = 70254592                                  {product} {ergonomic}
    uintx ProfiledCodeHeapSize                     = 122912730                              {pd product} {ergonomic}
    uintx ReservedCodeCacheSize                    = 251658240                              {pd product} {ergonomic}
     bool SegmentedCodeCache                       = true                                      {product} {ergonomic}
   size_t SoftMaxHeapSize                          = 2147483648                             {manageable} {ergonomic}
     bool UseCompressedOops                        = true                           {product lp64_product} {ergonomic}
     bool UseLargePagesIndividualAllocation        = false                                  {pd product} {ergonomic}
     bool UseParallelGC                            = true                                      {product} {command line}

Logging:
Log output configuration:
 #0: stdout all=off uptime,level,tags foldmultilines=false
 #1: stderr all=off uptime,level,tags foldmultilines=false

Release file:
JAVA_VERSION="21.0.11" 
MODULES="java.base java.compiler java.datatransfer java.xml java.prefs java.desktop java.instrument java.logging java.management java.security.sasl java.naming java.rmi java.management.rmi java.net.http java.scripting java.security.jgss java.transaction.xa java.sql java.sql.rowset java.xml.crypto java.se java.smartcardio jdk.accessibility jdk.internal.jvmstat jdk.attach jdk.charsets jdk.internal.opt jdk.zipfs jdk.compiler jdk.crypto.ec jdk.crypto.cryptoki jdk.crypto.mscapi jdk.dynalink jdk.internal.ed jdk.editpad jdk.hotspot.agent jdk.httpserver jdk.internal.le jdk.internal.vm.ci jdk.internal.vm.compiler jdk.internal.vm.compiler.management jdk.jartool jdk.javadoc jdk.jcmd jdk.management jdk.management.agent jdk.jconsole jdk.jdeps jdk.jdwp.agent jdk.jdi jdk.jfr jdk.jshell jdk.jsobject jdk.jstatd jdk.localedata jdk.management.jfr jdk.naming.dns jdk.naming.rmi jdk.net jdk.nio.mapmode jdk.random jdk.sctp jdk.security.auth jdk.security.jgss jdk.unsupported jdk.unsupported.desktop jdk.xml.dom" 

Environment Variables:
PATH=C:\Program Files\Microsoft\jdk-25.0.3.9-hotspot\bin;C:\Program Files\Common Files\Oracle\Java\javapath;C:\WINDOWS\system32;C:\WINDOWS;C:\WINDOWS\System32\Wbem;C:\WINDOWS\System32\WindowsPowerShell\v1.0\;C:\WINDOWS\System32\OpenSSH\;C:\WINDOWS\system32;C:\WINDOWS;C:\WINDOWS\System32\Wbem;C:\WINDOWS\System32\WindowsPowerShell\v1.0\;C:\WINDOWS\System32\OpenSSH\;C:\Program Files\Microsoft SQL Server\150\Tools\Binn\;C:\Program Files (x86)\Windows Kits\10\Windows Performance Toolkit\;C:\Program Files\Microsoft SQL Server\170\Tools\Binn\;C:\Program Files\Git\cmd;C:\Users\desau\AppData\Local\Microsoft\WindowsApps;C:\Users\desau\AppData\Local\Programs\Microsoft VS Code\bin
USERNAME=desau
OS=Windows_NT
PROCESSOR_IDENTIFIER=AMD64 Family 23 Model 24 Stepping 1, AuthenticAMD
TMP=C:\Users\desau\AppData\Local\Temp
TEMP=C:\Users\desau\AppData\Local\Temp




Periodic native trim disabled

---------------  S Y S T E M  ---------------

OS:
 Windows 11 , 64 bit Build 26100 (10.0.26100.8737)
OS uptime: 7 days 1:26 hours

CPU: total 4 (initial active 4) (4 cores per cpu, 2 threads per core) family 23 model 24 stepping 1 microcode 0x8108109, cx8, cmov, fxsr, ht, mmx, 3dnowpref, sse, sse2, sse3, ssse3, sse4a, sse4.1, sse4.2, popcnt, lzcnt, tsc, tscinvbit, avx, avx2, aes, clmul, bmi1, bmi2, adx, sha, fma, vzeroupper, clflush, clflushopt, rdtscp, f16c
Processor Information for the first 4 processors :
  Max Mhz: 2600, Current Mhz: 2600, Mhz Limit: 2600

Memory: 4k page, system-wide physical 3463M (58M free)
TotalPageFile size 14215M (AvailPageFile size 2M)
current process WorkingSet (physical memory assigned to process): 55M, peak: 575M
current process commit charge ("private bytes"): 961M, peak: 963M

vm_info: OpenJDK 64-Bit Server VM (21.0.11+10-LTS) for windows-amd64 JRE (21.0.11+10-LTS), built on 2026-04-21T00:00:00Z by "admin" with MS VC++ 17.12 (VS2022)

END.
