#
# There is insufficient memory for the Java Runtime Environment to continue.
# Native memory allocation (malloc) failed to allocate 32744 bytes. Error detail: Chunk::new
# Possible reasons:
#   The system is out of physical RAM or swap space
#   This process is running with CompressedOops enabled, and the Java Heap may be blocking the growth of the native heap
# Possible solutions:
#   Reduce memory load on the system
#   Increase physical memory or swap space
#   Check if swap backing store is full
#   Decrease Java heap size (-Xmx/-Xms)
#   Decrease number of Java threads
#   Decrease Java thread stack sizes (-Xss)
#   Set larger code cache with -XX:ReservedCodeCacheSize=
#   JVM is running with Unscaled Compressed Oops mode in which the Java heap is
#     placed in the first 4GB address space. The Java Heap base address is the
#     maximum limit for the native heap growth. Please use -XX:HeapBaseMinAddress
#     to set the Java Heap base and to place the Java Heap above 4GB virtual address.
# This output file may be truncated or incomplete.
#
#  Out of Memory Error (arena.cpp:168), pid=22804, tid=9556
#
# JRE version: OpenJDK Runtime Environment Temurin-21.0.11+10 (21.0.11+10) (build 21.0.11+10-LTS)
# Java VM: OpenJDK 64-Bit Server VM Temurin-21.0.11+10 (21.0.11+10-LTS, mixed mode, sharing, tiered, compressed oops, compressed class ptrs, parallel gc, windows-amd64)
# No core dump will be written. Minidumps are not enabled by default on client versions of Windows
#

---------------  S U M M A R Y ------------

Command Line: --add-modules=ALL-SYSTEM --add-opens=java.base/java.util=ALL-UNNAMED --add-opens=java.base/java.lang=ALL-UNNAMED --add-opens=java.base/sun.nio.fs=ALL-UNNAMED -Declipse.application=org.eclipse.jdt.ls.core.id1 -Dosgi.bundles.defaultStartLevel=4 -Declipse.product=org.eclipse.jdt.ls.core.product -Djava.import.generatesMetadataFilesAtProjectRoot=false -DDetectVMInstallationsJob.disabled=true -Dfile.encoding=utf8 -XX:+UseParallelGC -XX:GCTimeRatio=4 -XX:AdaptiveSizePolicyWeight=90 -Dsun.zip.disableMemoryMapping=true -Xmx2G -Xms100m -Xlog:disable -javaagent:c:\Users\desau\.vscode\extensions\redhat.java-1.55.0-win32-x64\lombok\lombok-1.18.39-4050.jar c:\Users\desau\.vscode\extensions\redhat.java-1.55.0-win32-x64\server\plugins\org.eclipse.equinox.launcher_1.7.200.v20260619-2039.jar -configuration c:\Users\desau\AppData\Roaming\Code\User\globalStorage\redhat.java\1.55.0\config_ss_win -data c:\Users\desau\AppData\Roaming\Code\User\workspaceStorage\4c52fdb731d906dfd86024159bd2e2e1\redhat.java\ss_ws --pipe=\\.\pipe\lsp-6109a258a366cde4cf859e207a844e2c-sock

Host: AMD Ryzen 3 3250U with Radeon Graphics         , 4 cores, 3G,  Windows 11 , 64 bit Build 26100 (10.0.26100.8737)
Time: Thu Jul 23 02:02:01 2026 Eastern Daylight Time elapsed time: 17.674576 seconds (0d 0h 0m 17s)

---------------  T H R E A D  ---------------

Current thread (0x0000022378c6c5f0):  JavaThread "C1 CompilerThread0" daemon [_thread_in_native, id=9556, stack(0x000000bcac200000,0x000000bcac300000) (1024K)]


Current CompileTask:
C1:17674 2405   !   3       org.eclipse.osgi.container.Module::start (662 bytes)

Stack: [0x000000bcac200000,0x000000bcac300000]
Native frames: (J=compiled Java code, j=interpreted, Vv=VM code, C=native code)
V  [jvm.dll+0x6d7e19]
V  [jvm.dll+0x8b5096]
V  [jvm.dll+0x8b764e]
V  [jvm.dll+0x8b7d33]
V  [jvm.dll+0x284596]
V  [jvm.dll+0xc685d]
V  [jvm.dll+0xc6da1]
V  [jvm.dll+0x197e7e]
V  [jvm.dll+0x19ff5e]
V  [jvm.dll+0x19c93e]
V  [jvm.dll+0x157515]
V  [jvm.dll+0x156db7]
V  [jvm.dll+0x156fe4]
V  [jvm.dll+0x1563fc]
V  [jvm.dll+0x15818d]
V  [jvm.dll+0x25baad]
V  [jvm.dll+0x25a03a]
V  [jvm.dll+0x3f868e]
V  [jvm.dll+0x85fb0d]
V  [jvm.dll+0x6d664d]
C  [ucrtbase.dll+0x2cd30]
C  [KERNEL32.DLL+0x2e957]
C  [ntdll.dll+0xaad6c]


---------------  P R O C E S S  ---------------

Threads class SMR info:
_java_thread_list=0x000002237e6f69f0, length=16, elements={
0x000002235ff09ce0, 0x0000022378c50040, 0x0000022378c51cb0, 0x0000022378c566f0,
0x0000022378c57350, 0x0000022378c5ac10, 0x0000022378c5e450, 0x0000022378c66f70,
0x0000022378c6c5f0, 0x0000022379b4eaf0, 0x0000022379c732a0, 0x0000022379a461e0,
0x00000223799bf530, 0x00000223799c05e0, 0x0000022379c52da0, 0x000002237e6a7620
}

Java Threads: ( => current thread )
  0x000002235ff09ce0 JavaThread "main"                              [_thread_in_native, id=22872, stack(0x000000bcab600000,0x000000bcab700000) (1024K)]
  0x0000022378c50040 JavaThread "Reference Handler"          daemon [_thread_blocked, id=6220, stack(0x000000bcabb00000,0x000000bcabc00000) (1024K)]
  0x0000022378c51cb0 JavaThread "Finalizer"                  daemon [_thread_blocked, id=17472, stack(0x000000bcabc00000,0x000000bcabd00000) (1024K)]
  0x0000022378c566f0 JavaThread "Signal Dispatcher"          daemon [_thread_blocked, id=3484, stack(0x000000bcabd00000,0x000000bcabe00000) (1024K)]
  0x0000022378c57350 JavaThread "Attach Listener"            daemon [_thread_blocked, id=22584, stack(0x000000bcabe00000,0x000000bcabf00000) (1024K)]
  0x0000022378c5ac10 JavaThread "Service Thread"             daemon [_thread_blocked, id=23712, stack(0x000000bcabf00000,0x000000bcac000000) (1024K)]
  0x0000022378c5e450 JavaThread "Monitor Deflation Thread"   daemon [_thread_blocked, id=4896, stack(0x000000bcac000000,0x000000bcac100000) (1024K)]
  0x0000022378c66f70 JavaThread "C2 CompilerThread0"         daemon [_thread_blocked, id=3296, stack(0x000000bcac100000,0x000000bcac200000) (1024K)]
=>0x0000022378c6c5f0 JavaThread "C1 CompilerThread0"         daemon [_thread_in_native, id=9556, stack(0x000000bcac200000,0x000000bcac300000) (1024K)]
  0x0000022379b4eaf0 JavaThread "Common-Cleaner"             daemon [_thread_blocked, id=6792, stack(0x000000bcac300000,0x000000bcac400000) (1024K)]
  0x0000022379c732a0 JavaThread "Notification Thread"        daemon [_thread_blocked, id=21384, stack(0x000000bcac400000,0x000000bcac500000) (1024K)]
  0x0000022379a461e0 JavaThread "Active Thread: Equinox Container: a4d2ebae-b794-401c-9f90-1f7c0ccdb785"        [_thread_blocked, id=15816, stack(0x000000bcac800000,0x000000bcac900000) (1024K)]
  0x00000223799bf530 JavaThread "Framework Event Dispatcher: Equinox Container: a4d2ebae-b794-401c-9f90-1f7c0ccdb785" daemon [_thread_blocked, id=19888, stack(0x000000bcac900000,0x000000bcaca00000) (1024K)]
  0x00000223799c05e0 JavaThread "Start Level: Equinox Container: a4d2ebae-b794-401c-9f90-1f7c0ccdb785" daemon [_thread_in_native, id=23332, stack(0x000000bcaca00000,0x000000bcacb00000) (1024K)]
  0x0000022379c52da0 JavaThread "SCR Component Actor"        daemon [_thread_blocked, id=10900, stack(0x000000bcacb00000,0x000000bcacc00000) (1024K)]
  0x000002237e6a7620 JavaThread "Worker-JM"                         [_thread_blocked, id=7456, stack(0x000000bcacc00000,0x000000bcacd00000) (1024K)]
Total: 16

Other Threads:
  0x0000022378c3f5f0 VMThread "VM Thread"                           [id=20980, stack(0x000000bcaba00000,0x000000bcabb00000) (1024K)]
  0x0000022378bbca00 WatcherThread "VM Periodic Task Thread"        [id=10280, stack(0x000000bcab900000,0x000000bcaba00000) (1024K)]
  0x000002236227c0c0 WorkerThread "GC Thread#0"                     [id=23316, stack(0x000000bcab800000,0x000000bcab900000) (1024K)]
  0x000002237e434f80 WorkerThread "GC Thread#1"                     [id=14372, stack(0x000000bcac500000,0x000000bcac600000) (1024K)]
  0x000002237e18e370 WorkerThread "GC Thread#2"                     [id=9356, stack(0x000000bcac600000,0x000000bcac700000) (1024K)]
  0x000002237e18e720 WorkerThread "GC Thread#3"                     [id=16440, stack(0x000000bcac700000,0x000000bcac800000) (1024K)]
Total: 6

Threads with active compile tasks:
C1 CompilerThread0  17798 2405   !   3       org.eclipse.osgi.container.Module::start (662 bytes)
Total: 1

VM state: not at safepoint (normal execution)

VM Mutex/Monitor currently owned by a thread: None

Heap address: 0x0000000080000000, size: 2048 MB, Compressed Oops mode: 32-bit

CDS archive(s) mapped at: [0x0000022300000000-0x0000022300ba0000-0x0000022300ba0000), size 12189696, SharedBaseAddress: 0x0000022300000000, ArchiveRelocationMode: 1.
Compressed class space mapped at: 0x0000022301000000-0x0000022341000000, reserved size: 1073741824
Narrow klass base: 0x0000022300000000, Narrow klass shift: 0, Narrow klass range: 0x100000000

GC Precious Log:
 CardTable entry size: 512
 CPUs: 4 total, 4 available
 Memory: 3463M
 Large Page Support: Disabled
 NUMA Support: Disabled
 Compressed Oops: Enabled (32-bit)
 Alignments: Space 512K, Generation 512K, Heap 2M
 Heap Min Capacity: 100M
 Heap Initial Capacity: 100M
 Heap Max Capacity: 2G
 Pre-touch: Disabled
 Parallel Workers: 4

Heap:
 PSYoungGen      total 29696K, used 10655K [0x00000000d5580000, 0x00000000d7680000, 0x0000000100000000)
  eden space 25600K, 25% used [0x00000000d5580000,0x00000000d5beb260,0x00000000d6e80000)
  from space 4096K, 99% used [0x00000000d6e80000,0x00000000d727cbe8,0x00000000d7280000)
  to   space 4096K, 0% used [0x00000000d7280000,0x00000000d7280000,0x00000000d7680000)
 ParOldGen       total 68608K, used 2839K [0x0000000080000000, 0x0000000084300000, 0x00000000d5580000)
  object space 68608K, 4% used [0x0000000080000000,0x00000000802c5df8,0x0000000084300000)
 Metaspace       used 13999K, committed 14528K, reserved 1114112K
  class space    used 1467K, committed 1728K, reserved 1048576K

Card table byte_map: [0x0000022361c00000,0x0000022362010000] _byte_map_base: 0x0000022361800000

Marking Bits: (ParMarkBitMap*) 0x00007ff9a3cb4460
 Begin Bits: [0x00000223746e0000, 0x00000223766e0000)
 End Bits:   [0x00000223766e0000, 0x00000223786e0000)

Polling page: 0x00000223619f0000

Metaspace:

Usage:
  Non-class:     12.24 MB used.
      Class:      1.43 MB used.
       Both:     13.67 MB used.

Virtual space:
  Non-class space:       64.00 MB reserved,      12.50 MB ( 20%) committed,  1 nodes.
      Class space:        1.00 GB reserved,       1.69 MB ( <1%) committed,  1 nodes.
             Both:        1.06 GB reserved,      14.19 MB (  1%) committed. 

Chunk freelists:
   Non-Class:  3.41 MB
       Class:  14.36 MB
        Both:  17.77 MB

MaxMetaspaceSize: unlimited
CompressedClassSpaceSize: 1.00 GB
Initial GC threshold: 21.00 MB
Current GC threshold: 21.00 MB
CDS: on
 - commit_granule_bytes: 65536.
 - commit_granule_words: 8192.
 - virtual_space_node_default_size: 8388608.
 - enlarge_chunks_in_place: 1.
 - use_allocation_guard: 0.


Internal statistics:

num_allocs_failed_limit: 0.
num_arena_births: 390.
num_arena_deaths: 0.
num_vsnodes_births: 2.
num_vsnodes_deaths: 0.
num_space_committed: 227.
num_space_uncommitted: 0.
num_chunks_returned_to_freelist: 0.
num_chunks_taken_from_freelist: 866.
num_chunk_merges: 0.
num_chunk_splits: 545.
num_chunks_enlarged: 352.
num_inconsistent_stats: 0.

CodeHeap 'non-profiled nmethods': size=120000Kb used=981Kb max_used=981Kb free=119018Kb
 bounds [0x000002236cf00000, 0x000002236d170000, 0x0000022374430000]
CodeHeap 'profiled nmethods': size=120000Kb used=4676Kb max_used=4676Kb free=115323Kb
 bounds [0x0000022365430000, 0x00000223658d0000, 0x000002236c960000]
CodeHeap 'non-nmethods': size=5760Kb used=1259Kb max_used=1273Kb free=4500Kb
 bounds [0x000002236c960000, 0x000002236cbd0000, 0x000002236cf00000]
CodeCache: size=245760Kb, used=6916Kb, max_used=6930Kb, free=238841Kb
 total_blobs=2934, nmethods=2404, adapters=436, full_count=0
Compilation: enabled, stopped_count=0, restarted_count=0

Compilation events (20 events):
Event: 17.484 Thread 0x0000022378c6c5f0 nmethod 2395 0x000002236cff4510 code [0x000002236cff46a0, 0x000002236cff4780]
Event: 17.484 Thread 0x0000022378c6c5f0 2396       1       org.eclipse.core.internal.registry.RegistryObject::getRawChildren (5 bytes)
Event: 17.485 Thread 0x0000022378c6c5f0 nmethod 2396 0x000002236cff4810 code [0x000002236cff49a0, 0x000002236cff4a68]
Event: 17.485 Thread 0x0000022378c6c5f0 2397       3       org.eclipse.core.internal.registry.ConfigurationElement::intern (13 bytes)
Event: 17.485 Thread 0x0000022378c6c5f0 nmethod 2397 0x00000223658bf810 code [0x00000223658bf9c0, 0x00000223658bfb38]
Event: 17.485 Thread 0x0000022378c6c5f0 2398       1       org.eclipse.core.internal.registry.ExtensionRegistry::isMultiLanguage (5 bytes)
Event: 17.485 Thread 0x0000022378c6c5f0 nmethod 2398 0x000002236cff4b10 code [0x000002236cff4ca0, 0x000002236cff4d70]
Event: 17.485 Thread 0x0000022378c6c5f0 2399       1       org.eclipse.core.internal.registry.ConfigurationElement::getContributorId (5 bytes)
Event: 17.485 Thread 0x0000022378c6c5f0 nmethod 2399 0x000002236cff4e10 code [0x000002236cff4fa0, 0x000002236cff5068]
Event: 17.487 Thread 0x0000022378c66f70 2400       4       java.lang.ref.SoftReference::get (29 bytes)
Event: 17.488 Thread 0x0000022378c66f70 nmethod 2400 0x000002236cff5110 code [0x000002236cff52a0, 0x000002236cff5358]
Event: 17.490 Thread 0x0000022378c6c5f0 2401       3       org.eclipse.core.internal.registry.ReferenceMap::get (54 bytes)
Event: 17.491 Thread 0x0000022378c6c5f0 nmethod 2401 0x00000223658bfc10 code [0x00000223658bfe20, 0x00000223658c02f0]
Event: 17.492 Thread 0x0000022378c6c5f0 2402  s    3       org.eclipse.core.internal.registry.RegistryObjectManager::getObject (7 bytes)
Event: 17.492 Thread 0x0000022378c6c5f0 nmethod 2402 0x00000223658c0590 code [0x00000223658c0740, 0x00000223658c0940]
Event: 17.493 Thread 0x0000022378c6c5f0 2403       1       org.eclipse.core.internal.registry.ConfigurationElement::getName (5 bytes)
Event: 17.493 Thread 0x0000022378c6c5f0 nmethod 2403 0x000002236cff5410 code [0x000002236cff55a0, 0x000002236cff5668]
Event: 17.495 Thread 0x0000022378c6c5f0 2404       3       java.util.ArrayList::<init> (65 bytes)
Event: 17.496 Thread 0x0000022378c6c5f0 nmethod 2404 0x00000223658c0a10 code [0x00000223658c0c20, 0x00000223658c1188]
Event: 17.496 Thread 0x0000022378c6c5f0 2405   !   3       org.eclipse.osgi.container.Module::start (662 bytes)

GC Heap History (6 events):
Event: 5.549 GC heap before
{Heap before GC invocations=1 (full 0):
 PSYoungGen      total 29696K, used 25600K [0x00000000d5580000, 0x00000000d7680000, 0x0000000100000000)
  eden space 25600K, 100% used [0x00000000d5580000,0x00000000d6e80000,0x00000000d6e80000)
  from space 4096K, 0% used [0x00000000d7280000,0x00000000d7280000,0x00000000d7680000)
  to   space 4096K, 0% used [0x00000000d6e80000,0x00000000d6e80000,0x00000000d7280000)
 ParOldGen       total 68608K, used 0K [0x0000000080000000, 0x0000000084300000, 0x00000000d5580000)
  object space 68608K, 0% used [0x0000000080000000,0x0000000080000000,0x0000000084300000)
 Metaspace       used 4419K, committed 4608K, reserved 1114112K
  class space    used 477K, committed 576K, reserved 1048576K
}
Event: 5.572 GC heap after
{Heap after GC invocations=1 (full 0):
 PSYoungGen      total 29696K, used 3271K [0x00000000d5580000, 0x00000000d7680000, 0x0000000100000000)
  eden space 25600K, 0% used [0x00000000d5580000,0x00000000d5580000,0x00000000d6e80000)
  from space 4096K, 79% used [0x00000000d6e80000,0x00000000d71b1e98,0x00000000d7280000)
  to   space 4096K, 0% used [0x00000000d7280000,0x00000000d7280000,0x00000000d7680000)
 ParOldGen       total 68608K, used 16K [0x0000000080000000, 0x0000000084300000, 0x00000000d5580000)
  object space 68608K, 0% used [0x0000000080000000,0x0000000080004000,0x0000000084300000)
 Metaspace       used 4419K, committed 4608K, reserved 1114112K
  class space    used 477K, committed 576K, reserved 1048576K
}
Event: 9.953 GC heap before
{Heap before GC invocations=2 (full 0):
 PSYoungGen      total 29696K, used 28871K [0x00000000d5580000, 0x00000000d7680000, 0x0000000100000000)
  eden space 25600K, 100% used [0x00000000d5580000,0x00000000d6e80000,0x00000000d6e80000)
  from space 4096K, 79% used [0x00000000d6e80000,0x00000000d71b1e98,0x00000000d7280000)
  to   space 4096K, 0% used [0x00000000d7280000,0x00000000d7280000,0x00000000d7680000)
 ParOldGen       total 68608K, used 16K [0x0000000080000000, 0x0000000084300000, 0x00000000d5580000)
  object space 68608K, 0% used [0x0000000080000000,0x0000000080004000,0x0000000084300000)
 Metaspace       used 8235K, committed 8576K, reserved 1114112K
  class space    used 873K, committed 1024K, reserved 1048576K
}
Event: 9.963 GC heap after
{Heap after GC invocations=2 (full 0):
 PSYoungGen      total 29696K, used 4070K [0x00000000d5580000, 0x00000000d7680000, 0x0000000100000000)
  eden space 25600K, 0% used [0x00000000d5580000,0x00000000d5580000,0x00000000d6e80000)
  from space 4096K, 99% used [0x00000000d7280000,0x00000000d7679800,0x00000000d7680000)
  to   space 4096K, 0% used [0x00000000d6e80000,0x00000000d6e80000,0x00000000d7280000)
 ParOldGen       total 68608K, used 1054K [0x0000000080000000, 0x0000000084300000, 0x00000000d5580000)
  object space 68608K, 1% used [0x0000000080000000,0x0000000080107b38,0x0000000084300000)
 Metaspace       used 8235K, committed 8576K, reserved 1114112K
  class space    used 873K, committed 1024K, reserved 1048576K
}
Event: 17.003 GC heap before
{Heap before GC invocations=3 (full 0):
 PSYoungGen      total 29696K, used 29670K [0x00000000d5580000, 0x00000000d7680000, 0x0000000100000000)
  eden space 25600K, 100% used [0x00000000d5580000,0x00000000d6e80000,0x00000000d6e80000)
  from space 4096K, 99% used [0x00000000d7280000,0x00000000d7679800,0x00000000d7680000)
  to   space 4096K, 0% used [0x00000000d6e80000,0x00000000d6e80000,0x00000000d7280000)
 ParOldGen       total 68608K, used 1054K [0x0000000080000000, 0x0000000084300000, 0x00000000d5580000)
  object space 68608K, 1% used [0x0000000080000000,0x0000000080107b38,0x0000000084300000)
 Metaspace       used 13127K, committed 13632K, reserved 1114112K
  class space    used 1385K, committed 1600K, reserved 1048576K
}
Event: 17.014 GC heap after
{Heap after GC invocations=3 (full 0):
 PSYoungGen      total 29696K, used 4082K [0x00000000d5580000, 0x00000000d7680000, 0x0000000100000000)
  eden space 25600K, 0% used [0x00000000d5580000,0x00000000d5580000,0x00000000d6e80000)
  from space 4096K, 99% used [0x00000000d6e80000,0x00000000d727cbe8,0x00000000d7280000)
  to   space 4096K, 0% used [0x00000000d7280000,0x00000000d7280000,0x00000000d7680000)
 ParOldGen       total 68608K, used 2839K [0x0000000080000000, 0x0000000084300000, 0x00000000d5580000)
  object space 68608K, 4% used [0x0000000080000000,0x00000000802c5df8,0x0000000084300000)
 Metaspace       used 13127K, committed 13632K, reserved 1114112K
  class space    used 1385K, committed 1600K, reserved 1048576K
}

Dll operation events (9 events):
Event: 0.087 Loaded shared library c:\Users\desau\.vscode\extensions\redhat.java-1.55.0-win32-x64\jre\21.0.11-win32-x86_64\bin\java.dll
Event: 1.205 Loaded shared library c:\Users\desau\.vscode\extensions\redhat.java-1.55.0-win32-x64\jre\21.0.11-win32-x86_64\bin\zip.dll
Event: 1.272 Loaded shared library C:\Users\desau\.vscode\extensions\redhat.java-1.55.0-win32-x64\jre\21.0.11-win32-x86_64\bin\instrument.dll
Event: 1.293 Loaded shared library C:\Users\desau\.vscode\extensions\redhat.java-1.55.0-win32-x64\jre\21.0.11-win32-x86_64\bin\net.dll
Event: 1.304 Loaded shared library C:\Users\desau\.vscode\extensions\redhat.java-1.55.0-win32-x64\jre\21.0.11-win32-x86_64\bin\nio.dll
Event: 1.316 Loaded shared library C:\Users\desau\.vscode\extensions\redhat.java-1.55.0-win32-x64\jre\21.0.11-win32-x86_64\bin\zip.dll
Event: 1.402 Loaded shared library C:\Users\desau\.vscode\extensions\redhat.java-1.55.0-win32-x64\jre\21.0.11-win32-x86_64\bin\jimage.dll
Event: 1.896 Loaded shared library c:\Users\desau\.vscode\extensions\redhat.java-1.55.0-win32-x64\jre\21.0.11-win32-x86_64\bin\verify.dll
Event: 9.821 Loaded shared library C:\Users\desau\AppData\Roaming\Code\User\globalStorage\redhat.java\1.55.0\config_ss_win\org.eclipse.equinox.launcher\org.eclipse.equinox.launcher.win32.win32.x86_64_1.3.100.v20260613-0559\eclipse_11924.dll

Deoptimization events (20 events):
Event: 16.763 Thread 0x00000223799c05e0 Uncommon trap: trap_request=0xffffffde fr.pc=0x000002236cfe66c4 relative=0x0000000000000124
Event: 16.763 Thread 0x00000223799c05e0 Uncommon trap: reason=class_check action=maybe_recompile pc=0x000002236cfe66c4 method=jdk.internal.misc.Unsafe.allocateUninitializedArray(Ljava/lang/Class;I)Ljava/lang/Object; @ 51 c2
Event: 16.763 Thread 0x00000223799c05e0 DEOPT PACKING pc=0x000002236cfe66c4 sp=0x000000bcacaf8ff0
Event: 16.763 Thread 0x00000223799c05e0 DEOPT UNPACKING pc=0x000002236c9b3aa2 sp=0x000000bcacaf8f68 mode 2
Event: 16.766 Thread 0x00000223799c05e0 Uncommon trap: trap_request=0xffffffde fr.pc=0x000002236cfe66c4 relative=0x0000000000000124
Event: 16.766 Thread 0x00000223799c05e0 Uncommon trap: reason=class_check action=maybe_recompile pc=0x000002236cfe66c4 method=jdk.internal.misc.Unsafe.allocateUninitializedArray(Ljava/lang/Class;I)Ljava/lang/Object; @ 51 c2
Event: 16.766 Thread 0x00000223799c05e0 DEOPT PACKING pc=0x000002236cfe66c4 sp=0x000000bcacaf8f00
Event: 16.766 Thread 0x00000223799c05e0 DEOPT UNPACKING pc=0x000002236c9b3aa2 sp=0x000000bcacaf8e78 mode 2
Event: 16.769 Thread 0x00000223799c05e0 Uncommon trap: trap_request=0xffffffde fr.pc=0x000002236cfe66c4 relative=0x0000000000000124
Event: 16.769 Thread 0x00000223799c05e0 Uncommon trap: reason=class_check action=maybe_recompile pc=0x000002236cfe66c4 method=jdk.internal.misc.Unsafe.allocateUninitializedArray(Ljava/lang/Class;I)Ljava/lang/Object; @ 51 c2
Event: 16.769 Thread 0x00000223799c05e0 DEOPT PACKING pc=0x000002236cfe66c4 sp=0x000000bcacaf87f0
Event: 16.769 Thread 0x00000223799c05e0 DEOPT UNPACKING pc=0x000002236c9b3aa2 sp=0x000000bcacaf8768 mode 2
Event: 16.773 Thread 0x00000223799c05e0 Uncommon trap: trap_request=0xffffffde fr.pc=0x000002236cfe66c4 relative=0x0000000000000124
Event: 16.773 Thread 0x00000223799c05e0 Uncommon trap: reason=class_check action=maybe_recompile pc=0x000002236cfe66c4 method=jdk.internal.misc.Unsafe.allocateUninitializedArray(Ljava/lang/Class;I)Ljava/lang/Object; @ 51 c2
Event: 16.773 Thread 0x00000223799c05e0 DEOPT PACKING pc=0x000002236cfe66c4 sp=0x000000bcacaf5210
Event: 16.773 Thread 0x00000223799c05e0 DEOPT UNPACKING pc=0x000002236c9b3aa2 sp=0x000000bcacaf5188 mode 2
Event: 17.353 Thread 0x00000223799c05e0 Uncommon trap: trap_request=0xffffff45 fr.pc=0x000002236cf43174 relative=0x0000000000000054
Event: 17.353 Thread 0x00000223799c05e0 Uncommon trap: reason=unstable_if action=reinterpret pc=0x000002236cf43174 method=java.lang.CharacterData.of(I)Ljava/lang/CharacterData; @ 4 c2
Event: 17.353 Thread 0x00000223799c05e0 DEOPT PACKING pc=0x000002236cf43174 sp=0x000000bcacaf8a50
Event: 17.353 Thread 0x00000223799c05e0 DEOPT UNPACKING pc=0x000002236c9b3aa2 sp=0x000000bcacaf89e8 mode 2

Classes loaded (20 events):
Event: 17.318 Loading class jdk/internal/module/ModulePatcher$PatchedModuleReader
Event: 17.319 Loading class jdk/internal/module/ModulePatcher$PatchedModuleReader done
Event: 17.346 Loading class sun/text/resources/cldr/FormatData_en
Event: 17.347 Loading class sun/text/resources/cldr/FormatData_en done
Event: 17.348 Loading class sun/text/resources/cldr/FormatData_en_US
Event: 17.348 Loading class sun/text/resources/cldr/FormatData_en_US done
Event: 17.363 Loading class java/text/FieldPosition$Delegate
Event: 17.363 Loading class java/text/FieldPosition$Delegate done
Event: 17.365 Loading class java/text/MessageFormat$Field
Event: 17.365 Loading class java/text/MessageFormat$Field done
Event: 17.449 Loading class java/util/stream/SortedOps
Event: 17.450 Loading class java/util/stream/SortedOps done
Event: 17.450 Loading class java/util/stream/SortedOps$OfRef
Event: 17.450 Loading class java/util/stream/ReferencePipeline$StatefulOp
Event: 17.451 Loading class java/util/stream/ReferencePipeline$StatefulOp done
Event: 17.451 Loading class java/util/stream/SortedOps$OfRef done
Event: 17.451 Loading class java/util/stream/SortedOps$RefSortingSink
Event: 17.452 Loading class java/util/stream/SortedOps$AbstractRefSortingSink
Event: 17.453 Loading class java/util/stream/SortedOps$AbstractRefSortingSink done
Event: 17.453 Loading class java/util/stream/SortedOps$RefSortingSink done

Classes unloaded (0 events):
No events

Classes redefined (0 events):
No events

Internal exceptions (20 events):
Event: 8.162 Thread 0x000002235ff09ce0 Exception <a 'java/lang/IncompatibleClassChangeError'{0x00000000d64299a8}: Found class java.lang.Object, but interface was expected> (0x00000000d64299a8) 
thrown [s\src\hotspot\share\interpreter\linkResolver.cpp, line 840]
Event: 8.165 Thread 0x000002235ff09ce0 Exception <a 'java/lang/NoSuchMethodError'{0x00000000d6430838}: 'void java.lang.invoke.DirectMethodHandle$Holder.invokeStaticInit(java.lang.Object, java.lang.Object)'> (0x00000000d6430838) 
thrown [s\src\hotspot\share\interpreter\linkResolver.cpp, line 773]
Event: 8.167 Thread 0x000002235ff09ce0 Exception <a 'java/lang/NoSuchMethodError'{0x00000000d643a4b0}: 'int java.lang.invoke.DirectMethodHandle$Holder.invokeStaticInit(java.lang.Object, java.lang.Object)'> (0x00000000d643a4b0) 
thrown [s\src\hotspot\share\interpreter\linkResolver.cpp, line 773]
Event: 8.452 Thread 0x000002235ff09ce0 Exception <a 'java/lang/NoSuchMethodError'{0x00000000d669bec8}: 'java.lang.Object java.lang.invoke.DirectMethodHandle$Holder.newInvokeSpecial(java.lang.Object, int, java.lang.Object)'> (0x00000000d669bec8) 
thrown [s\src\hotspot\share\interpreter\linkResolver.cpp, line 773]
Event: 8.734 Thread 0x000002235ff09ce0 Exception <a 'java/lang/ClassNotFoundException'{0x00000000d68be3b8}: sun/net/www/protocol/plurl/Handler> (0x00000000d68be3b8) 
thrown [s\src\hotspot\share\classfile\systemDictionary.cpp, line 313]
Event: 8.735 Thread 0x000002235ff09ce0 Exception <a 'java/lang/ClassNotFoundException'{0x00000000d68bf238}: sun/net/www/protocol/plurl/Handler> (0x00000000d68bf238) 
thrown [s\src\hotspot\share\classfile\systemDictionary.cpp, line 313]
Event: 9.766 Thread 0x000002235ff09ce0 Exception <a 'java/lang/UnsatisfiedLinkError'{0x00000000d6cf1768}: 'void org.eclipse.equinox.launcher.JNIBridge._update_splash()'> (0x00000000d6cf1768) 
thrown [s\src\hotspot\share\prims\nativeLookup.cpp, line 415]
Event: 10.217 Thread 0x00000223799c05e0 Exception <a 'java/lang/NullPointerException'{0x00000000d5819568}> (0x00000000d5819568) 
thrown [s\src\hotspot\share\interpreter\linkResolver.cpp, line 1372]
Event: 10.217 Thread 0x00000223799c05e0 Exception <a 'java/lang/NullPointerException'{0x00000000d5819848}> (0x00000000d5819848) 
thrown [s\src\hotspot\share\interpreter\linkResolver.cpp, line 1372]
Event: 14.900 Thread 0x00000223799c05e0 Exception <a 'java/lang/NoSuchMethodError'{0x00000000d60e91a0}: 'long java.lang.invoke.DirectMethodHandle$Holder.invokeSpecial(java.lang.Object, java.lang.Object)'> (0x00000000d60e91a0) 
thrown [s\src\hotspot\share\interpreter\linkResolver.cpp, line 773]
Event: 15.198 Thread 0x00000223799c05e0 Exception <a 'java/io/FileNotFoundException'{0x00000000d62b4ec0}> (0x00000000d62b4ec0) 
thrown [s\src\hotspot\share\prims\jni.cpp, line 520]
Event: 15.782 Thread 0x00000223799c05e0 Exception <a 'java/lang/NoSuchMethodError'{0x00000000d65cfdc0}: 'java.lang.Object java.lang.invoke.Invokers$Holder.linkToTargetMethod(java.lang.Object, long, java.lang.Object)'> (0x00000000d65cfdc0) 
thrown [s\src\hotspot\share\interpreter\linkResolver.cpp, line 773]
Event: 16.330 Thread 0x00000223799c05e0 Exception <a 'java/lang/NoSuchMethodError'{0x00000000d6974be0}: 'void java.lang.invoke.DirectMethodHandle$Holder.invokeInterface(java.lang.Object, java.lang.Object, java.lang.Object)'> (0x00000000d6974be0) 
thrown [s\src\hotspot\share\interpreter\linkResolver.cpp, line 773]
Event: 16.697 Thread 0x00000223799c05e0 Exception <a 'java/lang/NoSuchMethodError'{0x00000000d6b871a8}: 'void java.lang.invoke.Invokers$Holder.invokeExact_MT(java.lang.Object, java.lang.Object, java.lang.Object)'> (0x00000000d6b871a8) 
thrown [s\src\hotspot\share\interpreter\linkResolver.cpp, line 773]
Event: 16.994 Thread 0x00000223799c05e0 Exception <a 'java/lang/NoSuchMethodError'{0x00000000d6e4f220}: 'java.lang.Object java.lang.invoke.DirectMethodHandle$Holder.invokeVirtual(java.lang.Object, java.lang.Object, java.lang.Object)'> (0x00000000d6e4f220) 
thrown [s\src\hotspot\share\interpreter\linkResolver.cpp, line 773]
Event: 17.000 Thread 0x00000223799c05e0 Exception <a 'java/lang/NoSuchMethodError'{0x00000000d6e66f00}: 'java.lang.Object java.lang.invoke.DelegatingMethodHandle$Holder.reinvoke_L(java.lang.Object, java.lang.Object, java.lang.Object, java.lang.Object, int, int)'> (0x00000000d6e66f00) 
thrown [s\src\hotspot\share\interpreter\linkResolver.cpp, line 773]
Event: 17.017 Thread 0x00000223799c05e0 Exception <a 'java/lang/NoSuchMethodError'{0x00000000d5583730}: 'java.lang.Object java.lang.invoke.DirectMethodHandle$Holder.newInvokeSpecial(java.lang.Object, java.lang.Object, java.lang.Object, java.lang.Object, java.lang.Object, java.lang.Object)'> (0x00000000d5583730) 
thrown [s\src\hotspot\share\interpreter\linkResolver.cpp, line 773]
Event: 17.027 Thread 0x00000223799c05e0 Exception <a 'java/lang/NoSuchMethodError'{0x00000000d55af2e8}: 'void java.lang.invoke.Invokers$Holder.invokeExact_MT(java.lang.Object, java.lang.Object, java.lang.Object, java.lang.Object)'> (0x00000000d55af2e8) 
thrown [s\src\hotspot\share\interpreter\linkResolver.cpp, line 773]
Event: 17.385 Thread 0x00000223799c05e0 Exception <a 'java/io/FileNotFoundException'{0x00000000d5a08e40}> (0x00000000d5a08e40) 
thrown [s\src\hotspot\share\prims\jni.cpp, line 520]
Event: 17.386 Thread 0x00000223799c05e0 Exception <a 'java/io/FileNotFoundException'{0x00000000d5a0faa8}> (0x00000000d5a0faa8) 
thrown [s\src\hotspot\share\prims\jni.cpp, line 520]

ZGC Phase Switch (0 events):
No events

VM Operations (20 events):
Event: 9.952 Executing safepoint VM operation: ParallelGCFailedAllocation (Allocation Failure)
Event: 9.963 Executing safepoint VM operation: ParallelGCFailedAllocation (Allocation Failure) done
Event: 10.967 Executing safepoint VM operation: Cleanup
Event: 10.967 Executing safepoint VM operation: Cleanup done
Event: 13.110 Executing non-safepoint VM operation: HandshakeAllThreads (Deoptimize)
Event: 13.111 Executing non-safepoint VM operation: HandshakeAllThreads (Deoptimize) done
Event: 14.118 Executing safepoint VM operation: Cleanup
Event: 14.418 Executing safepoint VM operation: Cleanup done
Event: 15.430 Executing safepoint VM operation: Cleanup
Event: 15.430 Executing safepoint VM operation: Cleanup done
Event: 16.079 Executing non-safepoint VM operation: HandshakeAllThreads (Deoptimize)
Event: 16.079 Executing non-safepoint VM operation: HandshakeAllThreads (Deoptimize) done
Event: 17.003 Executing safepoint VM operation: ParallelGCFailedAllocation (Allocation Failure)
Event: 17.014 Executing safepoint VM operation: ParallelGCFailedAllocation (Allocation Failure) done
Event: 17.300 Executing non-safepoint VM operation: HandshakeAllThreads (Deoptimize)
Event: 17.300 Executing non-safepoint VM operation: HandshakeAllThreads (Deoptimize) done
Event: 17.320 Executing non-safepoint VM operation: HandshakeAllThreads (Deoptimize)
Event: 17.320 Executing non-safepoint VM operation: HandshakeAllThreads (Deoptimize) done
Event: 17.358 Executing non-safepoint VM operation: HandshakeAllThreads (Deoptimize)
Event: 17.358 Executing non-safepoint VM operation: HandshakeAllThreads (Deoptimize) done

Memory protections (0 events):
No events

Nmethod flushes (0 events):
No events

Events (16 events):
Event: 0.190 Thread 0x000002235ff09ce0 Thread added: 0x000002235ff09ce0
Event: 1.090 Thread 0x000002235ff09ce0 Thread added: 0x0000022378c50040
Event: 1.090 Thread 0x000002235ff09ce0 Thread added: 0x0000022378c51cb0
Event: 1.091 Thread 0x000002235ff09ce0 Thread added: 0x0000022378c566f0
Event: 1.091 Thread 0x000002235ff09ce0 Thread added: 0x0000022378c57350
Event: 1.091 Thread 0x000002235ff09ce0 Thread added: 0x0000022378c5ac10
Event: 1.091 Thread 0x000002235ff09ce0 Thread added: 0x0000022378c5e450
Event: 1.092 Thread 0x000002235ff09ce0 Thread added: 0x0000022378c66f70
Event: 1.092 Thread 0x000002235ff09ce0 Thread added: 0x0000022378c6c5f0
Event: 1.282 Thread 0x000002235ff09ce0 Thread added: 0x0000022379b4eaf0
Event: 2.272 Thread 0x000002235ff09ce0 Thread added: 0x0000022379c732a0
Event: 8.210 Thread 0x000002235ff09ce0 Thread added: 0x0000022379a461e0
Event: 9.740 Thread 0x000002235ff09ce0 Thread added: 0x00000223799bf530
Event: 9.762 Thread 0x000002235ff09ce0 Thread added: 0x00000223799c05e0
Event: 10.000 Thread 0x00000223799c05e0 Thread added: 0x0000022379c52da0
Event: 16.353 Thread 0x00000223799c05e0 Thread added: 0x000002237e6a7620


Dynamic libraries:
0x00007ff6add00000 - 0x00007ff6add0e000 	c:\Users\desau\.vscode\extensions\redhat.java-1.55.0-win32-x64\jre\21.0.11-win32-x86_64\bin\java.exe
0x00007ffa18de0000 - 0x00007ffa19046000 	C:\WINDOWS\SYSTEM32\ntdll.dll
0x00007ffa17e30000 - 0x00007ffa17ef9000 	C:\WINDOWS\System32\KERNEL32.DLL
0x00007ffa16490000 - 0x00007ffa16890000 	C:\WINDOWS\System32\KERNELBASE.dll
0x00007ffa16130000 - 0x00007ffa1627c000 	C:\WINDOWS\System32\ucrtbase.dll
0x00007ffa08840000 - 0x00007ffa08858000 	c:\Users\desau\.vscode\extensions\redhat.java-1.55.0-win32-x64\jre\21.0.11-win32-x86_64\bin\jli.dll
0x00007ffa18400000 - 0x00007ffa185c7000 	C:\WINDOWS\System32\USER32.dll
0x00007ffa16ae0000 - 0x00007ffa16b07000 	C:\WINDOWS\System32\win32u.dll
0x00007ffa187c0000 - 0x00007ffa187eb000 	C:\WINDOWS\System32\GDI32.dll
0x00007ffa16000000 - 0x00007ffa16129000 	C:\WINDOWS\System32\gdi32full.dll
0x00007ffa163e0000 - 0x00007ffa16483000 	C:\WINDOWS\System32\msvcp_win.dll
0x00007ff9fe0d0000 - 0x00007ff9fe0ee000 	c:\Users\desau\.vscode\extensions\redhat.java-1.55.0-win32-x64\jre\21.0.11-win32-x86_64\bin\VCRUNTIME140.dll
0x00007ff9fa860000 - 0x00007ff9faaf2000 	C:\WINDOWS\WinSxS\amd64_microsoft.windows.common-controls_6595b64144ccf1df_6.0.26100.8737_none_3e092eaee333b772\COMCTL32.dll
0x00007ffa17cd0000 - 0x00007ffa17d79000 	C:\WINDOWS\System32\msvcrt.dll
0x00007ffa16b30000 - 0x00007ffa16b62000 	C:\WINDOWS\System32\IMM32.DLL
0x00007ff9bad70000 - 0x00007ff9baf0d000 	C:\Program Files (x86)\Citrix\ICA Client\ctxapclient64.dll
0x00007ffa18070000 - 0x00007ffa183f3000 	C:\WINDOWS\System32\combase.dll
0x00007ffa16b80000 - 0x00007ffa16c98000 	C:\WINDOWS\System32\RPCRT4.dll
0x00007ffa15ef0000 - 0x00007ffa15f1a000 	C:\WINDOWS\SYSTEM32\bcrypt.dll
0x00007ffa187f0000 - 0x00007ffa1889a000 	C:\WINDOWS\System32\sechost.dll
0x00007ffa0e780000 - 0x00007ffa0e78b000 	C:\WINDOWS\SYSTEM32\VERSION.dll
0x00007ffa18ce0000 - 0x00007ffa18d97000 	C:\WINDOWS\System32\ADVAPI32.dll
0x00007ffa14e10000 - 0x00007ffa14e46000 	C:\WINDOWS\SYSTEM32\ntmarta.dll
0x00007ffa16320000 - 0x00007ffa163cc000 	C:\WINDOWS\System32\bcryptprimitives.dll
0x00007ffa08070000 - 0x00007ffa0807c000 	c:\Users\desau\.vscode\extensions\redhat.java-1.55.0-win32-x64\jre\21.0.11-win32-x86_64\bin\vcruntime140_1.dll
0x00007ff9eadd0000 - 0x00007ff9eae5d000 	c:\Users\desau\.vscode\extensions\redhat.java-1.55.0-win32-x64\jre\21.0.11-win32-x86_64\bin\msvcp140.dll
0x00007ff9a2ff0000 - 0x00007ff9a3d92000 	c:\Users\desau\.vscode\extensions\redhat.java-1.55.0-win32-x64\jre\21.0.11-win32-x86_64\bin\server\jvm.dll
0x00007ffa17fe0000 - 0x00007ffa18060000 	C:\WINDOWS\System32\WS2_32.dll
0x00007ffa15e80000 - 0x00007ffa15ede000 	C:\WINDOWS\SYSTEM32\POWRPROF.dll
0x00007ffa0e740000 - 0x00007ffa0e776000 	C:\WINDOWS\SYSTEM32\WINMM.dll
0x00007ffa15e60000 - 0x00007ffa15e74000 	C:\WINDOWS\SYSTEM32\UMPDC.dll
0x00007ffa14ce0000 - 0x00007ffa14cfb000 	C:\WINDOWS\SYSTEM32\kernel.appcore.dll
0x00007ffa07ff0000 - 0x00007ffa07ffa000 	c:\Users\desau\.vscode\extensions\redhat.java-1.55.0-win32-x64\jre\21.0.11-win32-x86_64\bin\jimage.dll
0x00007ffa09070000 - 0x00007ffa092b2000 	C:\WINDOWS\SYSTEM32\DBGHELP.DLL
0x00007ffa17f00000 - 0x00007ffa17fd9000 	C:\WINDOWS\System32\OLEAUT32.dll
0x00007ff9fcb30000 - 0x00007ff9fcb6b000 	C:\WINDOWS\SYSTEM32\dbgcore.DLL
0x00007ffa07eb0000 - 0x00007ffa07ebf000 	c:\Users\desau\.vscode\extensions\redhat.java-1.55.0-win32-x64\jre\21.0.11-win32-x86_64\bin\instrument.dll
0x00007ff9fab70000 - 0x00007ff9fab90000 	c:\Users\desau\.vscode\extensions\redhat.java-1.55.0-win32-x64\jre\21.0.11-win32-x86_64\bin\java.dll
0x00007ffa174b0000 - 0x00007ffa17c42000 	C:\WINDOWS\System32\SHELL32.dll
0x00007ffa13ae0000 - 0x00007ffa14372000 	C:\WINDOWS\SYSTEM32\windows.storage.dll
0x00000223798a0000 - 0x0000022379997000 	C:\WINDOWS\System32\SHCORE.dll
0x00007ffa17c50000 - 0x00007ffa17cb7000 	C:\WINDOWS\System32\shlwapi.dll
0x00007ffa15f20000 - 0x00007ffa15f49000 	C:\WINDOWS\SYSTEM32\profapi.dll
0x00007ff9fa530000 - 0x00007ff9fa548000 	c:\Users\desau\.vscode\extensions\redhat.java-1.55.0-win32-x64\jre\21.0.11-win32-x86_64\bin\zip.dll
0x00007ffa07cf0000 - 0x00007ffa07d00000 	C:\Users\desau\.vscode\extensions\redhat.java-1.55.0-win32-x64\jre\21.0.11-win32-x86_64\bin\net.dll
0x00007ffa0b880000 - 0x00007ffa0b9a9000 	C:\WINDOWS\SYSTEM32\WINHTTP.dll
0x00007ffa15290000 - 0x00007ffa152fc000 	C:\WINDOWS\system32\mswsock.dll
0x00007ff9fa230000 - 0x00007ff9fa246000 	C:\Users\desau\.vscode\extensions\redhat.java-1.55.0-win32-x64\jre\21.0.11-win32-x86_64\bin\nio.dll
0x00007ffa07ba0000 - 0x00007ffa07bb0000 	c:\Users\desau\.vscode\extensions\redhat.java-1.55.0-win32-x64\jre\21.0.11-win32-x86_64\bin\verify.dll
0x00007ff9f23b0000 - 0x00007ff9f23f5000 	C:\Users\desau\AppData\Roaming\Code\User\globalStorage\redhat.java\1.55.0\config_ss_win\org.eclipse.equinox.launcher\org.eclipse.equinox.launcher.win32.win32.x86_64_1.3.100.v20260613-0559\eclipse_11924.dll
0x000002237e800000 - 0x000002237e999000 	C:\WINDOWS\System32\ole32.dll

JVMTI agents:
c:\Users\desau\.vscode\extensions\redhat.java-1.55.0-win32-x64\lombok\lombok-1.18.39-4050.jar path:c:\Users\desau\.vscode\extensions\redhat.java-1.55.0-win32-x64\jre\21.0.11-win32-x86_64\bin\instrument.dll, loaded, initialized, instrumentlib options:none

dbghelp: loaded successfully - version: 4.0.5 - missing functions: none
symbol engine: initialized successfully - sym options: 0x614 - pdb path: .;c:\Users\desau\.vscode\extensions\redhat.java-1.55.0-win32-x64\jre\21.0.11-win32-x86_64\bin;C:\WINDOWS\SYSTEM32;C:\WINDOWS\WinSxS\amd64_microsoft.windows.common-controls_6595b64144ccf1df_6.0.26100.8737_none_3e092eaee333b772;C:\Program Files (x86)\Citrix\ICA Client;c:\Users\desau\.vscode\extensions\redhat.java-1.55.0-win32-x64\jre\21.0.11-win32-x86_64\bin\server;C:\Users\desau\AppData\Roaming\Code\User\globalStorage\redhat.java\1.55.0\config_ss_win\org.eclipse.equinox.launcher\org.eclipse.equinox.launcher.win32.win32.x86_64_1.3.100.v20260613-0559

VM Arguments:
jvm_args: --add-modules=ALL-SYSTEM --add-opens=java.base/java.util=ALL-UNNAMED --add-opens=java.base/java.lang=ALL-UNNAMED --add-opens=java.base/sun.nio.fs=ALL-UNNAMED -Declipse.application=org.eclipse.jdt.ls.core.id1 -Dosgi.bundles.defaultStartLevel=4 -Declipse.product=org.eclipse.jdt.ls.core.product -Djava.import.generatesMetadataFilesAtProjectRoot=false -DDetectVMInstallationsJob.disabled=true -Dfile.encoding=utf8 -XX:+UseParallelGC -XX:GCTimeRatio=4 -XX:AdaptiveSizePolicyWeight=90 -Dsun.zip.disableMemoryMapping=true -Xmx2G -Xms100m -Xlog:disable -javaagent:c:\Users\desau\.vscode\extensions\redhat.java-1.55.0-win32-x64\lombok\lombok-1.18.39-4050.jar 
java_command: c:\Users\desau\.vscode\extensions\redhat.java-1.55.0-win32-x64\server\plugins\org.eclipse.equinox.launcher_1.7.200.v20260619-2039.jar -configuration c:\Users\desau\AppData\Roaming\Code\User\globalStorage\redhat.java\1.55.0\config_ss_win -data c:\Users\desau\AppData\Roaming\Code\User\workspaceStorage\4c52fdb731d906dfd86024159bd2e2e1\redhat.java\ss_ws --pipe=\\.\pipe\lsp-6109a258a366cde4cf859e207a844e2c-sock
java_class_path (initial): c:\Users\desau\.vscode\extensions\redhat.java-1.55.0-win32-x64\server\plugins\org.eclipse.equinox.launcher_1.7.200.v20260619-2039.jar
Launcher Type: SUN_STANDARD

[Global flags]
    uintx AdaptiveSizePolicyWeight                 = 90                                        {product} {command line}
     intx CICompilerCount                          = 3                                         {product} {ergonomic}
    uintx GCTimeRatio                              = 4                                         {product} {command line}
   size_t InitialHeapSize                          = 104857600                                 {product} {command line}
   size_t MaxHeapSize                              = 2147483648                                {product} {command line}
   size_t MaxNewSize                               = 715653120                                 {product} {ergonomic}
   size_t MinHeapDeltaBytes                        = 524288                                    {product} {ergonomic}
   size_t MinHeapSize                              = 104857600                                 {product} {command line}
   size_t NewSize                                  = 34603008                                  {product} {ergonomic}
    uintx NonNMethodCodeHeapSize                   = 5832780                                {pd product} {ergonomic}
    uintx NonProfiledCodeHeapSize                  = 122912730                              {pd product} {ergonomic}
   size_t OldSize                                  = 70254592                                  {product} {ergonomic}
    uintx ProfiledCodeHeapSize                     = 122912730                              {pd product} {ergonomic}
    uintx ReservedCodeCacheSize                    = 251658240                              {pd product} {ergonomic}
     bool SegmentedCodeCache                       = true                                      {product} {ergonomic}
   size_t SoftMaxHeapSize                          = 2147483648                             {manageable} {ergonomic}
     bool UseCompressedOops                        = true                           {product lp64_product} {ergonomic}
     bool UseLargePagesIndividualAllocation        = false                                  {pd product} {ergonomic}
     bool UseParallelGC                            = true                                      {product} {command line}

Logging:
Log output configuration:
 #0: stdout all=off uptime,level,tags foldmultilines=false
 #1: stderr all=off uptime,level,tags foldmultilines=false

Release file:
JAVA_VERSION="21.0.11" 
MODULES="java.base java.compiler java.datatransfer java.xml java.prefs java.desktop java.instrument java.logging java.management java.security.sasl java.naming java.rmi java.management.rmi java.net.http java.scripting java.security.jgss java.transaction.xa java.sql java.sql.rowset java.xml.crypto java.se java.smartcardio jdk.accessibility jdk.internal.jvmstat jdk.attach jdk.charsets jdk.internal.opt jdk.zipfs jdk.compiler jdk.crypto.ec jdk.crypto.cryptoki jdk.crypto.mscapi jdk.dynalink jdk.internal.ed jdk.editpad jdk.hotspot.agent jdk.httpserver jdk.internal.le jdk.internal.vm.ci jdk.internal.vm.compiler jdk.internal.vm.compiler.management jdk.jartool jdk.javadoc jdk.jcmd jdk.management jdk.management.agent jdk.jconsole jdk.jdeps jdk.jdwp.agent jdk.jdi jdk.jfr jdk.jshell jdk.jsobject jdk.jstatd jdk.localedata jdk.management.jfr jdk.naming.dns jdk.naming.rmi jdk.net jdk.nio.mapmode jdk.random jdk.sctp jdk.security.auth jdk.security.jgss jdk.unsupported jdk.unsupported.desktop jdk.xml.dom" 

Environment Variables:
PATH=C:\Program Files\Microsoft\jdk-25.0.3.9-hotspot\bin;C:\Program Files\Common Files\Oracle\Java\javapath;C:\WINDOWS\system32;C:\WINDOWS;C:\WINDOWS\System32\Wbem;C:\WINDOWS\System32\WindowsPowerShell\v1.0\;C:\WINDOWS\System32\OpenSSH\;C:\WINDOWS\system32;C:\WINDOWS;C:\WINDOWS\System32\Wbem;C:\WINDOWS\System32\WindowsPowerShell\v1.0\;C:\WINDOWS\System32\OpenSSH\;C:\Program Files\Microsoft SQL Server\150\Tools\Binn\;C:\Program Files (x86)\Windows Kits\10\Windows Performance Toolkit\;C:\Program Files\Microsoft SQL Server\170\Tools\Binn\;C:\Program Files\Git\cmd;C:\Users\desau\AppData\Local\Microsoft\WindowsApps;C:\Users\desau\AppData\Local\Programs\Microsoft VS Code\bin
USERNAME=desau
OS=Windows_NT
PROCESSOR_IDENTIFIER=AMD64 Family 23 Model 24 Stepping 1, AuthenticAMD
TMP=C:\Users\desau\AppData\Local\Temp
TEMP=C:\Users\desau\AppData\Local\Temp




Periodic native trim disabled

---------------  S Y S T E M  ---------------

OS:
 Windows 11 , 64 bit Build 26100 (10.0.26100.8737)
OS uptime: 6 days 20:04 hours

CPU: total 4 (initial active 4) (4 cores per cpu, 2 threads per core) family 23 model 24 stepping 1 microcode 0x8108109, cx8, cmov, fxsr, ht, mmx, 3dnowpref, sse, sse2, sse3, ssse3, sse4a, sse4.1, sse4.2, popcnt, lzcnt, tsc, tscinvbit, avx, avx2, aes, clmul, bmi1, bmi2, adx, sha, fma, vzeroupper, clflush, clflushopt, rdtscp, f16c
Processor Information for the first 4 processors :
  Max Mhz: 2600, Current Mhz: 2600, Mhz Limit: 2600

Memory: 4k page, system-wide physical 3463M (33M free)
TotalPageFile size 14215M (AvailPageFile size 0M)
current process WorkingSet (physical memory assigned to process): 107M, peak: 107M
current process commit charge ("private bytes"): 235M, peak: 236M

vm_info: OpenJDK 64-Bit Server VM (21.0.11+10-LTS) for windows-amd64 JRE (21.0.11+10-LTS), built on 2026-04-21T00:00:00Z by "admin" with MS VC++ 17.12 (VS2022)

END.
