#
# There is insufficient memory for the Java Runtime Environment to continue.
# Native memory allocation (malloc) failed to allocate 524288 bytes. Error detail: AllocateHeap
# Possible reasons:
#   The system is out of physical RAM or swap space
#   This process is running with CompressedOops enabled, and the Java Heap may be blocking the growth of the native heap
# Possible solutions:
#   Reduce memory load on the system
#   Increase physical memory or swap space
#   Check if swap backing store is full
#   Decrease Java heap size (-Xmx/-Xms)
#   Decrease number of Java threads
#   Decrease Java thread stack sizes (-Xss)
#   Set larger code cache with -XX:ReservedCodeCacheSize=
#   JVM is running with Unscaled Compressed Oops mode in which the Java heap is
#     placed in the first 4GB address space. The Java Heap base address is the
#     maximum limit for the native heap growth. Please use -XX:HeapBaseMinAddress
#     to set the Java Heap base and to place the Java Heap above 4GB virtual address.
# This output file may be truncated or incomplete.
#
#  Out of Memory Error (allocation.cpp:44), pid=16652, tid=8956
#
# JRE version:  (21.0.11+10) (build )
# Java VM: OpenJDK 64-Bit Server VM (21.0.11+10-LTS, mixed mode, tiered, compressed oops, compressed class ptrs, parallel gc, windows-amd64)
# No core dump will be written. Minidumps are not enabled by default on client versions of Windows
#

---------------  S U M M A R Y ------------

Command Line: --add-modules=ALL-SYSTEM --add-opens=java.base/java.util=ALL-UNNAMED --add-opens=java.base/java.lang=ALL-UNNAMED --add-opens=java.base/sun.nio.fs=ALL-UNNAMED -Declipse.application=org.eclipse.jdt.ls.core.id1 -Dosgi.bundles.defaultStartLevel=4 -Declipse.product=org.eclipse.jdt.ls.core.product -Djava.import.generatesMetadataFilesAtProjectRoot=false -DDetectVMInstallationsJob.disabled=true -Dfile.encoding=utf8 -XX:+UseParallelGC -XX:GCTimeRatio=4 -XX:AdaptiveSizePolicyWeight=90 -Dsun.zip.disableMemoryMapping=true -Xmx2G -Xms100m -Xlog:disable -javaagent:c:\Users\desau\.vscode\extensions\redhat.java-1.55.0-win32-x64\lombok\lombok-1.18.39-4050.jar -XX:+HeapDumpOnOutOfMemoryError -XX:HeapDumpPath=c:\Users\desau\AppData\Roaming\Code\User\workspaceStorage\4c52fdb731d906dfd86024159bd2e2e1\redhat.java -Daether.dependencyCollector.impl=bf c:\Users\desau\.vscode\extensions\redhat.java-1.55.0-win32-x64\server\plugins\org.eclipse.equinox.launcher_1.7.200.v20260619-2039.jar -configuration c:\Users\desau\AppData\Roaming\Code\User\globalStorage\redhat.java\1.55.0\config_win -data c:\Users\desau\AppData\Roaming\Code\User\workspaceStorage\4c52fdb731d906dfd86024159bd2e2e1\redhat.java\jdt_ws --pipe=\\.\pipe\lsp-3d5934538bad300f70d271203dd3087e-sock

Host: AMD Ryzen 3 3250U with Radeon Graphics         , 4 cores, 3G,  Windows 11 , 64 bit Build 26100 (10.0.26100.8737)
Time: Thu Jul 23 00:31:47 2026 Eastern Daylight Time elapsed time: 0.210636 seconds (0d 0h 0m 0s)

---------------  T H R E A D  ---------------

Current thread (0x000002518f887d80):  JavaThread "Unknown thread" [_thread_in_vm, id=8956, stack(0x0000005334300000,0x0000005334400000) (1024K)]

Stack: [0x0000005334300000,0x0000005334400000]
Native frames: (J=compiled Java code, j=interpreted, Vv=VM code, C=native code)
V  [jvm.dll+0x6d7e19]
V  [jvm.dll+0x8b5096]
V  [jvm.dll+0x8b764e]
V  [jvm.dll+0x8b7d33]
V  [jvm.dll+0x284596]
V  [jvm.dll+0xc13c7]
V  [jvm.dll+0x7b6880]
V  [jvm.dll+0x7b6e2b]
V  [jvm.dll+0x87f1c2]
V  [jvm.dll+0x3c4bb1]
V  [jvm.dll+0x868295]
V  [jvm.dll+0x457c41]
V  [jvm.dll+0x459831]
C  [jli.dll+0x52dc]
C  [ucrtbase.dll+0x2cd30]
C  [KERNEL32.DLL+0x2e957]
C  [ntdll.dll+0xaad6c]


---------------  P R O C E S S  ---------------

Threads class SMR info:
_java_thread_list=0x00007ff9a3c3b1c8, length=0, elements={
}

Java Threads: ( => current thread )
Total: 0

Other Threads:
  0x0000025191be9c10 WorkerThread "GC Thread#0"                     [id=3576, stack(0x0000005334500000,0x0000005334600000) (1024K)]

=>0x000002518f887d80 (exited) JavaThread "Unknown thread"    [_thread_in_vm, id=8956, stack(0x0000005334300000,0x0000005334400000) (1024K)]
Total: 2

Threads with active compile tasks:
Total: 0

VM state: not at safepoint (not fully initialized)

VM Mutex/Monitor currently owned by a thread: None

Heap address: 0x0000000080000000, size: 2048 MB, Compressed Oops mode: 32-bit

CDS archive(s) not mapped
Compressed class space mapped at: 0x0000000100000000-0x0000000140000000, reserved size: 1073741824
Narrow klass base: 0x0000000000000000, Narrow klass shift: 3, Narrow klass range: 0x140000000

GC Precious Log:
 CardTable entry size: 512
 CPUs: 4 total, 4 available
 Memory: 3463M
 Large Page Support: Disabled
 NUMA Support: Disabled
 Compressed Oops: Enabled (32-bit)
 Alignments: Space 512K, Generation 512K, Heap 2M
 Heap Min Capacity: 100M
 Heap Initial Capacity: 100M
 Heap Max Capacity: 2G
 Pre-touch: Disabled
 Parallel Workers: 4

Heap:
 PSYoungGen      total 29696K, used 0K [0x00000000d5580000, 0x00000000d7680000, 0x0000000100000000)
  eden space 25600K, 0% used [0x00000000d5580000,0x00000000d5580000,0x00000000d6e80000)
  from space 4096K, 0% used [0x00000000d7280000,0x00000000d7280000,0x00000000d7680000)
  to   space 4096K, 0% used [0x00000000d6e80000,0x00000000d6e80000,0x00000000d7280000)
 ParOldGen       total 68608K, used 0K [0x0000000080000000, 0x0000000084300000, 0x00000000d5580000)
  object space 68608K, 0% used [0x0000000080000000,0x0000000080000000,0x0000000084300000)
 Metaspace       used 0K, committed 0K, reserved 1048576K
  class space    used 0K, committed 0K, reserved 1048576K

Card table byte_map: [0x0000025191540000,0x0000025191950000] _byte_map_base: 0x0000025191140000

Marking Bits: (ParMarkBitMap*) 0x00007ff9a3cb4460
 Begin Bits: [0x00000251a4050000, 0x00000251a6050000)
 End Bits:   [0x00000251a6050000, 0x00000251a8050000)

GC Heap History (0 events):
No events

Dll operation events (1 events):
Event: 0.100 Loaded shared library c:\Users\desau\.vscode\extensions\redhat.java-1.55.0-win32-x64\jre\21.0.11-win32-x86_64\bin\java.dll

Deoptimization events (0 events):
No events

Classes loaded (0 events):
No events

Classes unloaded (0 events):
No events

Classes redefined (0 events):
No events

Internal exceptions (0 events):
No events

ZGC Phase Switch (0 events):
No events

VM Operations (0 events):
No events

Memory protections (0 events):
No events

Nmethod flushes (0 events):
No events

Events (0 events):
No events


Dynamic libraries:
0x00007ff774780000 - 0x00007ff77478e000 	c:\Users\desau\.vscode\extensions\redhat.java-1.55.0-win32-x64\jre\21.0.11-win32-x86_64\bin\java.exe
0x00007ffa18de0000 - 0x00007ffa19046000 	C:\WINDOWS\SYSTEM32\ntdll.dll
0x00007ffa17e30000 - 0x00007ffa17ef9000 	C:\WINDOWS\System32\KERNEL32.DLL
0x00007ffa16490000 - 0x00007ffa16890000 	C:\WINDOWS\System32\KERNELBASE.dll
0x00007ffa16130000 - 0x00007ffa1627c000 	C:\WINDOWS\System32\ucrtbase.dll
0x00007ffa08fd0000 - 0x00007ffa08fe8000 	c:\Users\desau\.vscode\extensions\redhat.java-1.55.0-win32-x64\jre\21.0.11-win32-x86_64\bin\jli.dll
0x00007ffa18400000 - 0x00007ffa185c7000 	C:\WINDOWS\System32\USER32.dll
0x00007ffa16ae0000 - 0x00007ffa16b07000 	C:\WINDOWS\System32\win32u.dll
0x00007ffa187c0000 - 0x00007ffa187eb000 	C:\WINDOWS\System32\GDI32.dll
0x00007ffa16000000 - 0x00007ffa16129000 	C:\WINDOWS\System32\gdi32full.dll
0x00007ffa163e0000 - 0x00007ffa16483000 	C:\WINDOWS\System32\msvcp_win.dll
0x00007ffa08fb0000 - 0x00007ffa08fce000 	c:\Users\desau\.vscode\extensions\redhat.java-1.55.0-win32-x64\jre\21.0.11-win32-x86_64\bin\VCRUNTIME140.dll
0x00007ff9fa860000 - 0x00007ff9faaf2000 	C:\WINDOWS\WinSxS\amd64_microsoft.windows.common-controls_6595b64144ccf1df_6.0.26100.8737_none_3e092eaee333b772\COMCTL32.dll
0x00007ffa17cd0000 - 0x00007ffa17d79000 	C:\WINDOWS\System32\msvcrt.dll
0x00007ffa16b30000 - 0x00007ffa16b62000 	C:\WINDOWS\System32\IMM32.DLL
0x00007ff9bad70000 - 0x00007ff9baf0d000 	C:\Program Files (x86)\Citrix\ICA Client\ctxapclient64.dll
0x00007ffa18070000 - 0x00007ffa183f3000 	C:\WINDOWS\System32\combase.dll
0x00007ffa16b80000 - 0x00007ffa16c98000 	C:\WINDOWS\System32\RPCRT4.dll
0x00007ffa15ef0000 - 0x00007ffa15f1a000 	C:\WINDOWS\SYSTEM32\bcrypt.dll
0x00007ffa187f0000 - 0x00007ffa1889a000 	C:\WINDOWS\System32\sechost.dll
0x00007ffa0e780000 - 0x00007ffa0e78b000 	C:\WINDOWS\SYSTEM32\VERSION.dll
0x00007ffa18ce0000 - 0x00007ffa18d97000 	C:\WINDOWS\System32\ADVAPI32.dll
0x00007ffa14e10000 - 0x00007ffa14e46000 	C:\WINDOWS\SYSTEM32\ntmarta.dll
0x00007ffa16320000 - 0x00007ffa163cc000 	C:\WINDOWS\System32\bcryptprimitives.dll
0x00007ffa0bf80000 - 0x00007ffa0bf8c000 	c:\Users\desau\.vscode\extensions\redhat.java-1.55.0-win32-x64\jre\21.0.11-win32-x86_64\bin\vcruntime140_1.dll
0x00007ff9f41b0000 - 0x00007ff9f423d000 	c:\Users\desau\.vscode\extensions\redhat.java-1.55.0-win32-x64\jre\21.0.11-win32-x86_64\bin\msvcp140.dll
0x00007ff9a2ff0000 - 0x00007ff9a3d92000 	c:\Users\desau\.vscode\extensions\redhat.java-1.55.0-win32-x64\jre\21.0.11-win32-x86_64\bin\server\jvm.dll
0x00007ffa17fe0000 - 0x00007ffa18060000 	C:\WINDOWS\System32\WS2_32.dll
0x00007ffa15e80000 - 0x00007ffa15ede000 	C:\WINDOWS\SYSTEM32\POWRPROF.dll
0x00007ffa0e740000 - 0x00007ffa0e776000 	C:\WINDOWS\SYSTEM32\WINMM.dll
0x00007ffa15e60000 - 0x00007ffa15e74000 	C:\WINDOWS\SYSTEM32\UMPDC.dll
0x00007ffa14ce0000 - 0x00007ffa14cfb000 	C:\WINDOWS\SYSTEM32\kernel.appcore.dll
0x00007ffa0be30000 - 0x00007ffa0be3a000 	c:\Users\desau\.vscode\extensions\redhat.java-1.55.0-win32-x64\jre\21.0.11-win32-x86_64\bin\jimage.dll
0x00007ffa09070000 - 0x00007ffa092b2000 	C:\WINDOWS\SYSTEM32\DBGHELP.DLL
0x00007ffa17f00000 - 0x00007ffa17fd9000 	C:\WINDOWS\System32\OLEAUT32.dll
0x00007ff9fcb30000 - 0x00007ff9fcb6b000 	C:\WINDOWS\SYSTEM32\dbgcore.DLL
0x00007ffa0bb60000 - 0x00007ffa0bb6f000 	c:\Users\desau\.vscode\extensions\redhat.java-1.55.0-win32-x64\jre\21.0.11-win32-x86_64\bin\instrument.dll
0x00007ffa08310000 - 0x00007ffa08330000 	c:\Users\desau\.vscode\extensions\redhat.java-1.55.0-win32-x64\jre\21.0.11-win32-x86_64\bin\java.dll

JVMTI agents:
c:\Users\desau\.vscode\extensions\redhat.java-1.55.0-win32-x64\lombok\lombok-1.18.39-4050.jar path:none, loaded, not initialized, instrumentlib options:none

dbghelp: loaded successfully - version: 4.0.5 - missing functions: none
symbol engine: initialized successfully - sym options: 0x614 - pdb path: .;c:\Users\desau\.vscode\extensions\redhat.java-1.55.0-win32-x64\jre\21.0.11-win32-x86_64\bin;C:\WINDOWS\SYSTEM32;C:\WINDOWS\WinSxS\amd64_microsoft.windows.common-controls_6595b64144ccf1df_6.0.26100.8737_none_3e092eaee333b772;C:\Program Files (x86)\Citrix\ICA Client;c:\Users\desau\.vscode\extensions\redhat.java-1.55.0-win32-x64\jre\21.0.11-win32-x86_64\bin\server

VM Arguments:
jvm_args: --add-modules=ALL-SYSTEM --add-opens=java.base/java.util=ALL-UNNAMED --add-opens=java.base/java.lang=ALL-UNNAMED --add-opens=java.base/sun.nio.fs=ALL-UNNAMED -Declipse.application=org.eclipse.jdt.ls.core.id1 -Dosgi.bundles.defaultStartLevel=4 -Declipse.product=org.eclipse.jdt.ls.core.product -Djava.import.generatesMetadataFilesAtProjectRoot=false -DDetectVMInstallationsJob.disabled=true -Dfile.encoding=utf8 -XX:+UseParallelGC -XX:GCTimeRatio=4 -XX:AdaptiveSizePolicyWeight=90 -Dsun.zip.disableMemoryMapping=true -Xmx2G -Xms100m -Xlog:disable -javaagent:c:\Users\desau\.vscode\extensions\redhat.java-1.55.0-win32-x64\lombok\lombok-1.18.39-4050.jar -XX:+HeapDumpOnOutOfMemoryError -XX:HeapDumpPath=c:\Users\desau\AppData\Roaming\Code\User\workspaceStorage\4c52fdb731d906dfd86024159bd2e2e1\redhat.java -Daether.dependencyCollector.impl=bf 
java_command: c:\Users\desau\.vscode\extensions\redhat.java-1.55.0-win32-x64\server\plugins\org.eclipse.equinox.launcher_1.7.200.v20260619-2039.jar -configuration c:\Users\desau\AppData\Roaming\Code\User\globalStorage\redhat.java\1.55.0\config_win -data c:\Users\desau\AppData\Roaming\Code\User\workspaceStorage\4c52fdb731d906dfd86024159bd2e2e1\redhat.java\jdt_ws --pipe=\\.\pipe\lsp-3d5934538bad300f70d271203dd3087e-sock
java_class_path (initial): c:\Users\desau\.vscode\extensions\redhat.java-1.55.0-win32-x64\server\plugins\org.eclipse.equinox.launcher_1.7.200.v20260619-2039.jar
Launcher Type: SUN_STANDARD

[Global flags]
    uintx AdaptiveSizePolicyWeight                 = 90                                        {product} {command line}
     intx CICompilerCount                          = 3                                         {product} {ergonomic}
    uintx GCTimeRatio                              = 4                                         {product} {command line}
     bool HeapDumpOnOutOfMemoryError               = true                                   {manageable} {command line}
    ccstr HeapDumpPath                             = c:\Users\desau\AppData\Roaming\Code\User\workspaceStorage\4c52fdb731d906dfd86024159bd2e2e1\redhat.java         {manageable} {command line}
   size_t InitialHeapSize                          = 104857600                                 {product} {command line}
   size_t MaxHeapSize                              = 2147483648                                {product} {command line}
   size_t MaxNewSize                               = 715653120                                 {product} {ergonomic}
   size_t MinHeapDeltaBytes                        = 524288                                    {product} {ergonomic}
   size_t MinHeapSize                              = 104857600                                 {product} {command line}
   size_t NewSize                                  = 34603008                                  {product} {ergonomic}
    uintx NonNMethodCodeHeapSize                   = 5832780                                {pd product} {ergonomic}
    uintx NonProfiledCodeHeapSize                  = 122912730                              {pd product} {ergonomic}
   size_t OldSize                                  = 70254592                                  {product} {ergonomic}
    uintx ProfiledCodeHeapSize                     = 122912730                              {pd product} {ergonomic}
    uintx ReservedCodeCacheSize                    = 251658240                              {pd product} {ergonomic}
     bool SegmentedCodeCache                       = true                                      {product} {ergonomic}
   size_t SoftMaxHeapSize                          = 2147483648                             {manageable} {ergonomic}
     bool UseCompressedOops                        = true                           {product lp64_product} {ergonomic}
     bool UseLargePagesIndividualAllocation        = false                                  {pd product} {ergonomic}
     bool UseParallelGC                            = true                                      {product} {command line}

Logging:
Log output configuration:
 #0: stdout all=off uptime,level,tags foldmultilines=false
 #1: stderr all=off uptime,level,tags foldmultilines=false

Release file:
<release file has not been read>
Environment Variables:
PATH=C:\Program Files\Microsoft\jdk-25.0.3.9-hotspot\bin;C:\Program Files\Common Files\Oracle\Java\javapath;C:\WINDOWS\system32;C:\WINDOWS;C:\WINDOWS\System32\Wbem;C:\WINDOWS\System32\WindowsPowerShell\v1.0\;C:\WINDOWS\System32\OpenSSH\;C:\WINDOWS\system32;C:\WINDOWS;C:\WINDOWS\System32\Wbem;C:\WINDOWS\System32\WindowsPowerShell\v1.0\;C:\WINDOWS\System32\OpenSSH\;C:\Program Files\Microsoft SQL Server\150\Tools\Binn\;C:\Program Files (x86)\Windows Kits\10\Windows Performance Toolkit\;C:\Program Files\Microsoft SQL Server\170\Tools\Binn\;C:\Program Files\Git\cmd;C:\Users\desau\AppData\Local\Microsoft\WindowsApps;C:\Users\desau\AppData\Local\Programs\Microsoft VS Code\bin
USERNAME=desau
OS=Windows_NT
PROCESSOR_IDENTIFIER=AMD64 Family 23 Model 24 Stepping 1, AuthenticAMD
TMP=C:\Users\desau\AppData\Local\Temp
TEMP=C:\Users\desau\AppData\Local\Temp




Periodic native trim disabled

---------------  S Y S T E M  ---------------

OS:
 Windows 11 , 64 bit Build 26100 (10.0.26100.8737)
OS uptime: 6 days 18:34 hours

CPU: total 4 (initial active 4) (4 cores per cpu, 2 threads per core) family 23 model 24 stepping 1 microcode 0x8108109, cx8, cmov, fxsr, ht, mmx, 3dnowpref, sse, sse2, sse3, ssse3, sse4a, sse4.1, sse4.2, popcnt, lzcnt, tsc, tscinvbit, avx, avx2, aes, clmul, bmi1, bmi2, adx, sha, fma, vzeroupper, clflush, clflushopt, rdtscp, f16c
Processor Information for the first 4 processors :
  Max Mhz: 2600, Current Mhz: 2600, Mhz Limit: 2600

Memory: 4k page, system-wide physical 3463M (206M free)
TotalPageFile size 14215M (AvailPageFile size 4M)
current process WorkingSet (physical memory assigned to process): 14M, peak: 14M
current process commit charge ("private bytes"): 181M, peak: 185M

vm_info: OpenJDK 64-Bit Server VM (21.0.11+10-LTS) for windows-amd64 JRE (21.0.11+10-LTS), built on 2026-04-21T00:00:00Z by "admin" with MS VC++ 17.12 (VS2022)

END.
