#
# There is insufficient memory for the Java Runtime Environment to continue.
# Native memory allocation (malloc) failed to allocate 1048576 bytes. Error detail: AllocateHeap
# Possible reasons:
#   The system is out of physical RAM or swap space
#   This process is running with CompressedOops enabled, and the Java Heap may be blocking the growth of the native heap
# Possible solutions:
#   Reduce memory load on the system
#   Increase physical memory or swap space
#   Check if swap backing store is full
#   Decrease Java heap size (-Xmx/-Xms)
#   Decrease number of Java threads
#   Decrease Java thread stack sizes (-Xss)
#   Set larger code cache with -XX:ReservedCodeCacheSize=
#   JVM is running with Unscaled Compressed Oops mode in which the Java heap is
#     placed in the first 4GB address space. The Java Heap base address is the
#     maximum limit for the native heap growth. Please use -XX:HeapBaseMinAddress
#     to set the Java Heap base and to place the Java Heap above 4GB virtual address.
# This output file may be truncated or incomplete.
#
#  Out of Memory Error (allocation.cpp:44), pid=21856, tid=9384
#
# JRE version: OpenJDK Runtime Environment Temurin-21.0.11+10 (21.0.11+10) (build 21.0.11+10-LTS)
# Java VM: OpenJDK 64-Bit Server VM Temurin-21.0.11+10 (21.0.11+10-LTS, mixed mode, sharing, tiered, compressed oops, compressed class ptrs, parallel gc, windows-amd64)
# No core dump will be written. Minidumps are not enabled by default on client versions of Windows
#

---------------  S U M M A R Y ------------

Command Line: --add-modules=ALL-SYSTEM --add-opens=java.base/java.util=ALL-UNNAMED --add-opens=java.base/java.lang=ALL-UNNAMED --add-opens=java.base/sun.nio.fs=ALL-UNNAMED -Declipse.application=org.eclipse.jdt.ls.core.id1 -Dosgi.bundles.defaultStartLevel=4 -Declipse.product=org.eclipse.jdt.ls.core.product -Djava.import.generatesMetadataFilesAtProjectRoot=false -DDetectVMInstallationsJob.disabled=true -Dfile.encoding=utf8 -XX:+UseParallelGC -XX:GCTimeRatio=4 -XX:AdaptiveSizePolicyWeight=90 -Dsun.zip.disableMemoryMapping=true -Xmx2G -Xms100m -Xlog:disable -javaagent:c:\Users\desau\.vscode\extensions\redhat.java-1.55.0-win32-x64\lombok\lombok-1.18.39-4050.jar -XX:+HeapDumpOnOutOfMemoryError -XX:HeapDumpPath=c:\Users\desau\AppData\Roaming\Code\User\workspaceStorage\4c52fdb731d906dfd86024159bd2e2e1\redhat.java -Daether.dependencyCollector.impl=bf c:\Users\desau\.vscode\extensions\redhat.java-1.55.0-win32-x64\server\plugins\org.eclipse.equinox.launcher_1.7.200.v20260619-2039.jar -configuration c:\Users\desau\AppData\Roaming\Code\User\globalStorage\redhat.java\1.55.0\config_win -data c:\Users\desau\AppData\Roaming\Code\User\workspaceStorage\4c52fdb731d906dfd86024159bd2e2e1\redhat.java\jdt_ws --pipe=\\.\pipe\lsp-b3c26882f6905ea6527f23b670a92b27-sock

Host: AMD Ryzen 3 3250U with Radeon Graphics         , 4 cores, 3G,  Windows 11 , 64 bit Build 26100 (10.0.26100.8737)
Time: Wed Jul 22 21:15:07 2026 Eastern Daylight Time elapsed time: 666.463391 seconds (0d 0h 11m 6s)

---------------  T H R E A D  ---------------

Current thread (0x0000020122223bf0):  JavaThread "Attach Listener" daemon [_thread_in_vm, id=9384, stack(0x0000004564d00000,0x0000004564e00000) (1024K)]

Stack: [0x0000004564d00000,0x0000004564e00000]
Native frames: (J=compiled Java code, j=interpreted, Vv=VM code, C=native code)
V  [jvm.dll+0x6d7e19]
V  [jvm.dll+0x8b5096]
V  [jvm.dll+0x8b764e]
V  [jvm.dll+0x8b7d33]
V  [jvm.dll+0x284596]
V  [jvm.dll+0xc13c7]
V  [jvm.dll+0x6d86c9]
V  [jvm.dll+0x133616]
V  [jvm.dll+0x3f868e]
V  [jvm.dll+0x85fb0d]
V  [jvm.dll+0x6d664d]
C  [ucrtbase.dll+0x2cd30]
C  [KERNEL32.DLL+0x2e957]
C  [ntdll.dll+0xaad6c]


---------------  P R O C E S S  ---------------

Threads class SMR info:
_java_thread_list=0x0000020101cec510, length=36, elements={
0x000002011fe53bf0, 0x0000020122219b60, 0x000002012221ccc0, 0x0000020122222f90,
0x0000020122223bf0, 0x0000020122224850, 0x00000201222292d0, 0x000002012222a060,
0x0000020122269d50, 0x000002017ab116d0, 0x000002017ac52990, 0x000002017f45d0a0,
0x000002017f364dd0, 0x000002017ab0cb00, 0x000002017f43f060, 0x000002017f574bd0,
0x00000201004d7250, 0x000002017f716430, 0x000002017aab2f20, 0x000002017aab2890,
0x000002017aab42d0, 0x000002017aab4960, 0x00000201017bfb90, 0x00000201017bd430,
0x00000201017bdac0, 0x00000201017be7e0, 0x00000201017be150, 0x00000201017bee70,
0x00000201017bf500, 0x00000201017bcda0, 0x00000201017c36a0, 0x0000020101f11c20,
0x000002017aab3c40, 0x000002017aab2200, 0x000002017aab35b0, 0x0000020101f11590
}

Java Threads: ( => current thread )
  0x000002011fe53bf0 JavaThread "main"                              [_thread_blocked, id=5560, stack(0x0000004564700000,0x0000004564800000) (1024K)]
  0x0000020122219b60 JavaThread "Reference Handler"          daemon [_thread_blocked, id=9440, stack(0x0000004564a00000,0x0000004564b00000) (1024K)]
  0x000002012221ccc0 JavaThread "Finalizer"                  daemon [_thread_blocked, id=17904, stack(0x0000004564b00000,0x0000004564c00000) (1024K)]
  0x0000020122222f90 JavaThread "Signal Dispatcher"          daemon [_thread_blocked, id=2744, stack(0x0000004564c00000,0x0000004564d00000) (1024K)]
=>0x0000020122223bf0 JavaThread "Attach Listener"            daemon [_thread_in_vm, id=9384, stack(0x0000004564d00000,0x0000004564e00000) (1024K)]
  0x0000020122224850 JavaThread "Service Thread"             daemon [_thread_blocked, id=21196, stack(0x0000004564e00000,0x0000004564f00000) (1024K)]
  0x00000201222292d0 JavaThread "Monitor Deflation Thread"   daemon [_thread_blocked, id=9300, stack(0x0000004564f00000,0x0000004565000000) (1024K)]
  0x000002012222a060 JavaThread "C2 CompilerThread0"         daemon [_thread_blocked, id=12916, stack(0x0000004565000000,0x0000004565100000) (1024K)]
  0x0000020122269d50 JavaThread "C1 CompilerThread0"         daemon [_thread_blocked, id=5596, stack(0x0000004565100000,0x0000004565200000) (1024K)]
  0x000002017ab116d0 JavaThread "Common-Cleaner"             daemon [_thread_blocked, id=17972, stack(0x0000004565200000,0x0000004565300000) (1024K)]
  0x000002017ac52990 JavaThread "Notification Thread"        daemon [_thread_blocked, id=18316, stack(0x0000004565300000,0x0000004565400000) (1024K)]
  0x000002017f45d0a0 JavaThread "Active Thread: Equinox Container: 3b03b407-f33e-4e07-af31-4f5f3f8dba75"        [_thread_blocked, id=18520, stack(0x0000004565700000,0x0000004565800000) (1024K)]
  0x000002017f364dd0 JavaThread "Refresh Thread: Equinox Container: 3b03b407-f33e-4e07-af31-4f5f3f8dba75" daemon [_thread_blocked, id=7396, stack(0x0000004565800000,0x0000004565900000) (1024K)]
  0x000002017ab0cb00 JavaThread "Framework Event Dispatcher: Equinox Container: 3b03b407-f33e-4e07-af31-4f5f3f8dba75" daemon [_thread_blocked, id=20648, stack(0x0000004565900000,0x0000004565a00000) (1024K)]
  0x000002017f43f060 JavaThread "Start Level: Equinox Container: 3b03b407-f33e-4e07-af31-4f5f3f8dba75" daemon [_thread_blocked, id=24316, stack(0x0000004565a00000,0x0000004565b00000) (1024K)]
  0x000002017f574bd0 JavaThread "Bundle File Closer"         daemon [_thread_blocked, id=13044, stack(0x0000004565b00000,0x0000004565c00000) (1024K)]
  0x00000201004d7250 JavaThread "SCR Component Actor"        daemon [_thread_blocked, id=14888, stack(0x0000004565c00000,0x0000004565d00000) (1024K)]
  0x000002017f716430 JavaThread "Worker-JM"                         [_thread_blocked, id=23220, stack(0x0000004565d00000,0x0000004565e00000) (1024K)]
  0x000002017aab2f20 JavaThread "JNA Cleaner"                daemon [_thread_blocked, id=19524, stack(0x0000004565e00000,0x0000004565f00000) (1024K)]
  0x000002017aab2890 JavaThread "Java indexing"              daemon [_thread_blocked, id=5108, stack(0x0000004566100000,0x0000004566200000) (1024K)]
  0x000002017aab42d0 JavaThread "Worker-4"                          [_thread_blocked, id=20008, stack(0x0000004566600000,0x0000004566700000) (1024K)]
  0x000002017aab4960 JavaThread "Thread-1"                   daemon [_thread_in_native, id=6232, stack(0x0000004566700000,0x0000004566800000) (1024K)]
  0x00000201017bfb90 JavaThread "Thread-2"                   daemon [_thread_in_native, id=18804, stack(0x0000004566800000,0x0000004566900000) (1024K)]
  0x00000201017bd430 JavaThread "Thread-3"                   daemon [_thread_in_native, id=20160, stack(0x0000004566900000,0x0000004566a00000) (1024K)]
  0x00000201017bdac0 JavaThread "Thread-4"                   daemon [_thread_in_native, id=18340, stack(0x0000004566a00000,0x0000004566b00000) (1024K)]
  0x00000201017be7e0 JavaThread "Thread-5"                   daemon [_thread_in_native, id=7220, stack(0x0000004566b00000,0x0000004566c00000) (1024K)]
  0x00000201017be150 JavaThread "pool-2-thread-1"                   [_thread_blocked, id=19400, stack(0x0000004566c00000,0x0000004566d00000) (1024K)]
  0x00000201017bee70 JavaThread "WorkspaceEventsHandler"            [_thread_blocked, id=23736, stack(0x0000004566d00000,0x0000004566e00000) (1024K)]
  0x00000201017bf500 JavaThread "pool-1-thread-1"                   [_thread_blocked, id=24368, stack(0x0000004566e00000,0x0000004566f00000) (1024K)]
  0x00000201017bcda0 JavaThread "PatternSearchJob-worker-2"  daemon [_thread_blocked, id=12008, stack(0x0000004567000000,0x0000004567100000) (1024K)]
  0x00000201017c36a0 JavaThread "PatternSearchJob-worker-3"  daemon [_thread_blocked, id=7212, stack(0x0000004567100000,0x0000004567200000) (1024K)]
  0x0000020101f11c20 JavaThread "Cleaner-0"                  daemon [_thread_blocked, id=13964, stack(0x0000004567a00000,0x0000004567b00000) (1024K)]
  0x000002017aab3c40 JavaThread "Worker-8"                          [_thread_blocked, id=21632, stack(0x0000004565f00000,0x0000004566000000) (1024K)]
  0x000002017aab2200 JavaThread "ForkJoinPool.commonPool-worker-5" daemon [_thread_blocked, id=5244, stack(0x0000004566400000,0x0000004566500000) (1024K)]
  0x000002017aab35b0 JavaThread "ForkJoinPool.commonPool-worker-6" daemon [_thread_blocked, id=20564, stack(0x0000004566500000,0x0000004566600000) (1024K)]
  0x0000020101f11590 JavaThread "ForkJoinPool.commonPool-worker-7" daemon [_thread_blocked, id=22468, stack(0x0000004566f00000,0x0000004567000000) (1024K)]
Total: 36

Other Threads:
  0x000002012220f250 VMThread "VM Thread"                           [id=8952, stack(0x0000004564900000,0x0000004564a00000) (1024K)]
  0x000002012218ca00 WatcherThread "VM Periodic Task Thread"        [id=13548, stack(0x0000004564800000,0x0000004564900000) (1024K)]
  0x0000020122345ef0 WorkerThread "GC Thread#0"                     [id=17836, stack(0x0000004564500000,0x0000004564600000) (1024K)]
  0x000002017f0c0380 WorkerThread "GC Thread#1"                     [id=23560, stack(0x0000004565400000,0x0000004565500000) (1024K)]
  0x000002017f012090 WorkerThread "GC Thread#2"                     [id=24028, stack(0x0000004565500000,0x0000004565600000) (1024K)]
  0x000002017f0c0b30 WorkerThread "GC Thread#3"                     [id=12736, stack(0x0000004565600000,0x0000004565700000) (1024K)]
Total: 6

Threads with active compile tasks:
Total: 0

VM state: not at safepoint (normal execution)

VM Mutex/Monitor currently owned by a thread: None

Heap address: 0x0000000080000000, size: 2048 MB, Compressed Oops mode: 32-bit

CDS archive(s) mapped at: [0x0000020139000000-0x0000020139ba0000-0x0000020139ba0000), size 12189696, SharedBaseAddress: 0x0000020139000000, ArchiveRelocationMode: 1.
Compressed class space mapped at: 0x000002013a000000-0x000002017a000000, reserved size: 1073741824
Narrow klass base: 0x0000020139000000, Narrow klass shift: 0, Narrow klass range: 0x100000000

GC Precious Log:
 CardTable entry size: 512
 CPUs: 4 total, 4 available
 Memory: 3463M
 Large Page Support: Disabled
 NUMA Support: Disabled
 Compressed Oops: Enabled (32-bit)
 Alignments: Space 512K, Generation 512K, Heap 2M
 Heap Min Capacity: 100M
 Heap Initial Capacity: 100M
 Heap Max Capacity: 2G
 Pre-touch: Disabled
 Parallel Workers: 4

Heap:
 PSYoungGen      total 1536K, used 731K [0x00000000d5580000, 0x00000000d5800000, 0x0000000100000000)
  eden space 1024K, 58% used [0x00000000d5580000,0x00000000d5616eb8,0x00000000d5680000)
  from space 512K, 25% used [0x00000000d5700000,0x00000000d5720000,0x00000000d5780000)
  to   space 512K, 0% used [0x00000000d5780000,0x00000000d5780000,0x00000000d5800000)
 ParOldGen       total 246272K, used 246035K [0x0000000080000000, 0x000000008f080000, 0x00000000d5580000)
  object space 246272K, 99% used [0x0000000080000000,0x000000008f044e00,0x000000008f080000)
 Metaspace       used 74502K, committed 76096K, reserved 1179648K
  class space    used 7680K, committed 8448K, reserved 1048576K

Card table byte_map: [0x0000020121ca0000,0x00000201220b0000] _byte_map_base: 0x00000201218a0000

Marking Bits: (ParMarkBitMap*) 0x00007ff9b1064460
 Begin Bits: [0x00000201347b0000, 0x00000201367b0000)
 End Bits:   [0x00000201367b0000, 0x00000201387b0000)

Polling page: 0x00000201200f0000

Metaspace:

Usage:
  Non-class:     65.26 MB used.
      Class:      7.50 MB used.
       Both:     72.76 MB used.

Virtual space:
  Non-class space:      128.00 MB reserved,      66.06 MB ( 52%) committed,  2 nodes.
      Class space:        1.00 GB reserved,       8.25 MB ( <1%) committed,  1 nodes.
             Both:        1.12 GB reserved,      74.31 MB (  6%) committed. 

Chunk freelists:
   Non-Class:  13.31 MB
       Class:  7.80 MB
        Both:  21.11 MB

MaxMetaspaceSize: unlimited
CompressedClassSpaceSize: 1.00 GB
Initial GC threshold: 21.00 MB
Current GC threshold: 97.31 MB
CDS: on
 - commit_granule_bytes: 65536.
 - commit_granule_words: 8192.
 - virtual_space_node_default_size: 8388608.
 - enlarge_chunks_in_place: 1.
 - use_allocation_guard: 0.


Internal statistics:

num_allocs_failed_limit: 9.
num_arena_births: 1396.
num_arena_deaths: 14.
num_vsnodes_births: 3.
num_vsnodes_deaths: 0.
num_space_committed: 1189.
num_space_uncommitted: 0.
num_chunks_returned_to_freelist: 23.
num_chunks_taken_from_freelist: 5106.
num_chunk_merges: 14.
num_chunk_splits: 3052.
num_chunks_enlarged: 1614.
num_inconsistent_stats: 0.

CodeHeap 'non-profiled nmethods': size=120000Kb used=9984Kb max_used=9984Kb free=110015Kb
 bounds [0x000002012cfd0000, 0x000002012d9a0000, 0x0000020134500000]
CodeHeap 'profiled nmethods': size=120000Kb used=35079Kb max_used=35079Kb free=84921Kb
 bounds [0x0000020125500000, 0x0000020127750000, 0x000002012ca30000]
CodeHeap 'non-nmethods': size=5760Kb used=1471Kb max_used=1532Kb free=4288Kb
 bounds [0x000002012ca30000, 0x000002012cca0000, 0x000002012cfd0000]
CodeCache: size=245760Kb, used=46534Kb, max_used=46595Kb, free=199224Kb
 total_blobs=15865, nmethods=15073, adapters=696, full_count=0
Compilation: enabled, stopped_count=0, restarted_count=0

Compilation events (20 events):
Event: 627.205 Thread 0x0000020122269d50 nmethod 15842 0x000002012d98a910 code [0x000002012d98aaa0, 0x000002012d98ab68]
Event: 627.205 Thread 0x0000020122269d50 15843       1       org.eclipse.jdt.core.dom.ClassInstanceCreation::getAnonymousClassDeclaration (5 bytes)
Event: 627.205 Thread 0x0000020122269d50 nmethod 15843 0x000002012d98ac10 code [0x000002012d98ada0, 0x000002012d98ae68]
Event: 627.205 Thread 0x0000020122269d50 15844   !   3       org.eclipse.jdt.ls.core.internal.handlers.InlayHintVisitor::isGenerated (24 bytes)
Event: 627.206 Thread 0x0000020122269d50 nmethod 15844 0x0000020127739c90 code [0x0000020127739ee0, 0x000002012773a640]
Event: 627.223 Thread 0x0000020122269d50 15846       3       org.eclipse.jdt.internal.core.Openable::getBuffer (45 bytes)
Event: 627.228 Thread 0x0000020122269d50 nmethod 15846 0x000002012773aa10 code [0x000002012773acc0, 0x000002012773bd50]
Event: 627.337 Thread 0x000002012222a060 nmethod 15838 0x000002012d98af10 code [0x000002012d98b280, 0x000002012d98da48]
Event: 627.338 Thread 0x000002012222a060 15845       4       org.eclipse.jdt.internal.core.JarPackageFragmentRoot::calculateHashCode (16 bytes)
Event: 627.346 Thread 0x000002012222a060 nmethod 15845 0x000002012d98f110 code [0x000002012d98f2c0, 0x000002012d98f508]
Event: 627.823 Thread 0x0000020122269d50 15847   !   3       org.eclipse.jdt.ls.core.internal.handlers.InlayHintVisitor::resolveParameterInlayHints (273 bytes)
Event: 627.862 Thread 0x000002012222a060 15850       4       org.eclipse.jdt.internal.core.ClassFile::<init> (56 bytes)
Event: 627.904 Thread 0x0000020122269d50 nmethod 15847 0x000002012773c210 code [0x000002012773c780, 0x000002012773f238]
Event: 627.904 Thread 0x0000020122269d50 15851       3       org.eclipse.jdt.core.dom.ASTVisitor::endVisit (1 bytes)
Event: 627.905 Thread 0x0000020122269d50 nmethod 15851 0x0000020127740590 code [0x0000020127740720, 0x0000020127740828]
Event: 627.905 Thread 0x0000020122269d50 15849       3       org.eclipse.jdt.core.JavaCore::getPlugin (4 bytes)
Event: 627.906 Thread 0x0000020122269d50 nmethod 15849 0x0000020127740890 code [0x0000020127740a20, 0x0000020127740b18]
Event: 627.906 Thread 0x0000020122269d50 15848       3       org.eclipse.jdt.core.dom.SingleVariableDeclaration::accept0 (112 bytes)
Event: 627.907 Thread 0x000002012222a060 nmethod 15850 0x000002012d98f710 code [0x000002012d98f900, 0x000002012d98fe38]
Event: 627.909 Thread 0x0000020122269d50 nmethod 15848 0x0000020127740b90 code [0x0000020127740e20, 0x00000201277418a8]

GC Heap History (20 events):
Event: 617.884 GC heap before
{Heap before GC invocations=533 (full 3):
 PSYoungGen      total 1536K, used 1245K [0x00000000d5580000, 0x00000000d5800000, 0x0000000100000000)
  eden space 1024K, 94% used [0x00000000d5580000,0x00000000d5672200,0x00000000d5680000)
  from space 512K, 54% used [0x00000000d5700000,0x00000000d5745220,0x00000000d5780000)
  to   space 512K, 0% used [0x00000000d5780000,0x00000000d5780000,0x00000000d5800000)
 ParOldGen       total 244224K, used 243854K [0x0000000080000000, 0x000000008ee80000, 0x00000000d5580000)
  object space 244224K, 99% used [0x0000000080000000,0x000000008ee23950,0x000000008ee80000)
 Metaspace       used 74250K, committed 75840K, reserved 1179648K
  class space    used 7633K, committed 8384K, reserved 1048576K
}
Event: 617.888 GC heap after
{Heap after GC invocations=533 (full 3):
 PSYoungGen      total 1536K, used 256K [0x00000000d5580000, 0x00000000d5800000, 0x0000000100000000)
  eden space 1024K, 0% used [0x00000000d5580000,0x00000000d5580000,0x00000000d5680000)
  from space 512K, 50% used [0x00000000d5780000,0x00000000d57c0000,0x00000000d5800000)
  to   space 512K, 0% used [0x00000000d5700000,0x00000000d5700000,0x00000000d5780000)
 ParOldGen       total 244224K, used 244079K [0x0000000080000000, 0x000000008ee80000, 0x00000000d5580000)
  object space 244224K, 99% used [0x0000000080000000,0x000000008ee5bd70,0x000000008ee80000)
 Metaspace       used 74250K, committed 75840K, reserved 1179648K
  class space    used 7633K, committed 8384K, reserved 1048576K
}
Event: 617.909 GC heap before
{Heap before GC invocations=534 (full 3):
 PSYoungGen      total 1536K, used 1280K [0x00000000d5580000, 0x00000000d5800000, 0x0000000100000000)
  eden space 1024K, 100% used [0x00000000d5580000,0x00000000d5680000,0x00000000d5680000)
  from space 512K, 50% used [0x00000000d5780000,0x00000000d57c0000,0x00000000d5800000)
  to   space 512K, 0% used [0x00000000d5700000,0x00000000d5700000,0x00000000d5780000)
 ParOldGen       total 244224K, used 244079K [0x0000000080000000, 0x000000008ee80000, 0x00000000d5580000)
  object space 244224K, 99% used [0x0000000080000000,0x000000008ee5bd70,0x000000008ee80000)
 Metaspace       used 74251K, committed 75840K, reserved 1179648K
  class space    used 7633K, committed 8384K, reserved 1048576K
}
Event: 617.914 GC heap after
{Heap after GC invocations=534 (full 3):
 PSYoungGen      total 1536K, used 416K [0x00000000d5580000, 0x00000000d5800000, 0x0000000100000000)
  eden space 1024K, 0% used [0x00000000d5580000,0x00000000d5580000,0x00000000d5680000)
  from space 512K, 81% used [0x00000000d5700000,0x00000000d5768198,0x00000000d5780000)
  to   space 512K, 0% used [0x00000000d5780000,0x00000000d5780000,0x00000000d5800000)
 ParOldGen       total 244736K, used 244294K [0x0000000080000000, 0x000000008ef00000, 0x00000000d5580000)
  object space 244736K, 99% used [0x0000000080000000,0x000000008ee91960,0x000000008ef00000)
 Metaspace       used 74251K, committed 75840K, reserved 1179648K
  class space    used 7633K, committed 8384K, reserved 1048576K
}
Event: 617.995 GC heap before
{Heap before GC invocations=535 (full 3):
 PSYoungGen      total 1536K, used 1440K [0x00000000d5580000, 0x00000000d5800000, 0x0000000100000000)
  eden space 1024K, 100% used [0x00000000d5580000,0x00000000d5680000,0x00000000d5680000)
  from space 512K, 81% used [0x00000000d5700000,0x00000000d5768198,0x00000000d5780000)
  to   space 512K, 0% used [0x00000000d5780000,0x00000000d5780000,0x00000000d5800000)
 ParOldGen       total 244736K, used 244294K [0x0000000080000000, 0x000000008ef00000, 0x00000000d5580000)
  object space 244736K, 99% used [0x0000000080000000,0x000000008ee91960,0x000000008ef00000)
 Metaspace       used 74254K, committed 75904K, reserved 1179648K
  class space    used 7634K, committed 8384K, reserved 1048576K
}
Event: 618.003 GC heap after
{Heap after GC invocations=535 (full 3):
 PSYoungGen      total 1536K, used 320K [0x00000000d5580000, 0x00000000d5800000, 0x0000000100000000)
  eden space 1024K, 0% used [0x00000000d5580000,0x00000000d5580000,0x00000000d5680000)
  from space 512K, 62% used [0x00000000d5780000,0x00000000d57d0000,0x00000000d5800000)
  to   space 512K, 0% used [0x00000000d5700000,0x00000000d5700000,0x00000000d5780000)
 ParOldGen       total 244736K, used 244558K [0x0000000080000000, 0x000000008ef00000, 0x00000000d5580000)
  object space 244736K, 99% used [0x0000000080000000,0x000000008eed38c0,0x000000008ef00000)
 Metaspace       used 74254K, committed 75904K, reserved 1179648K
  class space    used 7634K, committed 8384K, reserved 1048576K
}
Event: 618.282 GC heap before
{Heap before GC invocations=536 (full 3):
 PSYoungGen      total 1536K, used 1344K [0x00000000d5580000, 0x00000000d5800000, 0x0000000100000000)
  eden space 1024K, 100% used [0x00000000d5580000,0x00000000d5680000,0x00000000d5680000)
  from space 512K, 62% used [0x00000000d5780000,0x00000000d57d0000,0x00000000d5800000)
  to   space 512K, 0% used [0x00000000d5700000,0x00000000d5700000,0x00000000d5780000)
 ParOldGen       total 244736K, used 244558K [0x0000000080000000, 0x000000008ef00000, 0x00000000d5580000)
  object space 244736K, 99% used [0x0000000080000000,0x000000008eed38c0,0x000000008ef00000)
 Metaspace       used 74285K, committed 75904K, reserved 1179648K
  class space    used 7635K, committed 8384K, reserved 1048576K
}
Event: 618.286 GC heap after
{Heap after GC invocations=536 (full 3):
 PSYoungGen      total 1536K, used 288K [0x00000000d5580000, 0x00000000d5800000, 0x0000000100000000)
  eden space 1024K, 0% used [0x00000000d5580000,0x00000000d5580000,0x00000000d5680000)
  from space 512K, 56% used [0x00000000d5700000,0x00000000d5748000,0x00000000d5780000)
  to   space 512K, 0% used [0x00000000d5780000,0x00000000d5780000,0x00000000d5800000)
 ParOldGen       total 244736K, used 244702K [0x0000000080000000, 0x000000008ef00000, 0x00000000d5580000)
  object space 244736K, 99% used [0x0000000080000000,0x000000008eef78c0,0x000000008ef00000)
 Metaspace       used 74285K, committed 75904K, reserved 1179648K
  class space    used 7635K, committed 8384K, reserved 1048576K
}
Event: 618.394 GC heap before
{Heap before GC invocations=537 (full 3):
 PSYoungGen      total 1536K, used 1312K [0x00000000d5580000, 0x00000000d5800000, 0x0000000100000000)
  eden space 1024K, 100% used [0x00000000d5580000,0x00000000d5680000,0x00000000d5680000)
  from space 512K, 56% used [0x00000000d5700000,0x00000000d5748000,0x00000000d5780000)
  to   space 512K, 0% used [0x00000000d5780000,0x00000000d5780000,0x00000000d5800000)
 ParOldGen       total 244736K, used 244702K [0x0000000080000000, 0x000000008ef00000, 0x00000000d5580000)
  object space 244736K, 99% used [0x0000000080000000,0x000000008eef78c0,0x000000008ef00000)
 Metaspace       used 74303K, committed 75904K, reserved 1179648K
  class space    used 7636K, committed 8384K, reserved 1048576K
}
Event: 618.398 GC heap after
{Heap after GC invocations=537 (full 3):
 PSYoungGen      total 1536K, used 372K [0x00000000d5580000, 0x00000000d5800000, 0x0000000100000000)
  eden space 1024K, 0% used [0x00000000d5580000,0x00000000d5580000,0x00000000d5680000)
  from space 512K, 72% used [0x00000000d5780000,0x00000000d57dd200,0x00000000d5800000)
  to   space 512K, 0% used [0x00000000d5700000,0x00000000d5700000,0x00000000d5780000)
 ParOldGen       total 245248K, used 244926K [0x0000000080000000, 0x000000008ef80000, 0x00000000d5580000)
  object space 245248K, 99% used [0x0000000080000000,0x000000008ef2f8c0,0x000000008ef80000)
 Metaspace       used 74303K, committed 75904K, reserved 1179648K
  class space    used 7636K, committed 8384K, reserved 1048576K
}
Event: 618.676 GC heap before
{Heap before GC invocations=538 (full 3):
 PSYoungGen      total 1536K, used 1396K [0x00000000d5580000, 0x00000000d5800000, 0x0000000100000000)
  eden space 1024K, 99% used [0x00000000d5580000,0x00000000d567fff0,0x00000000d5680000)
  from space 512K, 72% used [0x00000000d5780000,0x00000000d57dd200,0x00000000d5800000)
  to   space 512K, 0% used [0x00000000d5700000,0x00000000d5700000,0x00000000d5780000)
 ParOldGen       total 245248K, used 244926K [0x0000000080000000, 0x000000008ef80000, 0x00000000d5580000)
  object space 245248K, 99% used [0x0000000080000000,0x000000008ef2f8c0,0x000000008ef80000)
 Metaspace       used 74307K, committed 75904K, reserved 1179648K
  class space    used 7636K, committed 8384K, reserved 1048576K
}
Event: 618.681 GC heap after
{Heap after GC invocations=538 (full 3):
 PSYoungGen      total 1536K, used 368K [0x00000000d5580000, 0x00000000d5800000, 0x0000000100000000)
  eden space 1024K, 0% used [0x00000000d5580000,0x00000000d5580000,0x00000000d5680000)
  from space 512K, 71% used [0x00000000d5700000,0x00000000d575c010,0x00000000d5780000)
  to   space 512K, 0% used [0x00000000d5780000,0x00000000d5780000,0x00000000d5800000)
 ParOldGen       total 245248K, used 245191K [0x0000000080000000, 0x000000008ef80000, 0x00000000d5580000)
  object space 245248K, 99% used [0x0000000080000000,0x000000008ef71ee0,0x000000008ef80000)
 Metaspace       used 74307K, committed 75904K, reserved 1179648K
  class space    used 7636K, committed 8384K, reserved 1048576K
}
Event: 618.729 GC heap before
{Heap before GC invocations=539 (full 3):
 PSYoungGen      total 1536K, used 1392K [0x00000000d5580000, 0x00000000d5800000, 0x0000000100000000)
  eden space 1024K, 100% used [0x00000000d5580000,0x00000000d5680000,0x00000000d5680000)
  from space 512K, 71% used [0x00000000d5700000,0x00000000d575c010,0x00000000d5780000)
  to   space 512K, 0% used [0x00000000d5780000,0x00000000d5780000,0x00000000d5800000)
 ParOldGen       total 245248K, used 245191K [0x0000000080000000, 0x000000008ef80000, 0x00000000d5580000)
  object space 245248K, 99% used [0x0000000080000000,0x000000008ef71ee0,0x000000008ef80000)
 Metaspace       used 74317K, committed 75904K, reserved 1179648K
  class space    used 7636K, committed 8384K, reserved 1048576K
}
Event: 618.733 GC heap after
{Heap after GC invocations=539 (full 3):
 PSYoungGen      total 1536K, used 352K [0x00000000d5580000, 0x00000000d5800000, 0x0000000100000000)
  eden space 1024K, 0% used [0x00000000d5580000,0x00000000d5580000,0x00000000d5680000)
  from space 512K, 68% used [0x00000000d5780000,0x00000000d57d8000,0x00000000d5800000)
  to   space 512K, 0% used [0x00000000d5700000,0x00000000d5700000,0x00000000d5780000)
 ParOldGen       total 245760K, used 245511K [0x0000000080000000, 0x000000008f000000, 0x00000000d5580000)
  object space 245760K, 99% used [0x0000000080000000,0x000000008efc1f10,0x000000008f000000)
 Metaspace       used 74317K, committed 75904K, reserved 1179648K
  class space    used 7636K, committed 8384K, reserved 1048576K
}
Event: 619.351 GC heap before
{Heap before GC invocations=540 (full 3):
 PSYoungGen      total 1536K, used 1375K [0x00000000d5580000, 0x00000000d5800000, 0x0000000100000000)
  eden space 1024K, 99% used [0x00000000d5580000,0x00000000d567fff8,0x00000000d5680000)
  from space 512K, 68% used [0x00000000d5780000,0x00000000d57d8000,0x00000000d5800000)
  to   space 512K, 0% used [0x00000000d5700000,0x00000000d5700000,0x00000000d5780000)
 ParOldGen       total 245760K, used 245511K [0x0000000080000000, 0x000000008f000000, 0x00000000d5580000)
  object space 245760K, 99% used [0x0000000080000000,0x000000008efc1f10,0x000000008f000000)
 Metaspace       used 74377K, committed 76032K, reserved 1179648K
  class space    used 7645K, committed 8384K, reserved 1048576K
}
Event: 619.356 GC heap after
{Heap after GC invocations=540 (full 3):
 PSYoungGen      total 1536K, used 320K [0x00000000d5580000, 0x00000000d5800000, 0x0000000100000000)
  eden space 1024K, 0% used [0x00000000d5580000,0x00000000d5580000,0x00000000d5680000)
  from space 512K, 62% used [0x00000000d5700000,0x00000000d5750000,0x00000000d5780000)
  to   space 512K, 0% used [0x00000000d5780000,0x00000000d5780000,0x00000000d5800000)
 ParOldGen       total 246272K, used 245791K [0x0000000080000000, 0x000000008f080000, 0x00000000d5580000)
  object space 246272K, 99% used [0x0000000080000000,0x000000008f007f10,0x000000008f080000)
 Metaspace       used 74377K, committed 76032K, reserved 1179648K
  class space    used 7645K, committed 8384K, reserved 1048576K
}
Event: 619.562 GC heap before
{Heap before GC invocations=541 (full 3):
 PSYoungGen      total 1536K, used 1343K [0x00000000d5580000, 0x00000000d5800000, 0x0000000100000000)
  eden space 1024K, 99% used [0x00000000d5580000,0x00000000d567fff8,0x00000000d5680000)
  from space 512K, 62% used [0x00000000d5700000,0x00000000d5750000,0x00000000d5780000)
  to   space 512K, 0% used [0x00000000d5780000,0x00000000d5780000,0x00000000d5800000)
 ParOldGen       total 246272K, used 245791K [0x0000000080000000, 0x000000008f080000, 0x00000000d5580000)
  object space 246272K, 99% used [0x0000000080000000,0x000000008f007f10,0x000000008f080000)
 Metaspace       used 74452K, committed 76096K, reserved 1179648K
  class space    used 7675K, committed 8448K, reserved 1048576K
}
Event: 619.567 GC heap after
{Heap after GC invocations=541 (full 3):
 PSYoungGen      total 1536K, used 64K [0x00000000d5580000, 0x00000000d5800000, 0x0000000100000000)
  eden space 1024K, 0% used [0x00000000d5580000,0x00000000d5580000,0x00000000d5680000)
  from space 512K, 12% used [0x00000000d5780000,0x00000000d5790000,0x00000000d5800000)
  to   space 512K, 0% used [0x00000000d5700000,0x00000000d5700000,0x00000000d5780000)
 ParOldGen       total 246272K, used 246011K [0x0000000080000000, 0x000000008f080000, 0x00000000d5580000)
  object space 246272K, 99% used [0x0000000080000000,0x000000008f03ee00,0x000000008f080000)
 Metaspace       used 74452K, committed 76096K, reserved 1179648K
  class space    used 7675K, committed 8448K, reserved 1048576K
}
Event: 626.593 GC heap before
{Heap before GC invocations=542 (full 3):
 PSYoungGen      total 1536K, used 1087K [0x00000000d5580000, 0x00000000d5800000, 0x0000000100000000)
  eden space 1024K, 99% used [0x00000000d5580000,0x00000000d567ffe0,0x00000000d5680000)
  from space 512K, 12% used [0x00000000d5780000,0x00000000d5790000,0x00000000d5800000)
  to   space 512K, 0% used [0x00000000d5700000,0x00000000d5700000,0x00000000d5780000)
 ParOldGen       total 246272K, used 246011K [0x0000000080000000, 0x000000008f080000, 0x00000000d5580000)
  object space 246272K, 99% used [0x0000000080000000,0x000000008f03ee00,0x000000008f080000)
 Metaspace       used 74484K, committed 76096K, reserved 1179648K
  class space    used 7680K, committed 8448K, reserved 1048576K
}
Event: 626.597 GC heap after
{Heap after GC invocations=542 (full 3):
 PSYoungGen      total 1536K, used 128K [0x00000000d5580000, 0x00000000d5800000, 0x0000000100000000)
  eden space 1024K, 0% used [0x00000000d5580000,0x00000000d5580000,0x00000000d5680000)
  from space 512K, 25% used [0x00000000d5700000,0x00000000d5720000,0x00000000d5780000)
  to   space 512K, 0% used [0x00000000d5780000,0x00000000d5780000,0x00000000d5800000)
 ParOldGen       total 246272K, used 246035K [0x0000000080000000, 0x000000008f080000, 0x00000000d5580000)
  object space 246272K, 99% used [0x0000000080000000,0x000000008f044e00,0x000000008f080000)
 Metaspace       used 74484K, committed 76096K, reserved 1179648K
  class space    used 7680K, committed 8448K, reserved 1048576K
}

Dll operation events (10 events):
Event: 0.048 Loaded shared library c:\Users\desau\.vscode\extensions\redhat.java-1.55.0-win32-x64\jre\21.0.11-win32-x86_64\bin\java.dll
Event: 0.385 Loaded shared library c:\Users\desau\.vscode\extensions\redhat.java-1.55.0-win32-x64\jre\21.0.11-win32-x86_64\bin\zip.dll
Event: 0.544 Loaded shared library C:\Users\desau\.vscode\extensions\redhat.java-1.55.0-win32-x64\jre\21.0.11-win32-x86_64\bin\instrument.dll
Event: 0.564 Loaded shared library C:\Users\desau\.vscode\extensions\redhat.java-1.55.0-win32-x64\jre\21.0.11-win32-x86_64\bin\net.dll
Event: 0.636 Loaded shared library C:\Users\desau\.vscode\extensions\redhat.java-1.55.0-win32-x64\jre\21.0.11-win32-x86_64\bin\nio.dll
Event: 0.651 Loaded shared library C:\Users\desau\.vscode\extensions\redhat.java-1.55.0-win32-x64\jre\21.0.11-win32-x86_64\bin\zip.dll
Event: 0.824 Loaded shared library C:\Users\desau\.vscode\extensions\redhat.java-1.55.0-win32-x64\jre\21.0.11-win32-x86_64\bin\jimage.dll
Event: 1.060 Loaded shared library c:\Users\desau\.vscode\extensions\redhat.java-1.55.0-win32-x64\jre\21.0.11-win32-x86_64\bin\verify.dll
Event: 7.476 Loaded shared library C:\Users\desau\AppData\Roaming\Code\User\globalStorage\redhat.java\1.55.0\config_win\org.eclipse.equinox.launcher\org.eclipse.equinox.launcher.win32.win32.x86_64_1.3.100.v20260613-0559\eclipse_11924.dll
Event: 15.560 Loaded shared library C:\Users\desau\AppData\Local\Temp\jna-95474630\jna17322862770405111549.dll

Deoptimization events (20 events):
Event: 617.917 Thread 0x000002017aab35b0 DEOPT PACKING pc=0x000002012d15d68c sp=0x00000045665fd0a0
Event: 617.918 Thread 0x000002017aab35b0 DEOPT UNPACKING pc=0x000002012ca83aa2 sp=0x00000045665fd030 mode 2
Event: 618.012 Thread 0x000002017aab3c40 Uncommon trap: trap_request=0xffffff45 fr.pc=0x000002012d69efa4 relative=0x0000000000000e84
Event: 618.012 Thread 0x000002017aab3c40 Uncommon trap: reason=unstable_if action=reinterpret pc=0x000002012d69efa4 method=org.eclipse.jdt.internal.compiler.lookup.ReferenceBinding.isStatic()Z @ 21 c2
Event: 618.012 Thread 0x000002017aab3c40 DEOPT PACKING pc=0x000002012d69efa4 sp=0x0000004565ffb6b0
Event: 618.012 Thread 0x000002017aab3c40 DEOPT UNPACKING pc=0x000002012ca83aa2 sp=0x0000004565ffb558 mode 2
Event: 618.049 Thread 0x000002017aab3c40 DEOPT PACKING pc=0x0000020126bf78f8 sp=0x0000004565ffddc0
Event: 618.049 Thread 0x000002017aab3c40 DEOPT UNPACKING pc=0x000002012ca84242 sp=0x0000004565ffd248 mode 0
Event: 618.342 Thread 0x000002017aab3c40 DEOPT PACKING pc=0x00000201276cc675 sp=0x0000004565ffdfb0
Event: 618.343 Thread 0x000002017aab3c40 DEOPT UNPACKING pc=0x000002012ca84242 sp=0x0000004565ffd670 mode 0
Event: 618.643 Thread 0x000002017aab35b0 Uncommon trap: trap_request=0xffffffde fr.pc=0x000002012d446498 relative=0x0000000000000078
Event: 618.643 Thread 0x000002017aab35b0 Uncommon trap: reason=class_check action=maybe_recompile pc=0x000002012d446498 method=java.util.LinkedHashMap.afterNodeInsertion(Z)V @ 15 c2
Event: 618.643 Thread 0x000002017aab35b0 DEOPT PACKING pc=0x000002012d446498 sp=0x00000045665fe9a0
Event: 618.643 Thread 0x000002017aab35b0 DEOPT UNPACKING pc=0x000002012ca83aa2 sp=0x00000045665fe918 mode 2
Event: 618.743 Thread 0x000002017aab3c40 DEOPT PACKING pc=0x00000201276cc675 sp=0x0000004565ffca70
Event: 618.743 Thread 0x000002017aab3c40 DEOPT UNPACKING pc=0x000002012ca84242 sp=0x0000004565ffc130 mode 0
Event: 618.760 Thread 0x000002017aab3c40 DEOPT PACKING pc=0x00000201276cc675 sp=0x0000004565ffdf00
Event: 618.760 Thread 0x000002017aab3c40 DEOPT UNPACKING pc=0x000002012ca84242 sp=0x0000004565ffd5c0 mode 0
Event: 619.367 Thread 0x0000020101f11590 DEOPT PACKING pc=0x00000201275b141e sp=0x0000004566ff8cd0
Event: 619.367 Thread 0x0000020101f11590 DEOPT UNPACKING pc=0x000002012ca84242 sp=0x0000004566ff81b0 mode 0

Classes loaded (20 events):
Event: 440.107 Loading class java/util/stream/Nodes$CollectorTask$OfRef
Event: 440.200 Loading class java/util/stream/Nodes$CollectorTask
Event: 440.293 Loading class java/util/stream/Nodes$CollectorTask done
Event: 440.293 Loading class java/util/stream/Nodes$CollectorTask$OfRef done
Event: 441.778 Loading class java/util/function/LongFunction
Event: 441.795 Loading class java/util/function/LongFunction done
Event: 441.889 Loading class java/util/stream/Nodes$ConcNode
Event: 441.913 Loading class java/util/stream/Nodes$AbstractConcNode
Event: 441.929 Loading class java/util/stream/Nodes$AbstractConcNode done
Event: 441.929 Loading class java/util/stream/Nodes$ConcNode done
Event: 444.041 Loading class java/util/stream/Nodes$ToArrayTask$OfRef
Event: 444.062 Loading class java/util/stream/Nodes$ToArrayTask
Event: 444.074 Loading class java/util/stream/Nodes$ToArrayTask done
Event: 444.074 Loading class java/util/stream/Nodes$ToArrayTask$OfRef done
Event: 444.112 Loading class java/io/ObjectOutputStream$BlockDataOutputStream
Event: 444.124 Loading class java/io/ObjectOutputStream$BlockDataOutputStream done
Event: 444.125 Loading class java/io/ObjectOutputStream$HandleTable
Event: 444.127 Loading class java/io/ObjectOutputStream$HandleTable done
Event: 444.127 Loading class java/io/ObjectOutputStream$ReplaceTable
Event: 444.135 Loading class java/io/ObjectOutputStream$ReplaceTable done

Classes unloaded (7 events):
Event: 17.454 Thread 0x000002012220f250 Unloading class 0x000002013a1a5000 'java/lang/invoke/LambdaForm$MH+0x000002013a1a5000'
Event: 17.454 Thread 0x000002012220f250 Unloading class 0x000002013a1a4c00 'java/lang/invoke/LambdaForm$MH+0x000002013a1a4c00'
Event: 17.454 Thread 0x000002012220f250 Unloading class 0x000002013a1a4800 'java/lang/invoke/LambdaForm$MH+0x000002013a1a4800'
Event: 17.454 Thread 0x000002012220f250 Unloading class 0x000002013a1a4400 'java/lang/invoke/LambdaForm$MH+0x000002013a1a4400'
Event: 17.454 Thread 0x000002012220f250 Unloading class 0x000002013a1a4000 'java/lang/invoke/LambdaForm$BMH+0x000002013a1a4000'
Event: 17.454 Thread 0x000002012220f250 Unloading class 0x000002013a1a3c00 'java/lang/invoke/LambdaForm$DMH+0x000002013a1a3c00'
Event: 17.454 Thread 0x000002012220f250 Unloading class 0x000002013a1a2800 'java/lang/invoke/LambdaForm$DMH+0x000002013a1a2800'

Classes redefined (0 events):
No events

Internal exceptions (20 events):
Event: 155.079 Thread 0x0000020101f12fd0 Exception <a 'sun/nio/fs/WindowsException'{0x00000000d55a4720}> (0x00000000d55a4720) 
thrown [s\src\hotspot\share\prims\jni.cpp, line 520]
Event: 155.079 Thread 0x0000020101f12fd0 Exception <a 'sun/nio/fs/WindowsException'{0x00000000d55c8828}> (0x00000000d55c8828) 
thrown [s\src\hotspot\share\prims\jni.cpp, line 520]
Event: 155.090 Thread 0x0000020101f12fd0 Exception <a 'sun/nio/fs/WindowsException'{0x00000000d55e6568}> (0x00000000d55e6568) 
thrown [s\src\hotspot\share\prims\jni.cpp, line 520]
Event: 155.090 Thread 0x0000020101f12fd0 Exception <a 'sun/nio/fs/WindowsException'{0x00000000d55e6dc0}> (0x00000000d55e6dc0) 
thrown [s\src\hotspot\share\prims\jni.cpp, line 520]
Event: 155.092 Thread 0x0000020101f12fd0 Exception <a 'sun/nio/fs/WindowsException'{0x00000000d55e7ee0}> (0x00000000d55e7ee0) 
thrown [s\src\hotspot\share\prims\jni.cpp, line 520]
Event: 155.092 Thread 0x0000020101f12fd0 Exception <a 'sun/nio/fs/WindowsException'{0x00000000d55e89b8}> (0x00000000d55e89b8) 
thrown [s\src\hotspot\share\prims\jni.cpp, line 520]
Event: 155.792 Thread 0x0000020101f12fd0 Exception <a 'java/lang/NoSuchMethodError'{0x00000000d55be1f8}: 'java.lang.Object java.lang.invoke.DirectMethodHandle$Holder.newInvokeSpecial(java.lang.Object, java.lang.Object, int, java.lang.Object, java.lang.Object)'> (0x00000000d55be1f8) 
thrown [s\src\hotspot\share\interpreter\linkResolver.cpp, line 773]
Event: 155.905 Thread 0x0000020101f12fd0 Exception <a 'java/lang/NoSuchMethodError'{0x00000000d55ec490}: 'java.lang.Object java.lang.invoke.DirectMethodHandle$Holder.invokeSpecial(java.lang.Object, java.lang.Object, java.lang.Object, int, java.lang.Object, java.lang.Object, java.lang.Object)'> (0x00000000d55ec490) 
thrown [s\src\hotspot\share\interpreter\linkResolver.cpp, line 773]
Event: 156.458 Thread 0x0000020101f12fd0 Exception <a 'java/lang/NoSuchMethodError'{0x00000000d55a3e90}: 'void java.lang.invoke.DirectMethodHandle$Holder.invokeStatic(java.lang.Object, int)'> (0x00000000d55a3e90) 
thrown [s\src\hotspot\share\interpreter\linkResolver.cpp, line 773]
Event: 157.754 Thread 0x0000020101f12fd0 Exception <a 'java/io/FileNotFoundException'{0x00000000d5645b10}> (0x00000000d5645b10) 
thrown [s\src\hotspot\share\prims\jni.cpp, line 520]
Event: 157.759 Thread 0x0000020101f12fd0 Exception <a 'java/io/FileNotFoundException'{0x00000000d5646da8}> (0x00000000d5646da8) 
thrown [s\src\hotspot\share\prims\jni.cpp, line 520]
Event: 157.775 Thread 0x0000020101f12fd0 Exception <a 'java/io/FileNotFoundException'{0x00000000d5580158}> (0x00000000d5580158) 
thrown [s\src\hotspot\share\prims\jni.cpp, line 520]
Event: 160.524 Thread 0x0000020101f12fd0 Implicit null exception at 0x000002012d2f810f to 0x000002012d2f8d3c
Event: 443.937 Thread 0x0000020101f13cf0 Exception <a 'sun/nio/fs/WindowsException'{0x00000000d558a178}> (0x00000000d558a178) 
thrown [s\src\hotspot\share\prims\jni.cpp, line 520]
Event: 443.946 Thread 0x0000020101f13cf0 Exception <a 'sun/nio/fs/WindowsException'{0x00000000d558aed8}> (0x00000000d558aed8) 
thrown [s\src\hotspot\share\prims\jni.cpp, line 520]
Event: 443.978 Thread 0x0000020101f13cf0 Implicit null exception at 0x000002012d6c598d to 0x000002012d6c5d10
Event: 444.509 Thread 0x0000020101f13cf0 Exception <a 'java/lang/NoSuchMethodError'{0x00000000d562dd98}: static [J.<clinit>()V> (0x00000000d562dd98) 
thrown [s\src\hotspot\share\prims\jni.cpp, line 1111]
Event: 444.680 Thread 0x0000020101f13cf0 Exception <a 'java/lang/NoSuchMethodError'{0x00000000d5662160}: 'java.lang.Object java.lang.invoke.DirectMethodHandle$Holder.newInvokeSpecial(java.lang.Object, java.lang.Object, java.lang.Object, java.lang.Object, java.lang.Object, java.lang.Object, java.lang.Object, java.lang.Object)'> (0x00000000d5662160) 
thrown [s\src\hotspot\share\interpreter\linkResolver.cpp, line 773]
Event: 617.916 Thread 0x000002017aab35b0 Implicit null exception at 0x000002012d15d582 to 0x000002012d15d67c
Event: 618.317 Thread 0x000002017aab35b0 Exception <a 'java/lang/NoSuchMethodError'{0x00000000d5732020}: 'java.lang.Object java.lang.invoke.DirectMethodHandle$Holder.newInvokeSpecial(java.lang.Object, java.lang.Object, int, java.lang.Object, java.lang.Object, java.lang.Object, java.lang.Object)'> (0x00000000d5732020) 
thrown [s\src\hotspot\share\interpreter\linkResolver.cpp, line 773]

ZGC Phase Switch (0 events):
No events

VM Operations (20 events):
Event: 619.576 Executing non-safepoint VM operation: HandshakeAllThreads (Deoptimize)
Event: 619.576 Executing non-safepoint VM operation: HandshakeAllThreads (Deoptimize) done
Event: 619.590 Executing non-safepoint VM operation: HandshakeAllThreads (Deoptimize)
Event: 619.590 Executing non-safepoint VM operation: HandshakeAllThreads (Deoptimize) done
Event: 619.601 Executing non-safepoint VM operation: HandshakeAllThreads (Deoptimize)
Event: 619.601 Executing non-safepoint VM operation: HandshakeAllThreads (Deoptimize) done
Event: 619.610 Executing non-safepoint VM operation: HandshakeAllThreads (Deoptimize)
Event: 619.611 Executing non-safepoint VM operation: HandshakeAllThreads (Deoptimize) done
Event: 621.623 Executing safepoint VM operation: Cleanup
Event: 621.623 Executing safepoint VM operation: Cleanup done
Event: 623.639 Executing safepoint VM operation: Cleanup
Event: 623.639 Executing safepoint VM operation: Cleanup done
Event: 626.593 Executing safepoint VM operation: ParallelGCFailedAllocation (Allocation Failure)
Event: 626.598 Executing safepoint VM operation: ParallelGCFailedAllocation (Allocation Failure) done
Event: 628.614 Executing safepoint VM operation: Cleanup
Event: 628.614 Executing safepoint VM operation: Cleanup done
Event: 661.729 Executing non-safepoint VM operation: HandshakeAllThreads (HandshakeForDeflation)
Event: 661.732 Executing non-safepoint VM operation: HandshakeAllThreads (HandshakeForDeflation) done
Event: 661.732 Executing non-safepoint VM operation: RendezvousGCThreads
Event: 661.733 Executing non-safepoint VM operation: RendezvousGCThreads done

Memory protections (0 events):
No events

Nmethod flushes (20 events):
Event: 44.397 Thread 0x000002012220f250 flushing  nmethod 0x0000020125e19710
Event: 44.397 Thread 0x000002012220f250 flushing  nmethod 0x0000020125e19d10
Event: 44.397 Thread 0x000002012220f250 flushing  nmethod 0x0000020125e1a110
Event: 44.397 Thread 0x000002012220f250 flushing  nmethod 0x0000020125e1a710
Event: 44.397 Thread 0x000002012220f250 flushing  nmethod 0x0000020125e20a90
Event: 44.397 Thread 0x000002012220f250 flushing osr nmethod 0x0000020125e41f90
Event: 44.397 Thread 0x000002012220f250 flushing  nmethod 0x0000020125e49a90
Event: 44.397 Thread 0x000002012220f250 flushing  nmethod 0x0000020125e4a010
Event: 44.397 Thread 0x000002012220f250 flushing  nmethod 0x0000020125e4a490
Event: 44.397 Thread 0x000002012220f250 flushing  nmethod 0x0000020125e4aa10
Event: 44.397 Thread 0x000002012220f250 flushing  nmethod 0x0000020125e4af90
Event: 44.397 Thread 0x000002012220f250 flushing  nmethod 0x0000020125e4b310
Event: 44.397 Thread 0x000002012220f250 flushing  nmethod 0x0000020125e4b810
Event: 44.397 Thread 0x000002012220f250 flushing  nmethod 0x0000020125e4be10
Event: 44.397 Thread 0x000002012220f250 flushing  nmethod 0x0000020125e4c690
Event: 44.397 Thread 0x000002012220f250 flushing  nmethod 0x0000020125e4ce90
Event: 44.397 Thread 0x000002012220f250 flushing  nmethod 0x0000020125e4d690
Event: 44.397 Thread 0x000002012220f250 flushing  nmethod 0x0000020125e7d110
Event: 44.397 Thread 0x000002012220f250 flushing  nmethod 0x0000020125e7dd90
Event: 44.397 Thread 0x000002012220f250 flushing  nmethod 0x0000020125e7e390

Events (20 events):
Event: 269.818 Thread 0x00000201017c3010 Thread exited: 0x00000201017c3010
Event: 328.447 Thread 0x0000020101f150a0 Thread exited: 0x0000020101f150a0
Event: 330.206 Thread 0x0000020101f122b0 Thread exited: 0x0000020101f122b0
Event: 388.141 Thread 0x0000020101f16450 Thread exited: 0x0000020101f16450
Event: 440.014 Thread 0x0000020101f13cf0 Thread added: 0x000002017aab2200
Event: 441.961 Thread 0x000002017aab2200 Thread exited: 0x000002017aab2200
Event: 444.010 Thread 0x0000020101f13cf0 Thread added: 0x000002017aab35b0
Event: 444.037 Thread 0x000002017aab35b0 Thread added: 0x000002017aab3c40
Event: 444.075 Thread 0x000002017aab35b0 Thread exited: 0x000002017aab35b0
Event: 444.075 Thread 0x000002017aab3c40 Thread exited: 0x000002017aab3c40
Event: 445.176 Thread 0x000002017aab42d0 Thread added: 0x000002017aab3c40
Event: 448.669 Thread 0x00000201017c0220 Thread exited: 0x00000201017c0220
Event: 451.535 Thread 0x0000020101f11590 Thread exited: 0x0000020101f11590
Event: 451.553 Thread 0x0000020101f101e0 Thread exited: 0x0000020101f101e0
Event: 454.843 Thread 0x0000020101f15dc0 Thread exited: 0x0000020101f15dc0
Event: 455.067 Thread 0x0000020101f15730 Thread exited: 0x0000020101f15730
Event: 505.250 Thread 0x0000020101f13cf0 Thread exited: 0x0000020101f13cf0
Event: 615.352 Thread 0x00000201017bf500 Thread added: 0x000002017aab2200
Event: 615.693 Thread 0x00000201017bf500 Thread added: 0x000002017aab35b0
Event: 615.698 Thread 0x000002017aab35b0 Thread added: 0x0000020101f11590


Dynamic libraries:
0x00007ff63e350000 - 0x00007ff63e35e000 	c:\Users\desau\.vscode\extensions\redhat.java-1.55.0-win32-x64\jre\21.0.11-win32-x86_64\bin\java.exe
0x00007ffa18de0000 - 0x00007ffa19046000 	C:\WINDOWS\SYSTEM32\ntdll.dll
0x00007ffa17e30000 - 0x00007ffa17ef9000 	C:\WINDOWS\System32\KERNEL32.DLL
0x00007ffa16490000 - 0x00007ffa16890000 	C:\WINDOWS\System32\KERNELBASE.dll
0x00007ffa16130000 - 0x00007ffa1627c000 	C:\WINDOWS\System32\ucrtbase.dll
0x00007ffa0be60000 - 0x00007ffa0be78000 	c:\Users\desau\.vscode\extensions\redhat.java-1.55.0-win32-x64\jre\21.0.11-win32-x86_64\bin\jli.dll
0x00007ffa18400000 - 0x00007ffa185c7000 	C:\WINDOWS\System32\USER32.dll
0x00007ffa16ae0000 - 0x00007ffa16b07000 	C:\WINDOWS\System32\win32u.dll
0x00007ffa187c0000 - 0x00007ffa187eb000 	C:\WINDOWS\System32\GDI32.dll
0x00007ffa16000000 - 0x00007ffa16129000 	C:\WINDOWS\System32\gdi32full.dll
0x00007ffa163e0000 - 0x00007ffa16483000 	C:\WINDOWS\System32\msvcp_win.dll
0x00007ffa0be40000 - 0x00007ffa0be5e000 	c:\Users\desau\.vscode\extensions\redhat.java-1.55.0-win32-x64\jre\21.0.11-win32-x86_64\bin\VCRUNTIME140.dll
0x00007ff9fa860000 - 0x00007ff9faaf2000 	C:\WINDOWS\WinSxS\amd64_microsoft.windows.common-controls_6595b64144ccf1df_6.0.26100.8737_none_3e092eaee333b772\COMCTL32.dll
0x00007ffa17cd0000 - 0x00007ffa17d79000 	C:\WINDOWS\System32\msvcrt.dll
0x00007ffa16b30000 - 0x00007ffa16b62000 	C:\WINDOWS\System32\IMM32.DLL
0x00007ff9bad70000 - 0x00007ff9baf0d000 	C:\Program Files (x86)\Citrix\ICA Client\ctxapclient64.dll
0x00007ffa18070000 - 0x00007ffa183f3000 	C:\WINDOWS\System32\combase.dll
0x00007ffa16b80000 - 0x00007ffa16c98000 	C:\WINDOWS\System32\RPCRT4.dll
0x00007ffa15ef0000 - 0x00007ffa15f1a000 	C:\WINDOWS\SYSTEM32\bcrypt.dll
0x00007ffa187f0000 - 0x00007ffa1889a000 	C:\WINDOWS\System32\sechost.dll
0x00007ffa0e780000 - 0x00007ffa0e78b000 	C:\WINDOWS\SYSTEM32\VERSION.dll
0x00007ffa18ce0000 - 0x00007ffa18d97000 	C:\WINDOWS\System32\ADVAPI32.dll
0x00007ffa14e10000 - 0x00007ffa14e46000 	C:\WINDOWS\SYSTEM32\ntmarta.dll
0x00007ffa16320000 - 0x00007ffa163cc000 	C:\WINDOWS\System32\bcryptprimitives.dll
0x00007ffa0bf80000 - 0x00007ffa0bf8c000 	c:\Users\desau\.vscode\extensions\redhat.java-1.55.0-win32-x64\jre\21.0.11-win32-x86_64\bin\vcruntime140_1.dll
0x00007ff9fdf90000 - 0x00007ff9fe01d000 	c:\Users\desau\.vscode\extensions\redhat.java-1.55.0-win32-x64\jre\21.0.11-win32-x86_64\bin\msvcp140.dll
0x00007ff9b03a0000 - 0x00007ff9b1142000 	c:\Users\desau\.vscode\extensions\redhat.java-1.55.0-win32-x64\jre\21.0.11-win32-x86_64\bin\server\jvm.dll
0x00007ffa17fe0000 - 0x00007ffa18060000 	C:\WINDOWS\System32\WS2_32.dll
0x00007ffa15e80000 - 0x00007ffa15ede000 	C:\WINDOWS\SYSTEM32\POWRPROF.dll
0x00007ffa0e740000 - 0x00007ffa0e776000 	C:\WINDOWS\SYSTEM32\WINMM.dll
0x00007ffa15e60000 - 0x00007ffa15e74000 	C:\WINDOWS\SYSTEM32\UMPDC.dll
0x00007ffa14ce0000 - 0x00007ffa14cfb000 	C:\WINDOWS\SYSTEM32\kernel.appcore.dll
0x00007ffa0be30000 - 0x00007ffa0be3a000 	c:\Users\desau\.vscode\extensions\redhat.java-1.55.0-win32-x64\jre\21.0.11-win32-x86_64\bin\jimage.dll
0x00007ffa09070000 - 0x00007ffa092b2000 	C:\WINDOWS\SYSTEM32\DBGHELP.DLL
0x00007ffa17f00000 - 0x00007ffa17fd9000 	C:\WINDOWS\System32\OLEAUT32.dll
0x00007ff9fcb30000 - 0x00007ff9fcb6b000 	C:\WINDOWS\SYSTEM32\dbgcore.DLL
0x00007ffa0bb60000 - 0x00007ffa0bb6f000 	c:\Users\desau\.vscode\extensions\redhat.java-1.55.0-win32-x64\jre\21.0.11-win32-x86_64\bin\instrument.dll
0x00007ffa08fd0000 - 0x00007ffa08ff0000 	c:\Users\desau\.vscode\extensions\redhat.java-1.55.0-win32-x64\jre\21.0.11-win32-x86_64\bin\java.dll
0x00007ffa174b0000 - 0x00007ffa17c42000 	C:\WINDOWS\System32\SHELL32.dll
0x00007ffa13ae0000 - 0x00007ffa14372000 	C:\WINDOWS\SYSTEM32\windows.storage.dll
0x000002017a880000 - 0x000002017a977000 	C:\WINDOWS\System32\SHCORE.dll
0x00007ffa17c50000 - 0x00007ffa17cb7000 	C:\WINDOWS\System32\shlwapi.dll
0x00007ffa15f20000 - 0x00007ffa15f49000 	C:\WINDOWS\SYSTEM32\profapi.dll
0x00007ffa08fb0000 - 0x00007ffa08fc8000 	c:\Users\desau\.vscode\extensions\redhat.java-1.55.0-win32-x64\jre\21.0.11-win32-x86_64\bin\zip.dll
0x00007ffa0b590000 - 0x00007ffa0b5a0000 	C:\Users\desau\.vscode\extensions\redhat.java-1.55.0-win32-x64\jre\21.0.11-win32-x86_64\bin\net.dll
0x00007ffa0b880000 - 0x00007ffa0b9a9000 	C:\WINDOWS\SYSTEM32\WINHTTP.dll
0x00007ffa15290000 - 0x00007ffa152fc000 	C:\WINDOWS\system32\mswsock.dll
0x00007ffa07e10000 - 0x00007ffa07e26000 	C:\Users\desau\.vscode\extensions\redhat.java-1.55.0-win32-x64\jre\21.0.11-win32-x86_64\bin\nio.dll
0x00007ffa08f70000 - 0x00007ffa08f80000 	c:\Users\desau\.vscode\extensions\redhat.java-1.55.0-win32-x64\jre\21.0.11-win32-x86_64\bin\verify.dll
0x00007ff9f9cd0000 - 0x00007ff9f9d15000 	C:\Users\desau\AppData\Roaming\Code\User\globalStorage\redhat.java\1.55.0\config_win\org.eclipse.equinox.launcher\org.eclipse.equinox.launcher.win32.win32.x86_64_1.3.100.v20260613-0559\eclipse_11924.dll
0x000002017f800000 - 0x000002017f999000 	C:\WINDOWS\System32\ole32.dll
0x00007ffa15590000 - 0x00007ffa155ab000 	C:\WINDOWS\SYSTEM32\CRYPTSP.dll
0x00007ffa14c40000 - 0x00007ffa14c79000 	C:\WINDOWS\system32\rsaenh.dll
0x00007ffa15350000 - 0x00007ffa15382000 	C:\WINDOWS\SYSTEM32\USERENV.dll
0x00007ffa155b0000 - 0x00007ffa155bc000 	C:\WINDOWS\SYSTEM32\CRYPTBASE.dll
0x00007ffa146b0000 - 0x00007ffa146e3000 	C:\WINDOWS\SYSTEM32\IPHLPAPI.DLL
0x0000020120160000 - 0x000002012016a000 	C:\WINDOWS\System32\NSI.dll
0x00007ff9f23b0000 - 0x00007ff9f23f9000 	C:\Users\desau\AppData\Local\Temp\jna-95474630\jna17322862770405111549.dll
0x00007ffa17cc0000 - 0x00007ffa17cc8000 	C:\WINDOWS\System32\PSAPI.DLL
0x00007ffa0b790000 - 0x00007ffa0b7ad000 	C:\WINDOWS\SYSTEM32\dhcpcsvc6.DLL
0x00007ffa0b760000 - 0x00007ffa0b785000 	C:\WINDOWS\SYSTEM32\dhcpcsvc.DLL

JVMTI agents:
c:\Users\desau\.vscode\extensions\redhat.java-1.55.0-win32-x64\lombok\lombok-1.18.39-4050.jar path:c:\Users\desau\.vscode\extensions\redhat.java-1.55.0-win32-x64\jre\21.0.11-win32-x86_64\bin\instrument.dll, loaded, initialized, instrumentlib options:none

dbghelp: loaded successfully - version: 4.0.5 - missing functions: none
symbol engine: initialized successfully - sym options: 0x614 - pdb path: .;c:\Users\desau\.vscode\extensions\redhat.java-1.55.0-win32-x64\jre\21.0.11-win32-x86_64\bin;C:\WINDOWS\SYSTEM32;C:\WINDOWS\WinSxS\amd64_microsoft.windows.common-controls_6595b64144ccf1df_6.0.26100.8737_none_3e092eaee333b772;C:\Program Files (x86)\Citrix\ICA Client;c:\Users\desau\.vscode\extensions\redhat.java-1.55.0-win32-x64\jre\21.0.11-win32-x86_64\bin\server;C:\Users\desau\AppData\Roaming\Code\User\globalStorage\redhat.java\1.55.0\config_win\org.eclipse.equinox.launcher\org.eclipse.equinox.launcher.win32.win32.x86_64_1.3.100.v20260613-0559;C:\Users\desau\AppData\Local\Temp\jna-95474630

VM Arguments:
jvm_args: --add-modules=ALL-SYSTEM --add-opens=java.base/java.util=ALL-UNNAMED --add-opens=java.base/java.lang=ALL-UNNAMED --add-opens=java.base/sun.nio.fs=ALL-UNNAMED -Declipse.application=org.eclipse.jdt.ls.core.id1 -Dosgi.bundles.defaultStartLevel=4 -Declipse.product=org.eclipse.jdt.ls.core.product -Djava.import.generatesMetadataFilesAtProjectRoot=false -DDetectVMInstallationsJob.disabled=true -Dfile.encoding=utf8 -XX:+UseParallelGC -XX:GCTimeRatio=4 -XX:AdaptiveSizePolicyWeight=90 -Dsun.zip.disableMemoryMapping=true -Xmx2G -Xms100m -Xlog:disable -javaagent:c:\Users\desau\.vscode\extensions\redhat.java-1.55.0-win32-x64\lombok\lombok-1.18.39-4050.jar -XX:+HeapDumpOnOutOfMemoryError -XX:HeapDumpPath=c:\Users\desau\AppData\Roaming\Code\User\workspaceStorage\4c52fdb731d906dfd86024159bd2e2e1\redhat.java -Daether.dependencyCollector.impl=bf 
java_command: c:\Users\desau\.vscode\extensions\redhat.java-1.55.0-win32-x64\server\plugins\org.eclipse.equinox.launcher_1.7.200.v20260619-2039.jar -configuration c:\Users\desau\AppData\Roaming\Code\User\globalStorage\redhat.java\1.55.0\config_win -data c:\Users\desau\AppData\Roaming\Code\User\workspaceStorage\4c52fdb731d906dfd86024159bd2e2e1\redhat.java\jdt_ws --pipe=\\.\pipe\lsp-b3c26882f6905ea6527f23b670a92b27-sock
java_class_path (initial): c:\Users\desau\.vscode\extensions\redhat.java-1.55.0-win32-x64\server\plugins\org.eclipse.equinox.launcher_1.7.200.v20260619-2039.jar
Launcher Type: SUN_STANDARD

[Global flags]
    uintx AdaptiveSizePolicyWeight                 = 90                                        {product} {command line}
     intx CICompilerCount                          = 3                                         {product} {ergonomic}
    uintx GCTimeRatio                              = 4                                         {product} {command line}
     bool HeapDumpOnOutOfMemoryError               = true                                   {manageable} {command line}
    ccstr HeapDumpPath                             = c:\Users\desau\AppData\Roaming\Code\User\workspaceStorage\4c52fdb731d906dfd86024159bd2e2e1\redhat.java         {manageable} {command line}
   size_t InitialHeapSize                          = 104857600                                 {product} {command line}
   size_t MaxHeapSize                              = 2147483648                                {product} {command line}
   size_t MaxNewSize                               = 715653120                                 {product} {ergonomic}
   size_t MinHeapDeltaBytes                        = 524288                                    {product} {ergonomic}
   size_t MinHeapSize                              = 104857600                                 {product} {command line}
   size_t NewSize                                  = 34603008                                  {product} {ergonomic}
    uintx NonNMethodCodeHeapSize                   = 5832780                                {pd product} {ergonomic}
    uintx NonProfiledCodeHeapSize                  = 122912730                              {pd product} {ergonomic}
   size_t OldSize                                  = 70254592                                  {product} {ergonomic}
    uintx ProfiledCodeHeapSize                     = 122912730                              {pd product} {ergonomic}
    uintx ReservedCodeCacheSize                    = 251658240                              {pd product} {ergonomic}
     bool SegmentedCodeCache                       = true                                      {product} {ergonomic}
   size_t SoftMaxHeapSize                          = 2147483648                             {manageable} {ergonomic}
     bool UseCompressedOops                        = true                           {product lp64_product} {ergonomic}
     bool UseLargePagesIndividualAllocation        = false                                  {pd product} {ergonomic}
     bool UseParallelGC                            = true                                      {product} {command line}

Logging:
Log output configuration:
 #0: stdout all=off uptime,level,tags foldmultilines=false
 #1: stderr all=off uptime,level,tags foldmultilines=false

Release file:
JAVA_VERSION="21.0.11" 
MODULES="java.base java.compiler java.datatransfer java.xml java.prefs java.desktop java.instrument java.logging java.management java.security.sasl java.naming java.rmi java.management.rmi java.net.http java.scripting java.security.jgss java.transaction.xa java.sql java.sql.rowset java.xml.crypto java.se java.smartcardio jdk.accessibility jdk.internal.jvmstat jdk.attach jdk.charsets jdk.internal.opt jdk.zipfs jdk.compiler jdk.crypto.ec jdk.crypto.cryptoki jdk.crypto.mscapi jdk.dynalink jdk.internal.ed jdk.editpad jdk.hotspot.agent jdk.httpserver jdk.internal.le jdk.internal.vm.ci jdk.internal.vm.compiler jdk.internal.vm.compiler.management jdk.jartool jdk.javadoc jdk.jcmd jdk.management jdk.management.agent jdk.jconsole jdk.jdeps jdk.jdwp.agent jdk.jdi jdk.jfr jdk.jshell jdk.jsobject jdk.jstatd jdk.localedata jdk.management.jfr jdk.naming.dns jdk.naming.rmi jdk.net jdk.nio.mapmode jdk.random jdk.sctp jdk.security.auth jdk.security.jgss jdk.unsupported jdk.unsupported.desktop jdk.xml.dom" 

Environment Variables:
PATH=C:\Program Files\Microsoft\jdk-25.0.3.9-hotspot\bin;C:\Program Files\Common Files\Oracle\Java\javapath;C:\WINDOWS\system32;C:\WINDOWS;C:\WINDOWS\System32\Wbem;C:\WINDOWS\System32\WindowsPowerShell\v1.0\;C:\WINDOWS\System32\OpenSSH\;C:\WINDOWS\system32;C:\WINDOWS;C:\WINDOWS\System32\Wbem;C:\WINDOWS\System32\WindowsPowerShell\v1.0\;C:\WINDOWS\System32\OpenSSH\;C:\Program Files\Microsoft SQL Server\150\Tools\Binn\;C:\Program Files (x86)\Windows Kits\10\Windows Performance Toolkit\;C:\Program Files\Microsoft SQL Server\170\Tools\Binn\;C:\Program Files\Git\cmd;C:\Users\desau\AppData\Local\Microsoft\WindowsApps;C:\Users\desau\AppData\Local\Programs\Microsoft VS Code\bin
USERNAME=desau
OS=Windows_NT
PROCESSOR_IDENTIFIER=AMD64 Family 23 Model 24 Stepping 1, AuthenticAMD
TMP=C:\Users\desau\AppData\Local\Temp
TEMP=C:\Users\desau\AppData\Local\Temp




Periodic native trim disabled

---------------  S Y S T E M  ---------------

OS:
 Windows 11 , 64 bit Build 26100 (10.0.26100.8737)
OS uptime: 6 days 15:17 hours

CPU: total 4 (initial active 4) (4 cores per cpu, 2 threads per core) family 23 model 24 stepping 1 microcode 0x8108109, cx8, cmov, fxsr, ht, mmx, 3dnowpref, sse, sse2, sse3, ssse3, sse4a, sse4.1, sse4.2, popcnt, lzcnt, tsc, tscinvbit, avx, avx2, aes, clmul, bmi1, bmi2, adx, sha, fma, vzeroupper, clflush, clflushopt, rdtscp, f16c
Processor Information for the first 4 processors :
  Max Mhz: 2600, Current Mhz: 2600, Mhz Limit: 2600

Memory: 4k page, system-wide physical 3463M (250M free)
TotalPageFile size 14215M (AvailPageFile size 1M)
current process WorkingSet (physical memory assigned to process): 12M, peak: 288M
current process commit charge ("private bytes"): 546M, peak: 549M

vm_info: OpenJDK 64-Bit Server VM (21.0.11+10-LTS) for windows-amd64 JRE (21.0.11+10-LTS), built on 2026-04-21T00:00:00Z by "admin" with MS VC++ 17.12 (VS2022)

END.
